Component: ARM Compiler 5.06 update 7 (build 960) Tool: armlink [4d3601]

==============================================================================

Section Cross References

    startup_stm32g431xx.o(STACK) refers (Special) to heapauxi.o(.text) for __use_two_region_memory
    startup_stm32g431xx.o(HEAP) refers (Special) to heapauxi.o(.text) for __use_two_region_memory
    startup_stm32g431xx.o(RESET) refers (Special) to heapauxi.o(.text) for __use_two_region_memory
    startup_stm32g431xx.o(RESET) refers to startup_stm32g431xx.o(STACK) for __initial_sp
    startup_stm32g431xx.o(RESET) refers to startup_stm32g431xx.o(.text) for Reset_Handler
    startup_stm32g431xx.o(RESET) refers to stm32g4xx_it.o(i.NMI_Handler) for NMI_Handler
    startup_stm32g431xx.o(RESET) refers to stm32g4xx_it.o(i.HardFault_Handler) for HardFault_Handler
    startup_stm32g431xx.o(RESET) refers to stm32g4xx_it.o(i.MemManage_Handler) for MemManage_Handler
    startup_stm32g431xx.o(RESET) refers to stm32g4xx_it.o(i.BusFault_Handler) for BusFault_Handler
    startup_stm32g431xx.o(RESET) refers to stm32g4xx_it.o(i.UsageFault_Handler) for UsageFault_Handler
    startup_stm32g431xx.o(RESET) refers to stm32g4xx_it.o(i.SVC_Handler) for SVC_Handler
    startup_stm32g431xx.o(RESET) refers to stm32g4xx_it.o(i.DebugMon_Handler) for DebugMon_Handler
    startup_stm32g431xx.o(RESET) refers to stm32g4xx_it.o(i.PendSV_Handler) for PendSV_Handler
    startup_stm32g431xx.o(RESET) refers to stm32g4xx_it.o(i.SysTick_Handler) for SysTick_Handler
    startup_stm32g431xx.o(RESET) refers to stm32g4xx_it.o(i.DMA1_Channel1_IRQHandler) for DMA1_Channel1_IRQHandler
    startup_stm32g431xx.o(RESET) refers to stm32g4xx_it.o(i.DMA1_Channel2_IRQHandler) for DMA1_Channel2_IRQHandler
    startup_stm32g431xx.o(RESET) refers to stm32g4xx_it.o(i.ADC1_2_IRQHandler) for ADC1_2_IRQHandler
    startup_stm32g431xx.o(RESET) refers to stm32g4xx_it.o(i.EXTI9_5_IRQHandler) for EXTI9_5_IRQHandler
    startup_stm32g431xx.o(RESET) refers to stm32g4xx_it.o(i.DMA2_Channel1_IRQHandler) for DMA2_Channel1_IRQHandler
    startup_stm32g431xx.o(RESET) refers to stm32g4xx_it.o(i.DMA2_Channel2_IRQHandler) for DMA2_Channel2_IRQHandler
    startup_stm32g431xx.o(.text) refers (Special) to heapauxi.o(.text) for __use_two_region_memory
    startup_stm32g431xx.o(.text) refers to system_stm32g4xx.o(i.SystemInit) for SystemInit
    startup_stm32g431xx.o(.text) refers to __main.o(!!!main) for __main
    startup_stm32g431xx.o(.text) refers to startup_stm32g431xx.o(HEAP) for Heap_Mem
    startup_stm32g431xx.o(.text) refers to startup_stm32g431xx.o(STACK) for Stack_Mem
    main.o(i.MX_TIM1_Init) refers to stm32g4xx_ll_tim.o(i.LL_TIM_Init) for LL_TIM_Init
    main.o(i.MX_TIM1_Init) refers to stm32g4xx_ll_tim.o(i.LL_TIM_OC_Init) for LL_TIM_OC_Init
    main.o(i.MX_TIM1_Init) refers to stm32g4xx_ll_tim.o(i.LL_TIM_BDTR_Init) for LL_TIM_BDTR_Init
    main.o(i.MX_TIM1_Init) refers to stm32g4xx_ll_gpio.o(i.LL_GPIO_Init) for LL_GPIO_Init
    main.o(i.MX_TIM1_Init) refers to main.o(.constdata) for .constdata
    main.o(i.SystemClock_Config) refers to stm32g4xx_ll_utils.o(i.LL_Init1msTick) for LL_Init1msTick
    main.o(i.SystemClock_Config) refers to stm32g4xx_ll_utils.o(i.LL_SetSystemCoreClock) for LL_SetSystemCoreClock
    main.o(i.main) refers to main.o(i.SystemClock_Config) for SystemClock_Config
    main.o(i.main) refers to stm32g4xx_ll_gpio.o(i.LL_GPIO_Init) for LL_GPIO_Init
    main.o(i.main) refers to stm32g4xx_ll_exti.o(i.LL_EXTI_Init) for LL_EXTI_Init
    main.o(i.main) refers to stm32g4xx_ll_adc.o(i.LL_ADC_Init) for LL_ADC_Init
    main.o(i.main) refers to stm32g4xx_ll_adc.o(i.LL_ADC_REG_Init) for LL_ADC_REG_Init
    main.o(i.main) refers to stm32g4xx_ll_adc.o(i.LL_ADC_CommonInit) for LL_ADC_CommonInit
    main.o(i.main) refers to stm32g4xx_ll_adc.o(i.LL_ADC_INJ_Init) for LL_ADC_INJ_Init
    main.o(i.main) refers to stm32g4xx_ll_comp.o(i.LL_COMP_Init) for LL_COMP_Init
    main.o(i.main) refers to system_stm32g4xx.o(.data) for SystemCoreClock
    main.o(i.main) refers to stm32g4xx_ll_dac.o(i.LL_DAC_Init) for LL_DAC_Init
    main.o(i.main) refers to stm32g4xx_ll_i2c.o(i.LL_I2C_Init) for LL_I2C_Init
    main.o(i.main) refers to main.o(.constdata) for .constdata
    main.o(i.main) refers to stm32g4xx_ll_spi.o(i.LL_SPI_Init) for LL_SPI_Init
    main.o(i.main) refers to main.o(i.MX_TIM1_Init) for MX_TIM1_Init
    main.o(i.main) refers to stm32g4xx_ll_tim.o(i.LL_TIM_Init) for LL_TIM_Init
    main.o(i.main) refers to stm32g4xx_ll_tim.o(i.LL_TIM_OC_Init) for LL_TIM_OC_Init
    main.o(i.main) refers to stm32g4xx_ll_usart.o(i.LL_USART_Init) for LL_USART_Init
    main.o(i.main) refers to segger_rtt.o(i.SEGGER_RTT_Init) for SEGGER_RTT_Init
    main.o(i.main) refers to mcconfig.o(.data) for frameSendForUSART
    main.o(i.main) refers to mcconfig.o(.bss) for frameReceiveForUSART
    main.o(i.main) refers to main.o(.data) for .data
[...]
    ../clib/angel/handlers.s                 0x00000000   Number         0  __scatter_zi.o ABSOLUTE
    ../clib/angel/kernel.s                   0x00000000   Number         0  rtexit.o ABSOLUTE
    ../clib/angel/kernel.s                   0x00000000   Number         0  __rtentry2.o ABSOLUTE
    ../clib/angel/kernel.s                   0x00000000   Number         0  __rtentry4.o ABSOLUTE
    ../clib/angel/kernel.s                   0x00000000   Number         0  __rtentry.o ABSOLUTE
    ../clib/angel/kernel.s                   0x00000000   Number         0  rtexit2.o ABSOLUTE
    ../clib/angel/rt.s                       0x00000000   Number         0  rt_raise.o ABSOLUTE
    ../clib/angel/rt.s                       0x00000000   Number         0  rt_div0.o ABSOLUTE
    ../clib/angel/rt.s                       0x00000000   Number         0  aeabi_ldiv0_sigfpe.o ABSOLUTE
    ../clib/angel/rt.s                       0x00000000   Number         0  aeabi_ldiv0.o ABSOLUTE
    ../clib/angel/scatter.s                  0x00000000   Number         0  __scatter.o ABSOLUTE
    ../clib/angel/startup.s                  0x00000000   Number         0  __main.o ABSOLUTE
    ../clib/angel/sys.s                      0x00000000   Number         0  sys_stackheap_outer.o ABSOLUTE
    ../clib/angel/sys.s                      0x00000000   Number         0  libspace.o ABSOLUTE
    ../clib/angel/sys.s                      0x00000000   Number         0  use_no_semi.o ABSOLUTE
    ../clib/angel/sys.s                      0x00000000   Number         0  indicate_semi.o ABSOLUTE
    ../clib/angel/sysapp.c                   0x00000000   Number         0  sys_command.o ABSOLUTE
    ../clib/angel/sysapp.c                   0x00000000   Number         0  sys_wrch.o ABSOLUTE
    ../clib/angel/sysapp.c                   0x00000000   Number         0  sys_exit.o ABSOLUTE
    ../clib/armsys.c                         0x00000000   Number         0  no_argv.o ABSOLUTE
    ../clib/armsys.c                         0x00000000   Number         0  _get_argv_nomalloc.o ABSOLUTE
    ../clib/armsys.c                         0x00000000   Number         0  argv_veneer.o ABSOLUTE
    ../clib/armsys.c                         0x00000000   Number         0  argv_veneer.o ABSOLUTE
    ../clib/heapalloc.c                      0x00000000   Number         0  hrguard.o ABSOLUTE
    ../clib/heapaux.c                        0x00000000   Number         0  heapauxi.o ABSOLUTE
    ../clib/libinit.s                        0x00000000   Number         0  libshutdown.o ABSOLUTE
    ../clib/libinit.s                        0x00000000   Number         0  libshutdown2.o ABSOLUTE
    ../clib/libinit.s                        0x00000000   Number         0  libinit.o ABSOLUTE
    ../clib/libinit.s                        0x00000000   Number         0  libinit2.o ABSOLUTE
    ../clib/longlong.s                       0x00000000   Number         0  lludivv7m.o ABSOLUTE
    ../clib/memcpset.s                       0x00000000   Number         0  rt_memcpy_v6.o ABSOLUTE
    ../clib/memcpset.s                       0x00000000   Number         0  rt_memcpy_w.o ABSOLUTE
    ../clib/memcpset.s                       0x00000000   Number         0  rt_memclr_w.o ABSOLUTE
    ../clib/signal.c                         0x00000000   Number         0  defsig_rtmem_outer.o ABSOLUTE
    ../clib/signal.c                         0x00000000   Number         0  defsig_general.o ABSOLUTE
    ../clib/signal.c                         0x00000000   Number         0  defsig_rtmem_inner.o ABSOLUTE
    ../clib/signal.c                         0x00000000   Number         0  defsig_rtred_inner.o ABSOLUTE
    ../clib/signal.c                         0x00000000   Number         0  defsig_abrt_inner.o ABSOLUTE
    ../clib/signal.c                         0x00000000   Number         0  defsig_exit.o ABSOLUTE
    ../clib/signal.c                         0x00000000   Number         0  defsig_fpe_formal.o ABSOLUTE
    ../clib/signal.c                         0x00000000   Number         0  defsig_fpe_outer.o ABSOLUTE
    ../clib/signal.c                         0x00000000   Number         0  defsig_other.o ABSOLUTE
    ../clib/signal.c                         0x00000000   Number         0  defsig_segv_inner.o ABSOLUTE
    ../clib/signal.c                         0x00000000   Number         0  defsig_cppl_inner.o ABSOLUTE
    ../clib/signal.c                         0x00000000   Number         0  __raise.o ABSOLUTE
    ../clib/signal.c                         0x00000000   Number         0  defsig_pvfn_inner.o ABSOLUTE
    ../clib/signal.c                         0x00000000   Number         0  defsig_stak_inner.o ABSOLUTE
    ../clib/signal.c                         0x00000000   Number         0  defsig_rtmem_formal.o ABSOLUTE
    ../clib/signal.c                         0x00000000   Number         0  defsig_fpe_inner.o ABSOLUTE
    ../clib/signal.s                         0x00000000   Number         0  defsig.o ABSOLUTE
    ../clib/stdlib.c                         0x00000000   Number         0  exit.o ABSOLUTE
    ../clib/string.c                         0x00000000   Number         0  strlen.o ABSOLUTE
    ../fplib/fpinit.s                        0x00000000   Number         0  fpinit.o ABSOLUTE
    ..\Core\Src\main.c                       0x00000000   Number         0  main.o ABSOLUTE
    ..\Core\Src\stm32g4xx_it.c               0x00000000   Number         0  stm32g4xx_it.o ABSOLUTE
    ..\Core\Src\system_stm32g4xx.c           0x00000000   Number         0  system_stm32g4xx.o ABSOLUTE
    ..\Drivers\STM32G4xx_HAL_Driver\Src\stm32g4xx_ll_adc.c 0x00000000   Number         0  stm32g4xx_ll_adc.o ABSOLUTE
    ..\Drivers\STM32G4xx_HAL_Driver\Src\stm32g4xx_ll_comp.c 0x00000000   Number         0  stm32g4xx_ll_comp.o ABSOLUTE
    ..\Drivers\STM32G4xx_HAL_Driver\Src\stm32g4xx_ll_cordic.c 0x00000000   Number         0  stm32g4xx_ll_cordic.o ABSOLUTE
    ..\Drivers\STM32G4xx_HAL_Driver\Src\stm32g4xx_ll_crc.c 0x00000000   Number         0  stm32g4xx_ll_crc.o ABSOLUTE
    ..\Drivers\STM32G4xx_HAL_Driver\Src\stm32g4xx_ll_dac.c 0x00000000   Number         0  stm32g4xx_ll_dac.o ABSOLUTE
    ..\Drivers\STM32G4xx_HAL_Driver\Src\stm32g4xx_ll_dma.c 0x00000000   Number         0  stm32g4xx_ll_dma.o ABSOLUTE
    ..\Drivers\STM32G4xx_HAL_Driver\Src\stm32g4xx_ll_exti.c 0x00000000   Number         0  stm32g4xx_ll_exti.o ABSOLUTE
    ..\Drivers\STM32G4xx_HAL_Driver\Src\stm32g4xx_ll_gpio.c 0x00000000   Number         0  stm32g4xx_ll_gpio.o ABSOLUTE
    ..\Drivers\STM32G4xx_HAL_Driver\Src\stm32g4xx_ll_i2c.c 0x00000000   Number         0  stm32g4xx_ll_i2c.o ABSOLUTE
    ..\Drivers\STM32G4xx_HAL_Driver\Src\stm32g4xx_ll_pwr.c 0x00000000   Number         0  stm32g4xx_ll_pwr.o ABSOLUTE
    ..\Drivers\STM32G4xx_HAL_Driver\Src\stm32g4xx_ll_rcc.c 0x00000000   Number         0  stm32g4xx_ll_rcc.o ABSOLUTE
    ..\Drivers\STM32G4xx_HAL_Driver\Src\stm32g4xx_ll_spi.c 0x00000000   Number         0  stm32g4xx_ll_spi.o ABSOLUTE
    ..\Drivers\STM32G4xx_HAL_Driver\Src\stm32g4xx_ll_tim.c 0x00000000   Number         0  stm32g4xx_ll_tim.o ABSOLUTE
    ..\Drivers\STM32G4xx_HAL_Driver\Src\stm32g4xx_ll_usart.c 0x00000000   Number         0  stm32g4xx_ll_usart.o ABSOLUTE
    ..\Drivers\STM32G4xx_HAL_Driver\Src\stm32g4xx_ll_utils.c 0x00000000   Number         0  stm32g4xx_ll_utils.o ABSOLUTE
    ..\FOC\interface\mcConfig.c              0x00000000   Number         0  mcconfig.o ABSOLUTE
    ..\FOC\source\mcHVSensorless.c           0x00000000   Number         0  mchvsensorless.o ABSOLUTE
    ..\FOC\source\mcLVSensorless.c           0x00000000   Number         0  mclvsensorless.o ABSOLUTE
    ..\FOC\source\mcMath.c                   0x00000000   Number         0  mcmath.o ABSOLUTE
    ..\FOC\source\mcParIdentify.c            0x00000000   Number         0  mcparidentify.o ABSOLUTE
    ..\FOC\source\mcSensor.c                 0x00000000   Number         0  mcsensor.o ABSOLUTE
    ..\FOC\source\mcTask.c                   0x00000000   Number         0  mctask.o ABSOLUTE
    ..\FOC\source\mcVar.c                    0x00000000   Number         0  mcvar.o ABSOLUTE
    ..\SEGGER\RTT\SEGGER_RTT.c               0x00000000   Number         0  segger_rtt.o ABSOLUTE
    ..\SEGGER\RTT\SEGGER_RTT_printf.c        0x00000000   Number         0  segger_rtt_printf.o ABSOLUTE
    ..\\FOC\\interface\\mcConfig.c           0x00000000   Number         0  mcconfig.o ABSOLUTE
    arm_common_tables.c                      0x00000000   Number         0  arm_common_tables.o ABSOLUTE
    arm_cos_f32.c                            0x00000000   Number         0  arm_cos_f32.o ABSOLUTE
    arm_sin_f32.c                            0x00000000   Number         0  arm_sin_f32.o ABSOLUTE
    dc.s                                     0x00000000   Number         0  dc.o ABSOLUTE
    startup_stm32g431xx.s                    0x00000000   Number         0  startup_stm32g431xx.o ABSOLUTE
    RESET                                    0x08000000   Section      472  startup_stm32g431xx.o(RESET)
    !!!main                                  0x080001d8   Section        8  __main.o(!!!main)
    !!!scatter                               0x080001e0   Section       52  __scatter.o(!!!scatter)
    !!dczerorl2                              0x08000214   Section       90  __dczerorl2.o(!!dczerorl2)
    !!handler_zi                             0x08000270   Section       28  __scatter_zi.o(!!handler_zi)
    .ARM.Collect$$libinit$$00000000          0x0800028c   Section        2  libinit.o(.ARM.Collect$$libinit$$00000000)
    .ARM.Collect$$libinit$$00000001          0x0800028e   Section        4  libinit2.o(.ARM.Collect$$libinit$$00000001)
    .ARM.Collect$$libinit$$00000004          0x08000292   Section        0  libinit2.o(.ARM.Collect$$libinit$$00000004)
    .ARM.Collect$$libinit$$0000000A          0x08000292   Section        0  libinit2.o(.ARM.Collect$$libinit$$0000000A)
    .ARM.Collect$$libinit$$0000000C          0x08000292   Section        0  libinit2.o(.ARM.Collect$$libinit$$0000000C)
    .ARM.Collect$$libinit$$0000000E          0x08000292   Section        0  libinit2.o(.ARM.Collect$$libinit$$0000000E)
    .ARM.Collect$$libinit$$00000011          0x08000292   Section        0  libinit2.o(.ARM.Collect$$libinit$$00000011)
    .ARM.Collect$$libinit$$00000013          0x08000292   Section        0  libinit2.o(.ARM.Collect$$libinit$$00000013)
    .ARM.Collect$$libinit$$00000015          0x08000292   Section        0  libinit2.o(.ARM.Collect$$libinit$$00000015)
    .ARM.Collect$$libinit$$00000017          0x08000292   Section        0  libinit2.o(.ARM.Collect$$libinit$$00000017)
    .ARM.Collect$$libinit$$00000019          0x08000292   Section        0  libinit2.o(.ARM.Collect$$libinit$$00000019)
    .ARM.Collect$$libinit$$0000001B          0x08000292   Section        0  libinit2.o(.ARM.Collect$$libinit$$0000001B)
    .ARM.Collect$$libinit$$0000001D          0x08000292   Section        0  libinit2.o(.ARM.Collect$$libinit$$0000001D)
    .ARM.Collect$$libinit$$0000001F          0x08000292   Section        0  libinit2.o(.ARM.Collect$$libinit$$0000001F)
    .ARM.Collect$$libinit$$00000021          0x08000292   Section        0  libinit2.o(.ARM.Collect$$libinit$$00000021)
    .ARM.Collect$$libinit$$00000023          0x08000292   Section        0  libinit2.o(.ARM.Collect$$libinit$$00000023)
    .ARM.Collect$$libinit$$00000025          0x08000292   Section        0  libinit2.o(.ARM.Collect$$libinit$$00000025)
    .ARM.Collect$$libinit$$0000002C          0x08000292   Section        0  libinit2.o(.ARM.Collect$$libinit$$0000002C)
    .ARM.Collect$$libinit$$0000002E          0x08000292   Section        0  libinit2.o(.ARM.Collect$$libinit$$0000002E)
    .ARM.Collect$$libinit$$00000030          0x08000292   Section        0  libinit2.o(.ARM.Collect$$libinit$$00000030)
    .ARM.Collect$$libinit$$00000032          0x08000292   Section        0  libinit2.o(.ARM.Collect$$libinit$$00000032)
    .ARM.Collect$$libinit$$00000033          0x08000292   Section        2  libinit2.o(.ARM.Collect$$libinit$$00000033)
    .ARM.Collect$$libshutdown$$00000000      0x08000294   Section        2  libshutdown.o(.ARM.Collect$$libshutdown$$00000000)
    .ARM.Collect$$libshutdown$$00000002      0x08000296   Section        0  libshutdown2.o(.ARM.Collect$$libshutdown$$00000002)
    .ARM.Collect$$libshutdown$$00000004      0x08000296   Section        0  libshutdown2.o(.ARM.Collect$$libshutdown$$00000004)
    .ARM.Collect$$libshutdown$$00000006      0x08000296   Section        0  libshutdown2.o(.ARM.Collect$$libshutdown$$00000006)
    .ARM.Collect$$libshutdown$$00000009      0x08000296   Section        0  libshutdown2.o(.ARM.Collect$$libshutdown$$00000009)
    .ARM.Collect$$libshutdown$$0000000C      0x08000296   Section        0  libshutdown2.o(.ARM.Collect$$libshutdown$$0000000C)
    .ARM.Collect$$libshutdown$$0000000E      0x08000296   Section        0  libshutdown2.o(.ARM.Collect$$libshutdown$$0000000E)
    .ARM.Collect$$libshutdown$$00000011      0x08000296   Section        0  libshutdown2.o(.ARM.Collect$$libshutdown$$00000011)
    .ARM.Collect$$libshutdown$$00000012      0x08000296   Section        2  libshutdown2.o(.ARM.Collect$$libshutdown$$00000012)
    .ARM.Collect$$rtentry$$00000000          0x08000298   Section        0  __rtentry.o(.ARM.Collect$$rtentry$$00000000)
    .ARM.Collect$$rtentry$$00000002          0x08000298   Section        0  __rtentry2.o(.ARM.Collect$$rtentry$$00000002)
    .ARM.Collect$$rtentry$$00000004          0x08000298   Section        6  __rtentry4.o(.ARM.Collect$$rtentry$$00000004)
    .ARM.Collect$$rtentry$$00000009          0x0800029e   Section        0  __rtentry2.o(.ARM.Collect$$rtentry$$00000009)
    .ARM.Collect$$rtentry$$0000000A          0x0800029e   Section        4  __rtentry2.o(.ARM.Collect$$rtentry$$0000000A)
    .ARM.Collect$$rtentry$$0000000C          0x080002a2   Section        0  __rtentry2.o(.ARM.Collect$$rtentry$$0000000C)
    .ARM.Collect$$rtentry$$0000000D          0x080002a2   Section        8  __rtentry2.o(.ARM.Collect$$rtentry$$0000000D)
    .ARM.Collect$$rtexit$$00000000           0x080002aa   Section        2  rtexit.o(.ARM.Collect$$rtexit$$00000000)
    .ARM.Collect$$rtexit$$00000002           0x080002ac   Section        0  rtexit2.o(.ARM.Collect$$rtexit$$00000002)
    .ARM.Collect$$rtexit$$00000003           0x080002ac   Section        4  rtexit2.o(.ARM.Collect$$rtexit$$00000003)
    .ARM.Collect$$rtexit$$00000004           0x080002b0   Section        6  rtexit2.o(.ARM.Collect$$rtexit$$00000004)
    .text                                    0x080002b8   Section       64  startup_stm32g431xx.o(.text)
    $v0                                      0x080002b8   Number         0  startup_stm32g431xx.o(.text)
    .text                                    0x080002f8   Section      238  lludivv7m.o(.text)
    .text                                    0x080003e6   Section      138  rt_memcpy_v6.o(.text)
    .text                                    0x08000470   Section       78  rt_memclr_w.o(.text)
    .text                                    0x080004be   Section        0  heapauxi.o(.text)
    .text                                    0x080004c4   Section      100  rt_memcpy_w.o(.text)
    .text                                    0x08000528   Section       74  sys_stackheap_outer.o(.text)
    .text                                    0x08000572   Section        0  exit.o(.text)
    .text                                    0x08000584   Section        8  libspace.o(.text)
    .text                                    0x0800058c   Section        0  sys_exit.o(.text)
    .text                                    0x08000598   Section        2  use_no_semi.o(.text)
    .text                                    0x0800059a   Section        0  indicate_semi.o(.text)
    [Anonymous Symbol]                       0x0800059c   Section        0  arm_cos_f32.o(.text.arm_cos_f32)
    [Anonymous Symbol]                       0x0800063c   Section        0  arm_sin_f32.o(.text.arm_sin_f32)
    i.ADC1_2_IRQHandler                      0x080006d4   Section        0  stm32g4xx_it.o(i.ADC1_2_IRQHandler)
    i.Abc_AlphaBeta_Trans                    0x080006f8   Section        0  mcmath.o(i.Abc_AlphaBeta_Trans)
    i.AlphaBeta_Dq_Trans                     0x0800071c   Section        0  mcmath.o(i.AlphaBeta_Dq_Trans)
    i.BusFault_Handler                       0x0800074e   Section        0  stm32g4xx_it.o(i.BusFault_Handler)
    i.CalculateSinCosValue                   0x08000750   Section        0  mcmath.o(i.CalculateSinCosValue)
    i.CurrentPIController                    0x08000754   Section        0  mctask.o(i.CurrentPIController)
    i.DMA1_Channel1_IRQHandler               0x08000884   Section        0  stm32g4xx_it.o(i.DMA1_Channel1_IRQHandler)
    i.DMA1_Channel2_IRQHandler               0x08000886   Section        0  stm32g4xx_it.o(i.DMA1_Channel2_IRQHandler)
    i.DMA2_Channel1_IRQHandler               0x08000888   Section        0  stm32g4xx_it.o(i.DMA2_Channel1_IRQHandler)
    i.DMA2_Channel2_IRQHandler               0x0800088a   Section        0  stm32g4xx_it.o(i.DMA2_Channel2_IRQHandler)
    i.DebugMon_Handler                       0x0800088c   Section        0  stm32g4xx_it.o(i.DebugMon_Handler)
    i.Dq_AlphaBeta_Trans                     0x0800088e   Section        0  mcmath.o(i.Dq_AlphaBeta_Trans)
    i.EXTI9_5_IRQHandler                     0x080008c0   Section        0  stm32g4xx_it.o(i.EXTI9_5_IRQHandler)
    i.FOC_Method_HFPI_WithoutNS              0x08000904   Section        0  mctask.o(i.FOC_Method_HFPI_WithoutNS)
    i.FOC_Method_IF_Luenberger               0x08000a04   Section        0  mctask.o(i.FOC_Method_IF_Luenberger)
    i.FOC_Method_IF_Luenberger_Debug         0x08000c7c   Section        0  mctask.o(i.FOC_Method_IF_Luenberger_Debug)
    i.FOC_Method_IncABZ                      0x08000f20   Section        0  mctask.o(i.FOC_Method_IncABZ)
    i.FOC_Method_NonlinearFlux               0x08001104   Section        0  mctask.o(i.FOC_Method_NonlinearFlux)
    i.FOC_Method_NonlinearFlux_Debug         0x0800126c   Section        0  mctask.o(i.FOC_Method_NonlinearFlux_Debug)
    i.FOC_Method_ParIdentify                 0x080014c4   Section        0  mctask.o(i.FOC_Method_ParIdentify)
    i.FastSquareRoot                         0x08001614   Section        0  mcmath.o(i.FastSquareRoot)
    i.HFPISensorlessObserver                 0x08001618   Section        0  mclvsensorless.o(i.HFPISensorlessObserver)
    i.HardFault_Handler                      0x08001908   Section        0  stm32g4xx_it.o(i.HardFault_Handler)
    i.Hardware_FastSquareRoot                0x0800190c   Section        0  mcconfig.o(i.Hardware_FastSquareRoot)
    i.Hardware_ForceSwitchOnAllLowSides      0x08001928   Section        0  mcconfig.o(i.Hardware_ForceSwitchOnAllLowSides)
    i.Hardware_GetABZCounter                 0x08001970   Section        0  mcconfig.o(i.Hardware_GetABZCounter)
    i.Hardware_GetBusVoltage                 0x0800197c   Section        0  mcconfig.o(i.Hardware_GetBusVoltage)
    i.Hardware_GetPulseCounter               0x08001a00   Section        0  mcconfig.o(i.Hardware_GetPulseCounter)
    i.Hardware_GetSinCosVal                  0x08001a0c   Section        0  mcconfig.o(i.Hardware_GetSinCosVal)
    i.Hardware_MCStartOrStop                 0x08001a34   Section        0  mcconfig.o(i.Hardware_MCStartOrStop)
    i.Hardware_PerformanceTaskEvent          0x08001a6c   Section        0  mcconfig.o(i.Hardware_PerformanceTaskEvent)
    i.Hardware_ResetAllLowSides              0x08001b08   Section        0  mcconfig.o(i.Hardware_ResetAllLowSides)
    i.Hardware_SafatyTaskEvent               0x08001b50   Section        0  mcconfig.o(i.Hardware_SafatyTaskEvent)
    i.Hardware_SetCCR                        0x08001d18   Section        0  mcconfig.o(i.Hardware_SetCCR)
    i.Hardware_SetPulseCounter               0x08001d28   Section        0  mcconfig.o(i.Hardware_SetPulseCounter)
    i.Hardware_StartPWM                      0x08001d34   Section        0  mcconfig.o(i.Hardware_StartPWM)
    i.Hardware_StopPWM                       0x08001d80   Section        0  mcconfig.o(i.Hardware_StopPWM)
    i.Hardwarre_SetABZCounter                0x08001dcc   Section        0  mcconfig.o(i.Hardwarre_SetABZCounter)
    i.Harware_GetCurrentAB                   0x08001dd8   Section        0  mcconfig.o(i.Harware_GetCurrentAB)
    i.IncAbzCalculateRealEleAngle            0x08001e7c   Section        0  mcsensor.o(i.IncAbzCalculateRealEleAngle)
    i.IncAbzCalculateRealEleSpeed            0x08001eb0   Section        0  mcsensor.o(i.IncAbzCalculateRealEleSpeed)
    i.LL_ADC_CommonInit                      0x08001ff4   Section        0  stm32g4xx_ll_adc.o(i.LL_ADC_CommonInit)
    i.LL_ADC_INJ_Init                        0x08002048   Section        0  stm32g4xx_ll_adc.o(i.LL_ADC_INJ_Init)
    i.LL_ADC_Init                            0x0800209a   Section        0  stm32g4xx_ll_adc.o(i.LL_ADC_Init)
    i.LL_ADC_REG_Init                        0x080020cc   Section        0  stm32g4xx_ll_adc.o(i.LL_ADC_REG_Init)
    i.LL_COMP_Init                           0x08002138   Section        0  stm32g4xx_ll_comp.o(i.LL_COMP_Init)
    i.LL_DAC_Init                            0x08002178   Section        0  stm32g4xx_ll_dac.o(i.LL_DAC_Init)
    i.LL_EXTI_Init                           0x08002250   Section        0  stm32g4xx_ll_exti.o(i.LL_EXTI_Init)
    i.LL_GPIO_Init                           0x08002404   Section        0  stm32g4xx_ll_gpio.o(i.LL_GPIO_Init)
    i.LL_I2C_Init                            0x08002556   Section        0  stm32g4xx_ll_i2c.o(i.LL_I2C_Init)
    i.LL_Init1msTick                         0x080025c4   Section        0  stm32g4xx_ll_utils.o(i.LL_Init1msTick)
    i.LL_RCC_GetUARTClockFreq                0x080025e0   Section        0  stm32g4xx_ll_rcc.o(i.LL_RCC_GetUARTClockFreq)
    i.LL_RCC_GetUSARTClockFreq               0x08002668   Section        0  stm32g4xx_ll_rcc.o(i.LL_RCC_GetUSARTClockFreq)
    i.LL_SPI_Init                            0x08002790   Section        0  stm32g4xx_ll_spi.o(i.LL_SPI_Init)
    i.LL_SetSystemCoreClock                  0x0800280c   Section        0  stm32g4xx_ll_utils.o(i.LL_SetSystemCoreClock)
    i.LL_TIM_BDTR_Init                       0x08002818   Section        0  stm32g4xx_ll_tim.o(i.LL_TIM_BDTR_Init)
    i.LL_TIM_Init                            0x08002890   Section        0  stm32g4xx_ll_tim.o(i.LL_TIM_Init)
    i.LL_TIM_OC_Init                         0x08002940   Section        0  stm32g4xx_ll_tim.o(i.LL_TIM_OC_Init)
    i.LL_TIM_OC_SetMode                      0x08002c94   Section        0  mcconfig.o(i.LL_TIM_OC_SetMode)
    LL_TIM_OC_SetMode                        0x08002c95   Thumb Code   116  mcconfig.o(i.LL_TIM_OC_SetMode)
    i.LL_USART_Init                          0x08002d14   Section        0  stm32g4xx_ll_usart.o(i.LL_USART_Init)
    i.MCParIdentify_Rs_Ls                    0x08002e04   Section        0  mcparidentify.o(i.MCParIdentify_Rs_Ls)
    i.MX_TIM1_Init                           0x080030d4   Section        0  main.o(i.MX_TIM1_Init)
    MX_TIM1_Init                             0x080030d5   Thumb Code   730  main.o(i.MX_TIM1_Init)
    i.MedianFilter                           0x080033cc   Section        0  mcmath.o(i.MedianFilter)
    i.MemManage_Handler                      0x08003430   Section        0  stm32g4xx_it.o(i.MemManage_Handler)
    i.NMI_Handler                            0x08003432   Section        0  stm32g4xx_it.o(i.NMI_Handler)
    i.NonlinearFluxObsProcess                0x08003434   Section        0  mchvsensorless.o(i.NonlinearFluxObsProcess)
    i.PendSV_Handler                         0x0800359c   Section        0  stm32g4xx_it.o(i.PendSV_Handler)
    i.PerformanceCriticalTask                0x080035a0   Section        0  mctask.o(i.PerformanceCriticalTask)
    i.RCC_GetSystemClockFreq                 0x080036a8   Section        0  stm32g4xx_ll_rcc.o(i.RCC_GetSystemClockFreq)
    RCC_GetSystemClockFreq                   0x080036a9   Thumb Code    88  stm32g4xx_ll_rcc.o(i.RCC_GetSystemClockFreq)
    i.SEGGER_RTT_Init                        0x0800370c   Section        0  segger_rtt.o(i.SEGGER_RTT_Init)
    i.SEGGER_RTT_WriteNoLock                 0x08003710   Section        0  segger_rtt.o(i.SEGGER_RTT_WriteNoLock)
    i.SVC_Handler                            0x080037c0   Section        0  stm32g4xx_it.o(i.SVC_Handler)
    i.SafetyTask                             0x080037c4   Section        0  mctask.o(i.SafetyTask)
    i.SectorCalModeSvpwm                     0x080039b8   Section        0  mctask.o(i.SectorCalModeSvpwm)
    i.SpeedPIController                      0x08003be8   Section        0  mctask.o(i.SpeedPIController)
    i.SysTick_Handler                        0x08003c94   Section        0  stm32g4xx_it.o(i.SysTick_Handler)
    i.SystemClock_Config                     0x08003c98   Section        0  main.o(i.SystemClock_Config)
    i.SystemInit                             0x08003d7c   Section        0  system_stm32g4xx.o(i.SystemInit)
    i.UsageFault_Handler                     0x08003d8c   Section        0  stm32g4xx_it.o(i.UsageFault_Handler)
    i._DoInit                                0x08003d90   Section        0  segger_rtt.o(i._DoInit)
    _DoInit                                  0x08003d91   Thumb Code    90  segger_rtt.o(i._DoInit)
    i._WriteBlocking                         0x08003e00   Section        0  segger_rtt.o(i._WriteBlocking)
    _WriteBlocking                           0x08003e01   Thumb Code    88  segger_rtt.o(i._WriteBlocking)
    i.atan2Rad                               0x08003e58   Section        0  mcmath.o(i.atan2Rad)
    i.main                                   0x08003f6c   Section        0  main.o(i.main)
    i.reset_All                              0x080058ac   Section        0  mcvar.o(i.reset_All)
    i.reset_CurrentPICHandler                0x08005b04   Section        0  mcvar.o(i.reset_CurrentPICHandler)
    i.reset_HFPIHandler                      0x08005b20   Section        0  mcvar.o(i.reset_HFPIHandler)
    i.reset_HFSIHandler                      0x08005ba0   Section        0  mcvar.o(i.reset_HFSIHandler)
    i.reset_IncABZHandler                    0x08005c2c   Section        0  mcvar.o(i.reset_IncABZHandler)
    x$fpl$fpinit                             0x08005cdc   Section       10  fpinit.o(x$fpl$fpinit)
    $v0                                      0x08005cdc   Number         0  fpinit.o(x$fpl$fpinit)
    .constdata                               0x08005ce6   Section       46  main.o(.constdata)
    CHANNEL_OFFSET_TAB                       0x08005ce6   Data           6  main.o(.constdata)
    OFFSET_TAB_CCMRx                         0x08005cec   Data          10  main.o(.constdata)
    SHIFT_TAB_OCxx                           0x08005cf6   Data          10  main.o(.constdata)
    SHIFT_TAB_ICxx                           0x08005d00   Data          10  main.o(.constdata)
    SHIFT_TAB_CCxP                           0x08005d0a   Data          10  main.o(.constdata)
    .constdata                               0x08005d14   Section       48  stm32g4xx_ll_usart.o(.constdata)
    USART_PRESCALER_TAB                      0x08005d14   Data          48  stm32g4xx_ll_usart.o(.constdata)
    .constdata                               0x08005d44   Section       16  system_stm32g4xx.o(.constdata)
    .constdata                               0x08005d54   Section        8  system_stm32g4xx.o(.constdata)
    .constdata                               0x08005d5c   Section       32  mcconfig.o(.constdata)
    CHANNEL_OFFSET_TAB                       0x08005d62   Data           6  mcconfig.o(.constdata)
    OFFSET_TAB_CCMRx                         0x08005d68   Data          10  mcconfig.o(.constdata)
    SHIFT_TAB_OCxx                           0x08005d72   Data          10  mcconfig.o(.constdata)
    .constdata                               0x08005d7c   Section     1020  mcmath.o(.constdata)
    tableData_c                              0x08005d7c   Data        1020  mcmath.o(.constdata)
    .constdata                               0x08006178   Section       17  segger_rtt.o(.constdata)
    _aInitStr                                0x08006178   Data          17  segger_rtt.o(.constdata)
    .data                                    0x20000000   Section        2  main.o(.data)
    .data                                    0x20000004   Section        4  system_stm32g4xx.o(.data)
    .data                                    0x20000008   Section       36  mcconfig.o(.data)
    isStart                                  0x20000008   Data           1  mcconfig.o(.data)
    index                                    0x2000000a   Data           2  mcconfig.o(.data)
    cnt                                      0x2000000c   Data           2  mcconfig.o(.data)
    key3Cnt                                  0x2000000e   Data           2  mcconfig.o(.data)
    timeBase                                 0x20000010   Data           4  mcconfig.o(.data)
    ab                                       0x20000014   Data           8  mcconfig.o(.data)
    .data                                    0x20000030   Section       16  mctask.o(.data)
    polarity                                 0x20000030   Data           4  mctask.o(.data)
    sysRunTimeCnt                            0x20000038   Data           8  mctask.o(.data)
    .data                                    0x20000040   Section       56  mcparidentify.o(.data)
    out1                                     0x20000040   Data           4  mcparidentify.o(.data)
    out2                                     0x20000044   Data           4  mcparidentify.o(.data)
    in1                                      0x20000048   Data           4  mcparidentify.o(.data)
    nums                                     0x2000004c   Data           4  mcparidentify.o(.data)
    out2                                     0x20000050   Data           8  mcparidentify.o(.data)
    out1                                     0x20000058   Data           8  mcparidentify.o(.data)
    out0                                     0x20000060   Data           8  mcparidentify.o(.data)
    in1                                      0x20000068   Data           8  mcparidentify.o(.data)
    totalSquare                              0x20000070   Data           8  mcparidentify.o(.data)
    .data                                    0x20000078   Section       40  mcvar.o(.data)
    .data                                    0x200000a0   Section        4  mcvar.o(.data)
    .data                                    0x200000a4   Section        4  mcvar.o(.data)
    .data                                    0x200000a8   Section        4  mcvar.o(.data)
    .data                                    0x200000ac   Section        4  mcvar.o(.data)
    .data                                    0x200000b0   Section        4  mcvar.o(.data)
    .data                                    0x200000b4   Section        4  mcvar.o(.data)
    .data                                    0x200000b8   Section        4  mcvar.o(.data)
    .data                                    0x200000bc   Section        4  mcvar.o(.data)
    .data                                    0x200000c0   Section        4  mcvar.o(.data)
    .data                                    0x200000c4   Section        4  mcvar.o(.data)
    .data                                    0x200000c8   Section        4  mcvar.o(.data)
    .data                                    0x200000cc   Section       80  mclvsensorless.o(.data)
    errInt0                                  0x200000cc   Data           4  mclvsensorless.o(.data)
    errInt1                                  0x200000d0   Data           4  mclvsensorless.o(.data)
    out1                                     0x200000d4   Data           8  mclvsensorless.o(.data)
    out2                                     0x200000dc   Data           8  mclvsensorless.o(.data)
    in1                                      0x200000e4   Data           8  mclvsensorless.o(.data)
    out1                                     0x200000ec   Data           8  mclvsensorless.o(.data)
    out2                                     0x200000f4   Data           8  mclvsensorless.o(.data)
    in1                                      0x200000fc   Data           8  mclvsensorless.o(.data)
    out1                                     0x20000104   Data           8  mclvsensorless.o(.data)
    out2                                     0x2000010c   Data           8  mclvsensorless.o(.data)
    in1                                      0x20000114   Data           8  mclvsensorless.o(.data)
    .data                                    0x2000011c   Section       16  mcsensor.o(.data)
    speedSta                                 0x2000011c   Data           1  mcsensor.o(.data)
    eleSpeed                                 0x20000120   Data           4  mcsensor.o(.data)
    calFactor                                0x20000124   Data           4  mcsensor.o(.data)
    difEncoderCnt                            0x20000128   Data           4  mcsensor.o(.data)
    .bss                                     0x2000012c   Section      140  mcconfig.o(.bss)
    .bss                                     0x200001b8   Section      840  mctask.o(.bss)
    adcOffsetFilterA                         0x200001b8   Data         400  mctask.o(.bss)
    adcOffsetFilterB                         0x20000348   Data         400  mctask.o(.bss)
    busFilter                                0x200004d8   Data          40  mctask.o(.bss)
    .bss                                     0x20000500   Section      684  mcvar.o(.bss)
    .bss                                     0x200007ac   Section     1208  segger_rtt.o(.bss)
    _acUpBuffer                              0x20000854   Data        1024  segger_rtt.o(.bss)
    _acDownBuffer                            0x20000c54   Data          16  segger_rtt.o(.bss)
    .bss                                     0x20000c64   Section       96  libspace.o(.bss)
    HEAP                                     0x20000cc8   Section      512  startup_stm32g431xx.o(HEAP)
    Heap_Mem                                 0x20000cc8   Data         512  startup_stm32g431xx.o(HEAP)
    STACK                                    0x20000ec8   Section     1024  startup_stm32g431xx.o(STACK)
    Stack_Mem                                0x20000ec8   Data        1024  startup_stm32g431xx.o(STACK)
    __initial_sp                             0x200012c8   Data           0  startup_stm32g431xx.o(STACK)

    Global Symbols

    Symbol Name                              Value     Ov Type        Size  Object(Section)

    BuildAttributes$$THM_ISAv4$E$P$D$K$B$S$7EM$VFPi3$EXTD16$VFPS$VFMA$PE$A:L22UL41UL21$X:L11$S22US41US21$IEEE1$IW$USESV6$~STKCKD$USESV7$~SHL$OTIME$ROPI$EBA8$UX$STANDARDLIB$REQ8$PRES8$EABIv2 0x00000000   Number         0  anon$$obj.o ABSOLUTE
    __ARM_use_no_argv                        0x00000000   Number         0  main.o ABSOLUTE
    __ARM_exceptions_init                     - Undefined Weak Reference
    __alloca_initialize                       - Undefined Weak Reference
    __arm_fini_                               - Undefined Weak Reference
    __arm_preinit_                            - Undefined Weak Reference
    __cpp_initialize__aeabi_                  - Undefined Weak Reference
    __cxa_finalize                            - Undefined Weak Reference
    __rt_locale                               - Undefined Weak Reference
    __sigvec_lookup                           - Undefined Weak Reference
    _atexit_init                              - Undefined Weak Reference
    _call_atexit_fns                          - Undefined Weak Reference
    _clock_init                               - Undefined Weak Reference
    _fp_trap_init                             - Undefined Weak Reference
    _fp_trap_shutdown                         - Undefined Weak Reference
    _get_lc_collate                           - Undefined Weak Reference
    _get_lc_ctype                             - Undefined Weak Reference
    _get_lc_monetary                          - Undefined Weak Reference
    _get_lc_numeric                           - Undefined Weak Reference
    _get_lc_time                              - Undefined Weak Reference
    _getenv_init                              - Undefined Weak Reference
    _handle_redirection                       - Undefined Weak Reference
    _init_alloc                               - Undefined Weak Reference
    _init_user_alloc                          - Undefined Weak Reference
    _initio                                   - Undefined Weak Reference
    _rand_init                                - Undefined Weak Reference
    _signal_finish                            - Undefined Weak Reference
    _signal_init                              - Undefined Weak Reference
    _terminate_alloc                          - Undefined Weak Reference
    _terminate_user_alloc                     - Undefined Weak Reference
    _terminateio                              - Undefined Weak Reference
    __Vectors_Size                           0x000001d8   Number         0  startup_stm32g431xx.o ABSOLUTE
    __Vectors                                0x08000000   Data           4  startup_stm32g431xx.o(RESET)
    __Vectors_End                            0x080001d8   Data           0  startup_stm32g431xx.o(RESET)
    __main                                   0x080001d9   Thumb Code     8  __main.o(!!!main)
    __scatterload                            0x080001e1   Thumb Code     0  __scatter.o(!!!scatter)
    __scatterload_rt2                        0x080001e1   Thumb Code    44  __scatter.o(!!!scatter)
    __scatterload_rt2_thumb_only             0x080001e1   Thumb Code     0  __scatter.o(!!!scatter)
    __scatterload_null                       0x080001ef   Thumb Code     0  __scatter.o(!!!scatter)
    __decompress                             0x08000215   Thumb Code    90  __dczerorl2.o(!!dczerorl2)
    __decompress1                            0x08000215   Thumb Code     0  __dczerorl2.o(!!dczerorl2)
    __scatterload_zeroinit                   0x08000271   Thumb Code    28  __scatter_zi.o(!!handler_zi)
    __rt_lib_init                            0x0800028d   Thumb Code     0  libinit.o(.ARM.Collect$$libinit$$00000000)
    __rt_lib_init_fp_1                       0x0800028f   Thumb Code     0  libinit2.o(.ARM.Collect$$libinit$$00000001)
    __rt_lib_init_alloca_1                   0x08000293   Thumb Code     0  libinit2.o(.ARM.Collect$$libinit$$0000002E)
    __rt_lib_init_argv_1                     0x08000293   Thumb Code     0  libinit2.o(.ARM.Collect$$libinit$$0000002C)
    __rt_lib_init_atexit_1                   0x08000293   Thumb Code     0  libinit2.o(.ARM.Collect$$libinit$$0000001B)
    __rt_lib_init_clock_1                    0x08000293   Thumb Code     0  libinit2.o(.ARM.Collect$$libinit$$00000021)
    __rt_lib_init_cpp_1                      0x08000293   Thumb Code     0  libinit2.o(.ARM.Collect$$libinit$$00000032)
    __rt_lib_init_exceptions_1               0x08000293   Thumb Code     0  libinit2.o(.ARM.Collect$$libinit$$00000030)
    __rt_lib_init_fp_trap_1                  0x08000293   Thumb Code     0  libinit2.o(.ARM.Collect$$libinit$$0000001F)
    __rt_lib_init_getenv_1                   0x08000293   Thumb Code     0  libinit2.o(.ARM.Collect$$libinit$$00000023)
    __rt_lib_init_heap_1                     0x08000293   Thumb Code     0  libinit2.o(.ARM.Collect$$libinit$$0000000A)
    __rt_lib_init_lc_collate_1               0x08000293   Thumb Code     0  libinit2.o(.ARM.Collect$$libinit$$00000011)
    __rt_lib_init_lc_ctype_1                 0x08000293   Thumb Code     0  libinit2.o(.ARM.Collect$$libinit$$00000013)
    __rt_lib_init_lc_monetary_1              0x08000293   Thumb Code     0  libinit2.o(.ARM.Collect$$libinit$$00000015)
    __rt_lib_init_lc_numeric_1               0x08000293   Thumb Code     0  libinit2.o(.ARM.Collect$$libinit$$00000017)
    __rt_lib_init_lc_time_1                  0x08000293   Thumb Code     0  libinit2.o(.ARM.Collect$$libinit$$00000019)
    __rt_lib_init_preinit_1                  0x08000293   Thumb Code     0  libinit2.o(.ARM.Collect$$libinit$$00000004)
    __rt_lib_init_rand_1                     0x08000293   Thumb Code     0  libinit2.o(.ARM.Collect$$libinit$$0000000E)
    __rt_lib_init_return                     0x08000293   Thumb Code     0  libinit2.o(.ARM.Collect$$libinit$$00000033)
    __rt_lib_init_signal_1                   0x08000293   Thumb Code     0  libinit2.o(.ARM.Collect$$libinit$$0000001D)
    __rt_lib_init_stdio_1                    0x08000293   Thumb Code     0  libinit2.o(.ARM.Collect$$libinit$$00000025)
    __rt_lib_init_user_alloc_1               0x08000293   Thumb Code     0  libinit2.o(.ARM.Collect$$libinit$$0000000C)
    __rt_lib_shutdown                        0x08000295   Thumb Code     0  libshutdown.o(.ARM.Collect$$libshutdown$$00000000)
    __rt_lib_shutdown_cpp_1                  0x08000297   Thumb Code     0  libshutdown2.o(.ARM.Collect$$libshutdown$$00000004)
    __rt_lib_shutdown_fini_1                 0x08000297   Thumb Code     0  libshutdown2.o(.ARM.Collect$$libshutdown$$00000002)
    __rt_lib_shutdown_fp_trap_1              0x08000297   Thumb Code     0  libshutdown2.o(.ARM.Collect$$libshutdown$$00000009)
    __rt_lib_shutdown_heap_1                 0x08000297   Thumb Code     0  libshutdown2.o(.ARM.Collect$$libshutdown$$00000011)
    __rt_lib_shutdown_return                 0x08000297   Thumb Code     0  libshutdown2.o(.ARM.Collect$$libshutdown$$00000012)
    __rt_lib_shutdown_signal_1               0x08000297   Thumb Code     0  libshutdown2.o(.ARM.Collect$$libshutdown$$0000000C)
    __rt_lib_shutdown_stdio_1                0x08000297   Thumb Code     0  libshutdown2.o(.ARM.Collect$$libshutdown$$00000006)
    __rt_lib_shutdown_user_alloc_1           0x08000297   Thumb Code     0  libshutdown2.o(.ARM.Collect$$libshutdown$$0000000E)
    __rt_entry                               0x08000299   Thumb Code     0  __rtentry.o(.ARM.Collect$$rtentry$$00000000)
    __rt_entry_presh_1                       0x08000299   Thumb Code     0  __rtentry2.o(.ARM.Collect$$rtentry$$00000002)
    __rt_entry_sh                            0x08000299   Thumb Code     0  __rtentry4.o(.ARM.Collect$$rtentry$$00000004)
    __rt_entry_li                            0x0800029f   Thumb Code     0  __rtentry2.o(.ARM.Collect$$rtentry$$0000000A)
    __rt_entry_postsh_1                      0x0800029f   Thumb Code     0  __rtentry2.o(.ARM.Collect$$rtentry$$00000009)
    __rt_entry_main                          0x080002a3   Thumb Code     0  __rtentry2.o(.ARM.Collect$$rtentry$$0000000D)
    __rt_entry_postli_1                      0x080002a3   Thumb Code     0  __rtentry2.o(.ARM.Collect$$rtentry$$0000000C)
    __rt_exit                                0x080002ab   Thumb Code     0  rtexit.o(.ARM.Collect$$rtexit$$00000000)
    __rt_exit_ls                             0x080002ad   Thumb Code     0  rtexit2.o(.ARM.Collect$$rtexit$$00000003)
    __rt_exit_prels_1                        0x080002ad   Thumb Code     0  rtexit2.o(.ARM.Collect$$rtexit$$00000002)
    __rt_exit_exit                           0x080002b1   Thumb Code     0  rtexit2.o(.ARM.Collect$$rtexit$$00000004)
    Reset_Handler                            0x080002b9   Thumb Code     8  startup_stm32g431xx.o(.text)
    COMP1_2_3_IRQHandler                     0x080002d3   Thumb Code     0  startup_stm32g431xx.o(.text)
    COMP4_IRQHandler                         0x080002d3   Thumb Code     0  startup_stm32g431xx.o(.text)
    CORDIC_IRQHandler                        0x080002d3   Thumb Code     0  startup_stm32g431xx.o(.text)
    CRS_IRQHandler                           0x080002d3   Thumb Code     0  startup_stm32g431xx.o(.text)
    DMA1_Channel3_IRQHandler                 0x080002d3   Thumb Code     0  startup_stm32g431xx.o(.text)
    DMA1_Channel4_IRQHandler                 0x080002d3   Thumb Code     0  startup_stm32g431xx.o(.text)
    DMA1_Channel5_IRQHandler                 0x080002d3   Thumb Code     0  startup_stm32g431xx.o(.text)
    DMA1_Channel6_IRQHandler                 0x080002d3   Thumb Code     0  startup_stm32g431xx.o(.text)
    DMA2_Channel3_IRQHandler                 0x080002d3   Thumb Code     0  startup_stm32g431xx.o(.text)
    DMA2_Channel4_IRQHandler                 0x080002d3   Thumb Code     0  startup_stm32g431xx.o(.text)
    DMA2_Channel5_IRQHandler                 0x080002d3   Thumb Code     0  startup_stm32g431xx.o(.text)
    DMA2_Channel6_IRQHandler                 0x080002d3   Thumb Code     0  startup_stm32g431xx.o(.text)
    DMAMUX_OVR_IRQHandler                    0x080002d3   Thumb Code     0  startup_stm32g431xx.o(.text)
    EXTI0_IRQHandler                         0x080002d3   Thumb Code     0  startup_stm32g431xx.o(.text)
    EXTI15_10_IRQHandler                     0x080002d3   Thumb Code     0  startup_stm32g431xx.o(.text)
    EXTI1_IRQHandler                         0x080002d3   Thumb Code     0  startup_stm32g431xx.o(.text)
    EXTI2_IRQHandler                         0x080002d3   Thumb Code     0  startup_stm32g431xx.o(.text)
    EXTI3_IRQHandler                         0x080002d3   Thumb Code     0  startup_stm32g431xx.o(.text)
    EXTI4_IRQHandler                         0x080002d3   Thumb Code     0  startup_stm32g431xx.o(.text)
    FDCAN1_IT0_IRQHandler                    0x080002d3   Thumb Code     0  startup_stm32g431xx.o(.text)
    FDCAN1_IT1_IRQHandler                    0x080002d3   Thumb Code     0  startup_stm32g431xx.o(.text)
    FLASH_IRQHandler                         0x080002d3   Thumb Code     0  startup_stm32g431xx.o(.text)
    FMAC_IRQHandler                          0x080002d3   Thumb Code     0  startup_stm32g431xx.o(.text)
    FPU_IRQHandler                           0x080002d3   Thumb Code     0  startup_stm32g431xx.o(.text)
    I2C1_ER_IRQHandler                       0x080002d3   Thumb Code     0  startup_stm32g431xx.o(.text)
    I2C1_EV_IRQHandler                       0x080002d3   Thumb Code     0  startup_stm32g431xx.o(.text)
    I2C2_ER_IRQHandler                       0x080002d3   Thumb Code     0  startup_stm32g431xx.o(.text)
    I2C2_EV_IRQHandler                       0x080002d3   Thumb Code     0  startup_stm32g431xx.o(.text)
    I2C3_ER_IRQHandler                       0x080002d3   Thumb Code     0  startup_stm32g431xx.o(.text)
    I2C3_EV_IRQHandler                       0x080002d3   Thumb Code     0  startup_stm32g431xx.o(.text)
    LPTIM1_IRQHandler                        0x080002d3   Thumb Code     0  startup_stm32g431xx.o(.text)
    LPUART1_IRQHandler                       0x080002d3   Thumb Code     0  startup_stm32g431xx.o(.text)
    PVD_PVM_IRQHandler                       0x080002d3   Thumb Code     0  startup_stm32g431xx.o(.text)
    RCC_IRQHandler                           0x080002d3   Thumb Code     0  startup_stm32g431xx.o(.text)
    RNG_IRQHandler                           0x080002d3   Thumb Code     0  startup_stm32g431xx.o(.text)
    RTC_Alarm_IRQHandler                     0x080002d3   Thumb Code     0  startup_stm32g431xx.o(.text)
    RTC_TAMP_LSECSS_IRQHandler               0x080002d3   Thumb Code     0  startup_stm32g431xx.o(.text)
    RTC_WKUP_IRQHandler                      0x080002d3   Thumb Code     0  startup_stm32g431xx.o(.text)
    SAI1_IRQHandler                          0x080002d3   Thumb Code     0  startup_stm32g431xx.o(.text)
    SPI1_IRQHandler                          0x080002d3   Thumb Code     0  startup_stm32g431xx.o(.text)
    SPI2_IRQHandler                          0x080002d3   Thumb Code     0  startup_stm32g431xx.o(.text)
    SPI3_IRQHandler                          0x080002d3   Thumb Code     0  startup_stm32g431xx.o(.text)
    TIM1_BRK_TIM15_IRQHandler                0x080002d3   Thumb Code     0  startup_stm32g431xx.o(.text)
    TIM1_CC_IRQHandler                       0x080002d3   Thumb Code     0  startup_stm32g431xx.o(.text)
    TIM1_TRG_COM_TIM17_IRQHandler            0x080002d3   Thumb Code     0  startup_stm32g431xx.o(.text)
    TIM1_UP_TIM16_IRQHandler                 0x080002d3   Thumb Code     0  startup_stm32g431xx.o(.text)
    TIM2_IRQHandler                          0x080002d3   Thumb Code     0  startup_stm32g431xx.o(.text)
    TIM3_IRQHandler                          0x080002d3   Thumb Code     0  startup_stm32g431xx.o(.text)
    TIM4_IRQHandler                          0x080002d3   Thumb Code     0  startup_stm32g431xx.o(.text)
    TIM6_DAC_IRQHandler                      0x080002d3   Thumb Code     0  startup_stm32g431xx.o(.text)
    TIM7_IRQHandler                          0x080002d3   Thumb Code     0  startup_stm32g431xx.o(.text)
    TIM8_BRK_IRQHandler                      0x080002d3   Thumb Code     0  startup_stm32g431xx.o(.text)
    TIM8_CC_IRQHandler                       0x080002d3   Thumb Code     0  startup_stm32g431xx.o(.text)
    TIM8_TRG_COM_IRQHandler                  0x080002d3   Thumb Code     0  startup_stm32g431xx.o(.text)
    TIM8_UP_IRQHandler                       0x080002d3   Thumb Code     0  startup_stm32g431xx.o(.text)
    UART4_IRQHandler                         0x080002d3   Thumb Code     0  startup_stm32g431xx.o(.text)
    UCPD1_IRQHandler                         0x080002d3   Thumb Code     0  startup_stm32g431xx.o(.text)
    USART1_IRQHandler                        0x080002d3   Thumb Code     0  startup_stm32g431xx.o(.text)
    USART2_IRQHandler                        0x080002d3   Thumb Code     0  startup_stm32g431xx.o(.text)
    USART3_IRQHandler                        0x080002d3   Thumb Code     0  startup_stm32g431xx.o(.text)
    USBWakeUp_IRQHandler                     0x080002d3   Thumb Code     0  startup_stm32g431xx.o(.text)
    USB_HP_IRQHandler                        0x080002d3   Thumb Code     0  startup_stm32g431xx.o(.text)
    USB_LP_IRQHandler                        0x080002d3   Thumb Code     0  startup_stm32g431xx.o(.text)
    WWDG_IRQHandler                          0x080002d3   Thumb Code     0  startup_stm32g431xx.o(.text)
    __user_initial_stackheap                 0x080002d5   Thumb Code     0  startup_stm32g431xx.o(.text)
    __aeabi_uldivmod                         0x080002f9   Thumb Code     0  lludivv7m.o(.text)
    _ll_udiv                                 0x080002f9   Thumb Code   238  lludivv7m.o(.text)
    __aeabi_memcpy                           0x080003e7   Thumb Code     0  rt_memcpy_v6.o(.text)
    __rt_memcpy                              0x080003e7   Thumb Code   138  rt_memcpy_v6.o(.text)
    _memcpy_lastbytes                        0x0800044d   Thumb Code     0  rt_memcpy_v6.o(.text)
    __aeabi_memclr4                          0x08000471   Thumb Code     0  rt_memclr_w.o(.text)
    __aeabi_memclr8                          0x08000471   Thumb Code     0  rt_memclr_w.o(.text)
    __rt_memclr_w                            0x08000471   Thumb Code    78  rt_memclr_w.o(.text)
    _memset_w                                0x08000475   Thumb Code     0  rt_memclr_w.o(.text)
    __use_two_region_memory                  0x080004bf   Thumb Code     2  heapauxi.o(.text)
    __rt_heap_escrow$2region                 0x080004c1   Thumb Code     2  heapauxi.o(.text)
    __rt_heap_expand$2region                 0x080004c3   Thumb Code     2  heapauxi.o(.text)
    __aeabi_memcpy4                          0x080004c5   Thumb Code     0  rt_memcpy_w.o(.text)
    __aeabi_memcpy8                          0x080004c5   Thumb Code     0  rt_memcpy_w.o(.text)
    __rt_memcpy_w                            0x080004c5   Thumb Code   100  rt_memcpy_w.o(.text)
    _memcpy_lastbytes_aligned                0x0800050d   Thumb Code     0  rt_memcpy_w.o(.text)
    __user_setup_stackheap                   0x08000529   Thumb Code    74  sys_stackheap_outer.o(.text)
    exit                                     0x08000573   Thumb Code    18  exit.o(.text)
    __user_libspace                          0x08000585   Thumb Code     8  libspace.o(.text)
    __user_perproc_libspace                  0x08000585   Thumb Code     0  libspace.o(.text)
    __user_perthread_libspace                0x08000585   Thumb Code     0  libspace.o(.text)
    _sys_exit                                0x0800058d   Thumb Code     8  sys_exit.o(.text)
    __I$use$semihosting                      0x08000599   Thumb Code     0  use_no_semi.o(.text)
    __use_no_semihosting_swi                 0x08000599   Thumb Code     2  use_no_semi.o(.text)
    __semihosting_library_function           0x0800059b   Thumb Code     0  indicate_semi.o(.text)
    arm_cos_f32                              0x0800059d   Thumb Code   160  arm_cos_f32.o(.text.arm_cos_f32)
    arm_sin_f32                              0x0800063d   Thumb Code   152  arm_sin_f32.o(.text.arm_sin_f32)
    ADC1_2_IRQHandler                        0x080006d5   Thumb Code    34  stm32g4xx_it.o(i.ADC1_2_IRQHandler)
    Abc_AlphaBeta_Trans                      0x080006f9   Thumb Code    30  mcmath.o(i.Abc_AlphaBeta_Trans)
    AlphaBeta_Dq_Trans                       0x0800071d   Thumb Code    50  mcmath.o(i.AlphaBeta_Dq_Trans)
    BusFault_Handler                         0x0800074f   Thumb Code     2  stm32g4xx_it.o(i.BusFault_Handler)
    CalculateSinCosValue                     0x08000751   Thumb Code     4  mcmath.o(i.CalculateSinCosValue)
    CurrentPIController                      0x08000755   Thumb Code   260  mctask.o(i.CurrentPIController)
    DMA1_Channel1_IRQHandler                 0x08000885   Thumb Code     2  stm32g4xx_it.o(i.DMA1_Channel1_IRQHandler)
    DMA1_Channel2_IRQHandler                 0x08000887   Thumb Code     2  stm32g4xx_it.o(i.DMA1_Channel2_IRQHandler)
    DMA2_Channel1_IRQHandler                 0x08000889   Thumb Code     2  stm32g4xx_it.o(i.DMA2_Channel1_IRQHandler)
    DMA2_Channel2_IRQHandler                 0x0800088b   Thumb Code     2  stm32g4xx_it.o(i.DMA2_Channel2_IRQHandler)
    DebugMon_Handler                         0x0800088d   Thumb Code     2  stm32g4xx_it.o(i.DebugMon_Handler)
    Dq_AlphaBeta_Trans                       0x0800088f   Thumb Code    50  mcmath.o(i.Dq_AlphaBeta_Trans)
    EXTI9_5_IRQHandler                       0x080008c1   Thumb Code    56  stm32g4xx_it.o(i.EXTI9_5_IRQHandler)
    FOC_Method_HFPI_WithoutNS                0x08000905   Thumb Code   226  mctask.o(i.FOC_Method_HFPI_WithoutNS)
    FOC_Method_IF_Luenberger                 0x08000a05   Thumb Code   592  mctask.o(i.FOC_Method_IF_Luenberger)
    FOC_Method_IF_Luenberger_Debug           0x08000c7d   Thumb Code   632  mctask.o(i.FOC_Method_IF_Luenberger_Debug)
    FOC_Method_IncABZ                        0x08000f21   Thumb Code   446  mctask.o(i.FOC_Method_IncABZ)
    FOC_Method_NonlinearFlux                 0x08001105   Thumb Code   320  mctask.o(i.FOC_Method_NonlinearFlux)
    FOC_Method_NonlinearFlux_Debug           0x0800126d   Thumb Code   556  mctask.o(i.FOC_Method_NonlinearFlux_Debug)
    FOC_Method_ParIdentify                   0x080014c5   Thumb Code   300  mctask.o(i.FOC_Method_ParIdentify)
    FastSquareRoot                           0x08001615   Thumb Code     4  mcmath.o(i.FastSquareRoot)
    HFPISensorlessObserver                   0x08001619   Thumb Code   688  mclvsensorless.o(i.HFPISensorlessObserver)
    HardFault_Handler                        0x08001909   Thumb Code     2  stm32g4xx_it.o(i.HardFault_Handler)
    Hardware_FastSquareRoot                  0x0800190d   Thumb Code    24  mcconfig.o(i.Hardware_FastSquareRoot)
    Hardware_ForceSwitchOnAllLowSides        0x08001929   Thumb Code    68  mcconfig.o(i.Hardware_ForceSwitchOnAllLowSides)
    Hardware_GetABZCounter                   0x08001971   Thumb Code     6  mcconfig.o(i.Hardware_GetABZCounter)
    Hardware_GetBusVoltage                   0x0800197d   Thumb Code   110  mcconfig.o(i.Hardware_GetBusVoltage)
    Hardware_GetPulseCounter                 0x08001a01   Thumb Code     6  mcconfig.o(i.Hardware_GetPulseCounter)
    Hardware_GetSinCosVal                    0x08001a0d   Thumb Code    40  mcconfig.o(i.Hardware_GetSinCosVal)
    Hardware_MCStartOrStop                   0x08001a35   Thumb Code    48  mcconfig.o(i.Hardware_MCStartOrStop)
    Hardware_PerformanceTaskEvent            0x08001a6d   Thumb Code   128  mcconfig.o(i.Hardware_PerformanceTaskEvent)
    Hardware_ResetAllLowSides                0x08001b09   Thumb Code    68  mcconfig.o(i.Hardware_ResetAllLowSides)
    Hardware_SafatyTaskEvent                 0x08001b51   Thumb Code   394  mcconfig.o(i.Hardware_SafatyTaskEvent)
    Hardware_SetCCR                          0x08001d19   Thumb Code    10  mcconfig.o(i.Hardware_SetCCR)
    Hardware_SetPulseCounter                 0x08001d29   Thumb Code     6  mcconfig.o(i.Hardware_SetPulseCounter)
    Hardware_StartPWM                        0x08001d35   Thumb Code    66  mcconfig.o(i.Hardware_StartPWM)
    Hardware_StopPWM                         0x08001d81   Thumb Code    66  mcconfig.o(i.Hardware_StopPWM)
    Hardwarre_SetABZCounter                  0x08001dcd   Thumb Code     6  mcconfig.o(i.Hardwarre_SetABZCounter)
    Harware_GetCurrentAB                     0x08001dd9   Thumb Code   128  mcconfig.o(i.Harware_GetCurrentAB)
    IncAbzCalculateRealEleAngle              0x08001e7d   Thumb Code    48  mcsensor.o(i.IncAbzCalculateRealEleAngle)
    IncAbzCalculateRealEleSpeed              0x08001eb1   Thumb Code   290  mcsensor.o(i.IncAbzCalculateRealEleSpeed)
    LL_ADC_CommonInit                        0x08001ff5   Thumb Code    80  stm32g4xx_ll_adc.o(i.LL_ADC_CommonInit)
    LL_ADC_INJ_Init                          0x08002049   Thumb Code    82  stm32g4xx_ll_adc.o(i.LL_ADC_INJ_Init)
    LL_ADC_Init                              0x0800209b   Thumb Code    50  stm32g4xx_ll_adc.o(i.LL_ADC_Init)
    LL_ADC_REG_Init                          0x080020cd   Thumb Code   104  stm32g4xx_ll_adc.o(i.LL_ADC_REG_Init)
    LL_COMP_Init                             0x08002139   Thumb Code    60  stm32g4xx_ll_comp.o(i.LL_COMP_Init)
    LL_DAC_Init                              0x08002179   Thumb Code   216  stm32g4xx_ll_dac.o(i.LL_DAC_Init)
    LL_EXTI_Init                             0x08002251   Thumb Code   418  stm32g4xx_ll_exti.o(i.LL_EXTI_Init)
    LL_GPIO_Init                             0x08002405   Thumb Code   338  stm32g4xx_ll_gpio.o(i.LL_GPIO_Init)
    LL_I2C_Init                              0x08002557   Thumb Code   110  stm32g4xx_ll_i2c.o(i.LL_I2C_Init)
    LL_Init1msTick                           0x080025c5   Thumb Code    26  stm32g4xx_ll_utils.o(i.LL_Init1msTick)
    LL_RCC_GetUARTClockFreq                  0x080025e1   Thumb Code   120  stm32g4xx_ll_rcc.o(i.LL_RCC_GetUARTClockFreq)
    LL_RCC_GetUSARTClockFreq                 0x08002669   Thumb Code   278  stm32g4xx_ll_rcc.o(i.LL_RCC_GetUSARTClockFreq)
    LL_SPI_Init                              0x08002791   Thumb Code   122  stm32g4xx_ll_spi.o(i.LL_SPI_Init)
    LL_SetSystemCoreClock                    0x0800280d   Thumb Code     6  stm32g4xx_ll_utils.o(i.LL_SetSystemCoreClock)
    LL_TIM_BDTR_Init                         0x08002819   Thumb Code   120  stm32g4xx_ll_tim.o(i.LL_TIM_BDTR_Init)
    LL_TIM_Init                              0x08002891   Thumb Code   148  stm32g4xx_ll_tim.o(i.LL_TIM_Init)
    LL_TIM_OC_Init                           0x08002941   Thumb Code   832  stm32g4xx_ll_tim.o(i.LL_TIM_OC_Init)
    LL_USART_Init                            0x08002d15   Thumb Code   232  stm32g4xx_ll_usart.o(i.LL_USART_Init)
    MCParIdentify_Rs_Ls                      0x08002e05   Thumb Code   646  mcparidentify.o(i.MCParIdentify_Rs_Ls)
    MedianFilter                             0x080033cd   Thumb Code    94  mcmath.o(i.MedianFilter)
    MemManage_Handler                        0x08003431   Thumb Code     2  stm32g4xx_it.o(i.MemManage_Handler)
    NMI_Handler                              0x08003433   Thumb Code     2  stm32g4xx_it.o(i.NMI_Handler)
    NonlinearFluxObsProcess                  0x08003435   Thumb Code   334  mchvsensorless.o(i.NonlinearFluxObsProcess)
    PendSV_Handler                           0x0800359d   Thumb Code     2  stm32g4xx_it.o(i.PendSV_Handler)
    PerformanceCriticalTask                  0x080035a1   Thumb Code   246  mctask.o(i.PerformanceCriticalTask)
    SEGGER_RTT_Init                          0x0800370d   Thumb Code     4  segger_rtt.o(i.SEGGER_RTT_Init)
    SEGGER_RTT_WriteNoLock                   0x08003711   Thumb Code   172  segger_rtt.o(i.SEGGER_RTT_WriteNoLock)
    SVC_Handler                              0x080037c1   Thumb Code     2  stm32g4xx_it.o(i.SVC_Handler)
    SafetyTask                               0x080037c5   Thumb Code   460  mctask.o(i.SafetyTask)
    SectorCalModeSvpwm                       0x080039b9   Thumb Code   542  mctask.o(i.SectorCalModeSvpwm)
    SpeedPIController                        0x08003be9   Thumb Code   136  mctask.o(i.SpeedPIController)
    SysTick_Handler                          0x08003c95   Thumb Code     4  stm32g4xx_it.o(i.SysTick_Handler)
    SystemClock_Config                       0x08003c99   Thumb Code   200  main.o(i.SystemClock_Config)
    SystemInit                               0x08003d7d   Thumb Code    12  system_stm32g4xx.o(i.SystemInit)
    UsageFault_Handler                       0x08003d8d   Thumb Code     2  stm32g4xx_it.o(i.UsageFault_Handler)
    atan2Rad                                 0x08003e59   Thumb Code   254  mcmath.o(i.atan2Rad)
    main                                     0x08003f6d   Thumb Code  6384  main.o(i.main)
    reset_All                                0x080058ad   Thumb Code   506  mcvar.o(i.reset_All)
    reset_CurrentPICHandler                  0x08005b05   Thumb Code    18  mcvar.o(i.reset_CurrentPICHandler)
    reset_HFPIHandler                        0x08005b21   Thumb Code   114  mcvar.o(i.reset_HFPIHandler)
    reset_HFSIHandler                        0x08005ba1   Thumb Code   122  mcvar.o(i.reset_HFSIHandler)
    reset_IncABZHandler                      0x08005c2d   Thumb Code   150  mcvar.o(i.reset_IncABZHandler)
    _fp_init                                 0x08005cdd   Thumb Code    10  fpinit.o(x$fpl$fpinit)
    __fplib_config_fpu_vfp                   0x08005ce5   Thumb Code     0  fpinit.o(x$fpl$fpinit)
    __fplib_config_pureend_doubles           0x08005ce5   Thumb Code     0  fpinit.o(x$fpl$fpinit)
    AHBPrescTable                            0x08005d44   Data          16  system_stm32g4xx.o(.constdata)
    APBPrescTable                            0x08005d54   Data           8  system_stm32g4xx.o(.constdata)
    frameHeader                              0x08005d5c   Data           3  mcconfig.o(.constdata)
    frameEnd                                 0x08005d5f   Data           3  mcconfig.o(.constdata)
    sinTable_f32                             0x0800618c   Data        2052  arm_common_tables.o(.rodata.sinTable_f32)
    Region$$Table$$Base                      0x08006990   Number         0  anon$$obj.o(Region$$Table)
    Region$$Table$$Limit                     0x080069b0   Number         0  anon$$obj.o(Region$$Table)
    tempDat                                  0x20000000   Data           2  main.o(.data)
    SystemCoreClock                          0x20000004   Data           4  system_stm32g4xx.o(.data)
    frameSendForUSART                        0x2000001c   Data          16  mcconfig.o(.data)
    pSys                                     0x20000078   Data           4  mcvar.o(.data)
    mcSystemHandler                          0x2000007c   Data          36  mcvar.o(.data)
    pSVP                                     0x200000a0   Data           4  mcvar.o(.data)
    pMotor                                   0x200000a4   Data           4  mcvar.o(.data)
    pIncABZ                                  0x200000a8   Data           4  mcvar.o(.data)
    pSens                                    0x200000ac   Data           4  mcvar.o(.data)
    pHFPI                                    0x200000b0   Data           4  mcvar.o(.data)
    pIdPIC                                   0x200000b4   Data           4  mcvar.o(.data)
    pIqPIC                                   0x200000b8   Data           4  mcvar.o(.data)
    pSpPIC                                   0x200000bc   Data           4  mcvar.o(.data)
    pParmeterIndentify                       0x200000c0   Data           4  mcvar.o(.data)
    pNonlinearFlux                           0x200000c4   Data           4  mcvar.o(.data)
    pIF                                      0x200000c8   Data           4  mcvar.o(.data)
    frameForRTT                              0x2000012c   Data          12  mcconfig.o(.bss)
    frameReceiveForUSART                     0x20000138   Data         128  mcconfig.o(.bss)
    svpwmHandler                             0x20000500   Data          40  mcvar.o(.bss)
    motorParHandler                          0x20000528   Data          28  mcvar.o(.bss)
    incABZHandler                            0x20000544   Data          44  mcvar.o(.bss)
    sensorHandler                            0x20000570   Data          52  mcvar.o(.bss)
    hfpiHandler                              0x200005a4   Data         100  mcvar.o(.bss)
    hfsiHandler                              0x20000608   Data         108  mcvar.o(.bss)
    currentIdPICHandler                      0x20000674   Data          20  mcvar.o(.bss)
    currentIqPICHandler                      0x20000688   Data          20  mcvar.o(.bss)
    speedPICHandler                          0x2000069c   Data          20  mcvar.o(.bss)
    NSIdendityHandler                        0x200006b0   Data          52  mcvar.o(.bss)
    MCParameterIdentifyHandler               0x200006e4   Data          68  mcvar.o(.bss)
    NSHandler                                0x20000728   Data          56  mcvar.o(.bss)
    NonlinearFluxHandler                     0x20000760   Data          56  mcvar.o(.bss)
    IFHandler                                0x20000798   Data          20  mcvar.o(.bss)
    _SEGGER_RTT                              0x200007ac   Data         168  segger_rtt.o(.bss)
    __libspace_start                         0x20000c64   Data          96  libspace.o(.bss)
    __temporary_stack_top$libspace           0x20000cc4   Data           0  libspace.o(.bss)



==============================================================================

Memory Map of the image

  Image Entry point : 0x080001d9

  Load Region LR_IROM1 (Base: 0x08000000, Size: 0x00006adc, Max: 0x00020000, ABSOLUTE, COMPRESSED[0x000069ec])

    Execution Region ER_IROM1 (Exec base: 0x08000000, Load base: 0x08000000, Size: 0x000069b0, Max: 0x00020000, ABSOLUTE)

    Exec Addr    Load Addr    Size         Type   Attr      Idx    E Section Name        Object

    0x08000000   0x08000000   0x000001d8   Data   RO            3    RESET               startup_stm32g431xx.o
    0x080001d8   0x080001d8   0x00000008   Code   RO         2312  * !!!main             c_w.l(__main.o)
    0x080001e0   0x080001e0   0x00000034   Code   RO         2485    !!!scatter          c_w.l(__scatter.o)
    0x08000214   0x08000214   0x0000005a   Code   RO         2483    !!dczerorl2         c_w.l(__dczerorl2.o)
    0x0800026e   0x0800026e   0x00000002   PAD
    0x08000270   0x08000270   0x0000001c   Code   RO         2487    !!handler_zi        c_w.l(__scatter_zi.o)
    0x0800028c   0x0800028c   0x00000002   Code   RO         2351    .ARM.Collect$$libinit$$00000000  c_w.l(libinit.o)
    0x0800028e   0x0800028e   0x00000004   Code   RO         2363    .ARM.Collect$$libinit$$00000001  c_w.l(libinit2.o)
    0x08000292   0x08000292   0x00000000   Code   RO         2366    .ARM.Collect$$libinit$$00000004  c_w.l(libinit2.o)
    0x08000292   0x08000292   0x00000000   Code   RO         2369    .ARM.Collect$$libinit$$0000000A  c_w.l(libinit2.o)
    0x08000292   0x08000292   0x00000000   Code   RO         2371    .ARM.Collect$$libinit$$0000000C  c_w.l(libinit2.o)
    0x08000292   0x08000292   0x00000000   Code   RO         2373    .ARM.Collect$$libinit$$0000000E  c_w.l(libinit2.o)
    0x08000292   0x08000292   0x00000000   Code   RO         2376    .ARM.Collect$$libinit$$00000011  c_w.l(libinit2.o)
    0x08000292   0x08000292   0x00000000   Code   RO         2378    .ARM.Collect$$libinit$$00000013  c_w.l(libinit2.o)
    0x08000292   0x08000292   0x00000000   Code   RO         2380    .ARM.Collect$$libinit$$00000015  c_w.l(libinit2.o)
    0x08000292   0x08000292   0x00000000   Code   RO         2382    .ARM.Collect$$libinit$$00000017  c_w.l(libinit2.o)
    0x08000292   0x08000292   0x00000000   Code   RO         2384    .ARM.Collect$$libinit$$00000019  c_w.l(libinit2.o)
    0x08000292   0x08000292   0x00000000   Code   RO         2386    .ARM.Collect$$libinit$$0000001B  c_w.l(libinit2.o)
    0x08000292   0x08000292   0x00000000   Code   RO         2388    .ARM.Collect$$libinit$$0000001D  c_w.l(libinit2.o)
    0x08000292   0x08000292   0x00000000   Code   RO         2390    .ARM.Collect$$libinit$$0000001F  c_w.l(libinit2.o)
    0x08000292   0x08000292   0x00000000   Code   RO         2392    .ARM.Collect$$libinit$$00000021  c_w.l(libinit2.o)
    0x08000292   0x08000292   0x00000000   Code   RO         2394    .ARM.Collect$$libinit$$00000023  c_w.l(libinit2.o)
    0x08000292   0x08000292   0x00000000   Code   RO         2396    .ARM.Collect$$libinit$$00000025  c_w.l(libinit2.o)
    0x08000292   0x08000292   0x00000000   Code   RO         2400    .ARM.Collect$$libinit$$0000002C  c_w.l(libinit2.o)
    0x08000292   0x08000292   0x00000000   Code   RO         2402    .ARM.Collect$$libinit$$0000002E  c_w.l(libinit2.o)
    0x08000292   0x08000292   0x00000000   Code   RO         2404    .ARM.Collect$$libinit$$00000030  c_w.l(libinit2.o)
    0x08000292   0x08000292   0x00000000   Code   RO         2406    .ARM.Collect$$libinit$$00000032  c_w.l(libinit2.o)
    0x08000292   0x08000292   0x00000002   Code   RO         2407    .ARM.Collect$$libinit$$00000033  c_w.l(libinit2.o)
    0x08000294   0x08000294   0x00000002   Code   RO         2438    .ARM.Collect$$libshutdown$$00000000  c_w.l(libshutdown.o)
    0x08000296   0x08000296   0x00000000   Code   RO         2464    .ARM.Collect$$libshutdown$$00000002  c_w.l(libshutdown2.o)
    0x08000296   0x08000296   0x00000000   Code   RO         2466    .ARM.Collect$$libshutdown$$00000004  c_w.l(libshutdown2.o)
    0x08000296   0x08000296   0x00000000   Code   RO         2468    .ARM.Collect$$libshutdown$$00000006  c_w.l(libshutdown2.o)
    0x08000296   0x08000296   0x00000000   Code   RO         2471    .ARM.Collect$$libshutdown$$00000009  c_w.l(libshutdown2.o)
    0x08000296   0x08000296   0x00000000   Code   RO         2474    .ARM.Collect$$libshutdown$$0000000C  c_w.l(libshutdown2.o)
    0x08000296   0x08000296   0x00000000   Code   RO         2476    .ARM.Collect$$libshutdown$$0000000E  c_w.l(libshutdown2.o)
    0x08000296   0x08000296   0x00000000   Code   RO         2479    .ARM.Collect$$libshutdown$$00000011  c_w.l(libshutdown2.o)
    0x08000296   0x08000296   0x00000002   Code   RO         2480    .ARM.Collect$$libshutdown$$00000012  c_w.l(libshutdown2.o)
    0x08000298   0x08000298   0x00000000   Code   RO         2314    .ARM.Collect$$rtentry$$00000000  c_w.l(__rtentry.o)
    0x08000298   0x08000298   0x00000000   Code   RO         2322    .ARM.Collect$$rtentry$$00000002  c_w.l(__rtentry2.o)
    0x08000298   0x08000298   0x00000006   Code   RO         2334    .ARM.Collect$$rtentry$$00000004  c_w.l(__rtentry4.o)
    0x0800029e   0x0800029e   0x00000000   Code   RO         2324    .ARM.Collect$$rtentry$$00000009  c_w.l(__rtentry2.o)
    0x0800029e   0x0800029e   0x00000004   Code   RO         2325    .ARM.Collect$$rtentry$$0000000A  c_w.l(__rtentry2.o)
    0x080002a2   0x080002a2   0x00000000   Code   RO         2327    .ARM.Collect$$rtentry$$0000000C  c_w.l(__rtentry2.o)
    0x080002a2   0x080002a2   0x00000008   Code   RO         2328    .ARM.Collect$$rtentry$$0000000D  c_w.l(__rtentry2.o)
    0x080002aa   0x080002aa   0x00000002   Code   RO         2355    .ARM.Collect$$rtexit$$00000000  c_w.l(rtexit.o)
    0x080002ac   0x080002ac   0x00000000   Code   RO         2411    .ARM.Collect$$rtexit$$00000002  c_w.l(rtexit2.o)
    0x080002ac   0x080002ac   0x00000004   Code   RO         2412    .ARM.Collect$$rtexit$$00000003  c_w.l(rtexit2.o)
    0x080002b0   0x080002b0   0x00000006   Code   RO         2413    .ARM.Collect$$rtexit$$00000004  c_w.l(rtexit2.o)
    0x080002b6   0x080002b6   0x00000002   PAD
    0x080002b8   0x080002b8   0x00000040   Code   RO            4    .text               startup_stm32g431xx.o
    0x080002f8   0x080002f8   0x000000ee   Code   RO         2302    .text               c_w.l(lludivv7m.o)
    0x080003e6   0x080003e6   0x0000008a   Code   RO         2306    .text               c_w.l(rt_memcpy_v6.o)
    0x08000470   0x08000470   0x0000004e   Code   RO         2308    .text               c_w.l(rt_memclr_w.o)
    0x080004be   0x080004be   0x00000006   Code   RO         2310    .text               c_w.l(heapauxi.o)
    0x080004c4   0x080004c4   0x00000064   Code   RO         2319    .text               c_w.l(rt_memcpy_w.o)
    0x08000528   0x08000528   0x0000004a   Code   RO         2338    .text               c_w.l(sys_stackheap_outer.o)
    0x08000572   0x08000572   0x00000012   Code   RO         2340    .text               c_w.l(exit.o)
    0x08000584   0x08000584   0x00000008   Code   RO         2352    .text               c_w.l(libspace.o)
    0x0800058c   0x0800058c   0x0000000c   Code   RO         2408    .text               c_w.l(sys_exit.o)
    0x08000598   0x08000598   0x00000002   Code   RO         2427    .text               c_w.l(use_no_semi.o)
    0x0800059a   0x0800059a   0x00000000   Code   RO         2429    .text               c_w.l(indicate_semi.o)
    0x0800059a   0x0800059a   0x00000002   PAD
    0x0800059c   0x0800059c   0x000000a0   Code   RO         2186    .text.arm_cos_f32   arm_cortexM4lf_math.lib(arm_cos_f32.o)
    0x0800063c   0x0800063c   0x00000098   Code   RO         2196    .text.arm_sin_f32   arm_cortexM4lf_math.lib(arm_sin_f32.o)
    0x080006d4   0x080006d4   0x00000022   Code   RO          179    i.ADC1_2_IRQHandler  stm32g4xx_it.o
    0x080006f6   0x080006f6   0x00000002   PAD
    0x080006f8   0x080006f8   0x00000024   Code   RO         1444    i.Abc_AlphaBeta_Trans  mcmath.o
    0x0800071c   0x0800071c   0x00000032   Code   RO         1446    i.AlphaBeta_Dq_Trans  mcmath.o
    0x0800074e   0x0800074e   0x00000002   Code   RO          180    i.BusFault_Handler  stm32g4xx_it.o
    0x08000750   0x08000750   0x00000004   Code   RO         1448    i.CalculateSinCosValue  mcmath.o
    0x08000754   0x08000754   0x00000130   Code   RO         1554    i.CurrentPIController  mctask.o
    0x08000884   0x08000884   0x00000002   Code   RO          181    i.DMA1_Channel1_IRQHandler  stm32g4xx_it.o
    0x08000886   0x08000886   0x00000002   Code   RO          182    i.DMA1_Channel2_IRQHandler  stm32g4xx_it.o
    0x08000888   0x08000888   0x00000002   Code   RO          183    i.DMA2_Channel1_IRQHandler  stm32g4xx_it.o
    0x0800088a   0x0800088a   0x00000002   Code   RO          184    i.DMA2_Channel2_IRQHandler  stm32g4xx_it.o
    0x0800088c   0x0800088c   0x00000002   Code   RO          185    i.DebugMon_Handler  stm32g4xx_it.o
    0x0800088e   0x0800088e   0x00000032   Code   RO         1450    i.Dq_AlphaBeta_Trans  mcmath.o
    0x080008c0   0x080008c0   0x00000044   Code   RO          186    i.EXTI9_5_IRQHandler  stm32g4xx_it.o
    0x08000904   0x08000904   0x00000100   Code   RO         1555    i.FOC_Method_HFPI_WithoutNS  mctask.o
    0x08000a04   0x08000a04   0x00000278   Code   RO         1556    i.FOC_Method_IF_Luenberger  mctask.o
    0x08000c7c   0x08000c7c   0x000002a4   Code   RO         1557    i.FOC_Method_IF_Luenberger_Debug  mctask.o
    0x08000f20   0x08000f20   0x000001e4   Code   RO         1558    i.FOC_Method_IncABZ  mctask.o
    0x08001104   0x08001104   0x00000168   Code   RO         1559    i.FOC_Method_NonlinearFlux  mctask.o
    0x0800126c   0x0800126c   0x00000258   Code   RO         1560    i.FOC_Method_NonlinearFlux_Debug  mctask.o
    0x080014c4   0x080014c4   0x00000150   Code   RO         1561    i.FOC_Method_ParIdentify  mctask.o
    0x08001614   0x08001614   0x00000004   Code   RO         1452    i.FastSquareRoot    mcmath.o
    0x08001618   0x08001618   0x000002f0   Code   RO         1853    i.HFPISensorlessObserver  mclvsensorless.o
    0x08001908   0x08001908   0x00000002   Code   RO          187    i.HardFault_Handler  stm32g4xx_it.o
    0x0800190a   0x0800190a   0x00000002   PAD
    0x0800190c   0x0800190c   0x0000001c   Code   RO         1188    i.Hardware_FastSquareRoot  mcconfig.o
    0x08001928   0x08001928   0x00000048   Code   RO         1189    i.Hardware_ForceSwitchOnAllLowSides  mcconfig.o
    0x08001970   0x08001970   0x0000000c   Code   RO         1190    i.Hardware_GetABZCounter  mcconfig.o
    0x0800197c   0x0800197c   0x00000084   Code   RO         1192    i.Hardware_GetBusVoltage  mcconfig.o
    0x08001a00   0x08001a00   0x0000000c   Code   RO         1193    i.Hardware_GetPulseCounter  mcconfig.o
    0x08001a0c   0x08001a0c   0x00000028   Code   RO         1194    i.Hardware_GetSinCosVal  mcconfig.o
    0x08001a34   0x08001a34   0x00000038   Code   RO         1197    i.Hardware_MCStartOrStop  mcconfig.o
    0x08001a6c   0x08001a6c   0x0000009c   Code   RO         1198    i.Hardware_PerformanceTaskEvent  mcconfig.o
    0x08001b08   0x08001b08   0x00000048   Code   RO         1199    i.Hardware_ResetAllLowSides  mcconfig.o
    0x08001b50   0x08001b50   0x000001c8   Code   RO         1200    i.Hardware_SafatyTaskEvent  mcconfig.o
    0x08001d18   0x08001d18   0x00000010   Code   RO         1201    i.Hardware_SetCCR   mcconfig.o
    0x08001d28   0x08001d28   0x0000000c   Code   RO         1202    i.Hardware_SetPulseCounter  mcconfig.o
    0x08001d34   0x08001d34   0x0000004c   Code   RO         1203    i.Hardware_StartPWM  mcconfig.o
    0x08001d80   0x08001d80   0x0000004c   Code   RO         1204    i.Hardware_StopPWM  mcconfig.o
    0x08001dcc   0x08001dcc   0x0000000c   Code   RO         1205    i.Hardwarre_SetABZCounter  mcconfig.o
    0x08001dd8   0x08001dd8   0x000000a4   Code   RO         1206    i.Harware_GetCurrentAB  mcconfig.o
    0x08001e7c   0x08001e7c   0x00000034   Code   RO         1914    i.IncAbzCalculateRealEleAngle  mcsensor.o
    0x08001eb0   0x08001eb0   0x00000144   Code   RO         1915    i.IncAbzCalculateRealEleSpeed  mcsensor.o
    0x08001ff4   0x08001ff4   0x00000054   Code   RO          511    i.LL_ADC_CommonInit  stm32g4xx_ll_adc.o
    0x08002048   0x08002048   0x00000052   Code   RO          514    i.LL_ADC_INJ_Init   stm32g4xx_ll_adc.o
    0x0800209a   0x0800209a   0x00000032   Code   RO          516    i.LL_ADC_Init       stm32g4xx_ll_adc.o
    0x080020cc   0x080020cc   0x0000006c   Code   RO          517    i.LL_ADC_REG_Init   stm32g4xx_ll_adc.o
    0x08002138   0x08002138   0x00000040   Code   RO          636    i.LL_COMP_Init      stm32g4xx_ll_comp.o
    0x08002178   0x08002178   0x000000d8   Code   RO          827    i.LL_DAC_Init       stm32g4xx_ll_dac.o
    0x08002250   0x08002250   0x000001b4   Code   RO          430    i.LL_EXTI_Init      stm32g4xx_ll_exti.o
    0x08002404   0x08002404   0x00000152   Code   RO          469    i.LL_GPIO_Init      stm32g4xx_ll_gpio.o
    0x08002556   0x08002556   0x0000006e   Code   RO          866    i.LL_I2C_Init       stm32g4xx_ll_i2c.o
    0x080025c4   0x080025c4   0x0000001a   Code   RO          363    i.LL_Init1msTick    stm32g4xx_ll_utils.o
    0x080025de   0x080025de   0x00000002   PAD
    0x080025e0   0x080025e0   0x00000088   Code   RO          684    i.LL_RCC_GetUARTClockFreq  stm32g4xx_ll_rcc.o
    0x08002668   0x08002668   0x00000128   Code   RO          685    i.LL_RCC_GetUSARTClockFreq  stm32g4xx_ll_rcc.o
    0x08002790   0x08002790   0x0000007a   Code   RO          912    i.LL_SPI_Init       stm32g4xx_ll_spi.o
    0x0800280a   0x0800280a   0x00000002   PAD
    0x0800280c   0x0800280c   0x0000000c   Code   RO          367    i.LL_SetSystemCoreClock  stm32g4xx_ll_utils.o
    0x08002818   0x08002818   0x00000078   Code   RO          997    i.LL_TIM_BDTR_Init  stm32g4xx_ll_tim.o
    0x08002890   0x08002890   0x000000b0   Code   RO         1006    i.LL_TIM_Init       stm32g4xx_ll_tim.o
    0x08002940   0x08002940   0x00000354   Code   RO         1007    i.LL_TIM_OC_Init    stm32g4xx_ll_tim.o
    0x08002c94   0x08002c94   0x00000080   Code   RO         1207    i.LL_TIM_OC_SetMode  mcconfig.o
    0x08002d14   0x08002d14   0x000000f0   Code   RO         1099    i.LL_USART_Init     stm32g4xx_ll_usart.o
    0x08002e04   0x08002e04   0x000002d0   Code   RO         1675    i.MCParIdentify_Rs_Ls  mcparidentify.o
    0x080030d4   0x080030d4   0x000002f8   Code   RO           14    i.MX_TIM1_Init      main.o
    0x080033cc   0x080033cc   0x00000064   Code   RO         1454    i.MedianFilter      mcmath.o
    0x08003430   0x08003430   0x00000002   Code   RO          188    i.MemManage_Handler  stm32g4xx_it.o
    0x08003432   0x08003432   0x00000002   Code   RO          189    i.NMI_Handler       stm32g4xx_it.o
    0x08003434   0x08003434   0x00000168   Code   RO         1827    i.NonlinearFluxObsProcess  mchvsensorless.o
    0x0800359c   0x0800359c   0x00000002   Code   RO          190    i.PendSV_Handler    stm32g4xx_it.o
    0x0800359e   0x0800359e   0x00000002   PAD
    0x080035a0   0x080035a0   0x00000108   Code   RO         1562    i.PerformanceCriticalTask  mctask.o
    0x080036a8   0x080036a8   0x00000064   Code   RO          687    i.RCC_GetSystemClockFreq  stm32g4xx_ll_rcc.o
    0x0800370c   0x0800370c   0x00000004   Code   RO         1946    i.SEGGER_RTT_Init   segger_rtt.o
    0x08003710   0x08003710   0x000000b0   Code   RO         1964    i.SEGGER_RTT_WriteNoLock  segger_rtt.o
    0x080037c0   0x080037c0   0x00000002   Code   RO          191    i.SVC_Handler       stm32g4xx_it.o
    0x080037c2   0x080037c2   0x00000002   PAD
    0x080037c4   0x080037c4   0x000001f4   Code   RO         1563    i.SafetyTask        mctask.o
    0x080039b8   0x080039b8   0x00000230   Code   RO         1564    i.SectorCalModeSvpwm  mctask.o
    0x08003be8   0x08003be8   0x000000ac   Code   RO         1566    i.SpeedPIController  mctask.o
    0x08003c94   0x08003c94   0x00000004   Code   RO          192    i.SysTick_Handler   stm32g4xx_it.o
    0x08003c98   0x08003c98   0x000000e4   Code   RO           15    i.SystemClock_Config  main.o
    0x08003d7c   0x08003d7c   0x00000010   Code   RO         1150    i.SystemInit        system_stm32g4xx.o
    0x08003d8c   0x08003d8c   0x00000002   Code   RO          193    i.UsageFault_Handler  stm32g4xx_it.o
    0x08003d8e   0x08003d8e   0x00000002   PAD
    0x08003d90   0x08003d90   0x00000070   Code   RO         1968    i._DoInit           segger_rtt.o
    0x08003e00   0x08003e00   0x00000058   Code   RO         1969    i._WriteBlocking    segger_rtt.o
    0x08003e58   0x08003e58   0x00000114   Code   RO         1456    i.atan2Rad          mcmath.o
    0x08003f6c   0x08003f6c   0x00001940   Code   RO           16    i.main              main.o
    0x080058ac   0x080058ac   0x00000258   Code   RO         1715    i.reset_All         mcvar.o
    0x08005b04   0x08005b04   0x0000001c   Code   RO         1716    i.reset_CurrentPICHandler  mcvar.o
    0x08005b20   0x08005b20   0x00000080   Code   RO         1717    i.reset_HFPIHandler  mcvar.o
    0x08005ba0   0x08005ba0   0x0000008c   Code   RO         1718    i.reset_HFSIHandler  mcvar.o
    0x08005c2c   0x08005c2c   0x000000b0   Code   RO         1720    i.reset_IncABZHandler  mcvar.o
    0x08005cdc   0x08005cdc   0x0000000a   Code   RO         2423    x$fpl$fpinit        fz_wm.l(fpinit.o)
    0x08005ce6   0x08005ce6   0x0000002e   Data   RO           17    .constdata          main.o
    0x08005d14   0x08005d14   0x00000030   Data   RO         1101    .constdata          stm32g4xx_ll_usart.o
    0x08005d44   0x08005d44   0x00000010   Data   RO         1151    .constdata          system_stm32g4xx.o
    0x08005d54   0x08005d54   0x00000008   Data   RO         1152    .constdata          system_stm32g4xx.o
    0x08005d5c   0x08005d5c   0x00000020   Data   RO         1210    .constdata          mcconfig.o
    0x08005d7c   0x08005d7c   0x000003fc   Data   RO         1459    .constdata          mcmath.o
    0x08006178   0x08006178   0x00000011   Data   RO         1971    .constdata          segger_rtt.o
    0x08006189   0x08006189   0x00000003   PAD
    0x0800618c   0x0800618c   0x00000804   Data   RO         2292    .rodata.sinTable_f32  arm_cortexM4lf_math.lib(arm_common_tables.o)
    0x08006990   0x08006990   0x00000020   Data   RO         2481    Region$$Table       anon$$obj.o


    Execution Region ER (Exec base: 0x10000000, Load base: 0x080069ec, Size: 0x00000000, Max: 0x00002800, ABSOLUTE)

    **** No section assigned to this execution region ****


    Execution Region RW_IRAM1 (Exec base: 0x20000000, Load base: 0x080069b0, Size: 0x000012c8, Max: 0x00008000, ABSOLUTE, COMPRESSED[0x0000003c])

    Exec Addr    Load Addr    Size         Type   Attr      Idx    E Section Name        Object

    0x20000000   COMPRESSED   0x00000002   Data   RW           18    .data               main.o
    0x20000002   COMPRESSED   0x00000002   PAD
    0x20000004   COMPRESSED   0x00000004   Data   RW         1153    .data               system_stm32g4xx.o
    0x20000008   COMPRESSED   0x00000024   Data   RW         1211    .data               mcconfig.o
    0x2000002c   COMPRESSED   0x00000004   PAD
    0x20000030   COMPRESSED   0x00000010   Data   RW         1569    .data               mctask.o
    0x20000040   COMPRESSED   0x00000038   Data   RW         1676    .data               mcparidentify.o
    0x20000078   COMPRESSED   0x00000028   Data   RW         1732    .data               mcvar.o
    0x200000a0   COMPRESSED   0x00000004   Data   RW         1733    .data               mcvar.o
    0x200000a4   COMPRESSED   0x00000004   Data   RW         1734    .data               mcvar.o
    0x200000a8   COMPRESSED   0x00000004   Data   RW         1735    .data               mcvar.o
    0x200000ac   COMPRESSED   0x00000004   Data   RW         1736    .data               mcvar.o
    0x200000b0   COMPRESSED   0x00000004   Data   RW         1737    .data               mcvar.o
    0x200000b4   COMPRESSED   0x00000004   Data   RW         1739    .data               mcvar.o
    0x200000b8   COMPRESSED   0x00000004   Data   RW         1740    .data               mcvar.o
    0x200000bc   COMPRESSED   0x00000004   Data   RW         1741    .data               mcvar.o
    0x200000c0   COMPRESSED   0x00000004   Data   RW         1743    .data               mcvar.o
    0x200000c4   COMPRESSED   0x00000004   Data   RW         1745    .data               mcvar.o
    0x200000c8   COMPRESSED   0x00000004   Data   RW         1746    .data               mcvar.o
    0x200000cc   COMPRESSED   0x00000050   Data   RW         1862    .data               mclvsensorless.o
    0x2000011c   COMPRESSED   0x00000010   Data   RW         1916    .data               mcsensor.o
    0x2000012c        -       0x0000008c   Zero   RW         1209    .bss                mcconfig.o
    0x200001b8        -       0x00000348   Zero   RW         1567    .bss                mctask.o
    0x20000500        -       0x000002ac   Zero   RW         1731    .bss                mcvar.o
    0x200007ac        -       0x000004b8   Zero   RW         1970    .bss                segger_rtt.o
    0x20000c64        -       0x00000060   Zero   RW         2353    .bss                c_w.l(libspace.o)
    0x20000cc4   COMPRESSED   0x00000004   PAD
    0x20000cc8        -       0x00000200   Zero   RW            2    HEAP                startup_stm32g431xx.o
    0x20000ec8        -       0x00000400   Zero   RW            1    STACK               startup_stm32g431xx.o


==============================================================================

Image component sizes


      Code (inc. data)   RO Data    RW Data    ZI Data      Debug   Object Name

      7452        466         46          2          0     766009   main.o
      1520        230         32         36        140     623010   mcconfig.o
       360         26          0          0          0       1844   mchvsensorless.o
       752         64          0         80          0       2331   mclvsensorless.o
       520         34       1020          0          0      10347   mcmath.o
       720         74          0         56          0       6732   mcparidentify.o
       376         38          0         16          0       2140   mcsensor.o
      5144        450          0         16        840      17545   mctask.o
      1072        162          0         84        684       5818   mcvar.o
       380         26         17          0       1208       9533   segger_rtt.o
        64         26        472          0       1536        840   startup_stm32g431xx.o
       130         12          0          0          0      55947   stm32g4xx_it.o
       324          8          0          0          0      79006   stm32g4xx_ll_adc.o
        64          4          0          0          0      10571   stm32g4xx_ll_comp.o
       216          0          0          0          0      21506   stm32g4xx_ll_dac.o
       436         18          0          0          0       7543   stm32g4xx_ll_exti.o
       338          0          0          0          0       7371   stm32g4xx_ll_gpio.o
       110          0          0          0          0      14486   stm32g4xx_ll_i2c.o
       532         46          0          0          0      26749   stm32g4xx_ll_rcc.o
       122          0          0          0          0      17198   stm32g4xx_ll_spi.o
      1148         48          0          0          0      56418   stm32g4xx_ll_tim.o
       240          8         48          0          0      27264   stm32g4xx_ll_usart.o
        38          6          0          0          0       7297   stm32g4xx_ll_utils.o
        16          4         24          4          0       1115   system_stm32g4xx.o

    ----------------------------------------------------------------------
     22088       1750       1694        300       4408    1778620   Object Totals
         0          0         32          0          0          0   (incl. Generated)
        14          0          3          6          0          0   (incl. Padding)

    ----------------------------------------------------------------------

      Code (inc. data)   RO Data    RW Data    ZI Data      Debug   Library Member Name

         0          0       2052          0          0       4961   arm_common_tables.o
       160         12          0          0          0       1103   arm_cos_f32.o
       152         12          0          0          0       1098   arm_sin_f32.o
        90          0          0          0          0          0   __dczerorl2.o
         8          0          0          0          0         68   __main.o
         0          0          0          0          0          0   __rtentry.o
        12          0          0          0          0          0   __rtentry2.o
         6          0          0          0          0          0   __rtentry4.o
        52          8          0          0          0          0   __scatter.o
        28          0          0          0          0          0   __scatter_zi.o
        18          0          0          0          0         80   exit.o
         6          0          0          0          0        152   heapauxi.o
         0          0          0          0          0          0   indicate_semi.o
         2          0          0          0          0          0   libinit.o
         6          0          0          0          0          0   libinit2.o
         2          0          0          0          0          0   libshutdown.o
         2          0          0          0          0          0   libshutdown2.o
         8          4          0          0         96         68   libspace.o
       238          0          0          0          0        100   lludivv7m.o
        78          0          0          0          0         80   rt_memclr_w.o
       138          0          0          0          0         68   rt_memcpy_v6.o
       100          0          0          0          0         80   rt_memcpy_w.o
         2          0          0          0          0          0   rtexit.o
        10          0          0          0          0          0   rtexit2.o
        12          4          0          0          0         68   sys_exit.o
        74          0          0          0          0         80   sys_stackheap_outer.o
         2          0          0          0          0         68   use_no_semi.o
        10          0          0          0          0        116   fpinit.o

    ----------------------------------------------------------------------
      1222         40       2052          0        100       8190   Library Totals
         6          0          0          0          4          0   (incl. Padding)

    ----------------------------------------------------------------------

      Code (inc. data)   RO Data    RW Data    ZI Data      Debug   Library Name

       312         24       2052          0          0       7162   arm_cortexM4lf_math.lib
       894         16          0          0         96        912   c_w.l
        10          0          0          0          0        116   fz_wm.l

    ----------------------------------------------------------------------
      1222         40       2052          0        100       8190   Library Totals

    ----------------------------------------------------------------------

==============================================================================


      Code (inc. data)   RO Data    RW Data    ZI Data      Debug   

     23310       1790       3746        300       4508    1779630   Grand Totals
     23310       1790       3746         60       4508    1779630   ELF Image Totals (compressed)
     23310       1790       3746         60          0          0   ROM Totals

==============================================================================

    Total RO  Size (Code + RO Data)                27056 (  26.42kB)
    Total RW  Size (RW Data + ZI Data)              4808 (   4.70kB)
    Total ROM Size (Code + RO Data + RW Data)      27116 (  26.48kB)

==============================================================================

