Component: ARM Compiler 5.06 update 7 (build 960) Tool: armlink [4d3601]

==============================================================================

Section Cross References

    startup_stm32g431xx.o(STACK) refers (Special) to heapauxi.o(.text) for __use_two_region_memory
    startup_stm32g431xx.o(HEAP) refers (Special) to heapauxi.o(.text) for __use_two_region_memory
    startup_stm32g431xx.o(RESET) refers (Special) to heapauxi.o(.text) for __use_two_region_memory
    startup_stm32g431xx.o(RESET) refers to startup_stm32g431xx.o(STACK) for __initial_sp
    startup_stm32g431xx.o(RESET) refers to startup_stm32g431xx.o(.text) for Reset_Handler
    startup_stm32g431xx.o(RESET) refers to stm32g4xx_it.o(i.NMI_Handler) for NMI_Handler
    startup_stm32g431xx.o(RESET) refers to stm32g4xx_it.o(i.HardFault_Handler) for HardFault_Handler
    startup_stm32g431xx.o(RESET) refers to stm32g4xx_it.o(i.MemManage_Handler) for MemManage_Handler
    startup_stm32g431xx.o(RESET) refers to stm32g4xx_it.o(i.BusFault_Handler) for BusFault_Handler
    startup_stm32g431xx.o(RESET) refers to stm32g4xx_it.o(i.UsageFault_Handler) for UsageFault_Handler
    startup_stm32g431xx.o(RESET) refers to stm32g4xx_it.o(i.SVC_Handler) for SVC_Handler
    startup_stm32g431xx.o(RESET) refers to stm32g4xx_it.o(i.DebugMon_Handler) for DebugMon_Handler
    startup_stm32g431xx.o(RESET) refers to stm32g4xx_it.o(i.PendSV_Handler) for PendSV_Handler
    startup_stm32g431xx.o(RESET) refers to stm32g4xx_it.o(i.SysTick_Handler) for SysTick_Handler
    startup_stm32g431xx.o(RESET) refers to stm32g4xx_it.o(i.DMA1_Channel1_IRQHandler) for DMA1_Channel1_IRQHandler
    startup_stm32g431xx.o(RESET) refers to stm32g4xx_it.o(i.DMA1_Channel2_IRQHandler) for DMA1_Channel2_IRQHandler
    startup_stm32g431xx.o(RESET) refers to stm32g4xx_it.o(i.ADC1_2_IRQHandler) for ADC1_2_IRQHandler
    startup_stm32g431xx.o(RESET) refers to stm32g4xx_it.o(i.EXTI9_5_IRQHandler) for EXTI9_5_IRQHandler
    startup_stm32g431xx.o(RESET) refers to stm32g4xx_it.o(i.TIM8_UP_IRQHandler) for TIM8_UP_IRQHandler
    startup_stm32g431xx.o(RESET) refers to stm32g4xx_it.o(i.DMA2_Channel1_IRQHandler) for DMA2_Channel1_IRQHandler
    startup_stm32g431xx.o(RESET) refers to stm32g4xx_it.o(i.DMA2_Channel2_IRQHandler) for DMA2_Channel2_IRQHandler
    startup_stm32g431xx.o(.text) refers (Special) to heapauxi.o(.text) for __use_two_region_memory
    startup_stm32g431xx.o(.text) refers to system_stm32g4xx.o(i.SystemInit) for SystemInit
    startup_stm32g431xx.o(.text) refers to __main.o(!!!main) for __main
    startup_stm32g431xx.o(.text) refers to startup_stm32g431xx.o(HEAP) for Heap_Mem
    startup_stm32g431xx.o(.text) refers to startup_stm32g431xx.o(STACK) for Stack_Mem
    main.o(i.MX_TIM1_Init) refers to stm32g4xx_ll_tim.o(i.LL_TIM_Init) for LL_TIM_Init
    main.o(i.MX_TIM1_Init) refers to stm32g4xx_ll_tim.o(i.LL_TIM_OC_Init) for LL_TIM_OC_Init
    main.o(i.MX_TIM1_Init) refers to stm32g4xx_ll_tim.o(i.LL_TIM_BDTR_Init) for LL_TIM_BDTR_Init
    main.o(i.MX_TIM1_Init) refers to stm32g4xx_ll_gpio.o(i.LL_GPIO_Init) for LL_GPIO_Init
    main.o(i.MX_TIM1_Init) refers to main.o(.constdata) for .constdata
    main.o(i.SystemClock_Config) refers to stm32g4xx_ll_utils.o(i.LL_Init1msTick) for LL_Init1msTick
    main.o(i.SystemClock_Config) refers to stm32g4xx_ll_utils.o(i.LL_SetSystemCoreClock) for LL_SetSystemCoreClock
    main.o(i.main) refers to main.o(i.NVIC_EncodePriority) for NVIC_EncodePriority
    main.o(i.main) refers to main.o(i.SystemClock_Config) for SystemClock_Config
    main.o(i.main) refers to stm32g4xx_ll_gpio.o(i.LL_GPIO_Init) for LL_GPIO_Init
    main.o(i.main) refers to stm32g4xx_ll_exti.o(i.LL_EXTI_Init) for LL_EXTI_Init
    main.o(i.main) refers to stm32g4xx_ll_adc.o(i.LL_ADC_Init) for LL_ADC_Init
    main.o(i.main) refers to stm32g4xx_ll_adc.o(i.LL_ADC_REG_Init) for LL_ADC_REG_Init
    main.o(i.main) refers to stm32g4xx_ll_adc.o(i.LL_ADC_CommonInit) for LL_ADC_CommonInit
    main.o(i.main) refers to stm32g4xx_ll_adc.o(i.LL_ADC_INJ_Init) for LL_ADC_INJ_Init
    main.o(i.main) refers to system_stm32g4xx.o(.data) for SystemCoreClock
    main.o(i.main) refers to stm32g4xx_ll_comp.o(i.LL_COMP_Init) for LL_COMP_Init
    main.o(i.main) refers to stm32g4xx_ll_dac.o(i.LL_DAC_Init) for LL_DAC_Init
    main.o(i.main) refers to stm32g4xx_ll_i2c.o(i.LL_I2C_Init) for LL_I2C_Init
    main.o(i.main) refers to main.o(.constdata) for .constdata
    main.o(i.main) refers to stm32g4xx_ll_spi.o(i.LL_SPI_Init) for LL_SPI_Init
    main.o(i.main) refers to main.o(i.MX_TIM1_Init) for MX_TIM1_Init
    main.o(i.main) refers to stm32g4xx_ll_tim.o(i.LL_TIM_Init) for LL_TIM_Init
    main.o(i.main) refers to stm32g4xx_ll_tim.o(i.LL_TIM_OC_Init) for LL_TIM_OC_Init
    main.o(i.main) refers to stm32g4xx_ll_usart.o(i.LL_USART_Init) for LL_USART_Init
    main.o(i.main) refers to segger_rtt.o(i.SEGGER_RTT_Init) for SEGGER_RTT_Init
    main.o(i.main) refers to mcconfig.o(.data) for frameSendForUSART
[...]
    Removing stm32g4xx_ll_tim.o(.rrx_text), (6 bytes).
    Removing stm32g4xx_ll_tim.o(i.LL_TIM_BDTR_StructInit), (30 bytes).
    Removing stm32g4xx_ll_tim.o(i.LL_TIM_DeInit), (280 bytes).
    Removing stm32g4xx_ll_tim.o(i.LL_TIM_ENCODER_Init), (120 bytes).
    Removing stm32g4xx_ll_tim.o(i.LL_TIM_ENCODER_StructInit), (28 bytes).
    Removing stm32g4xx_ll_tim.o(i.LL_TIM_HALLSENSOR_Init), (100 bytes).
    Removing stm32g4xx_ll_tim.o(i.LL_TIM_HALLSENSOR_StructInit), (12 bytes).
    Removing stm32g4xx_ll_tim.o(i.LL_TIM_IC_Init), (236 bytes).
    Removing stm32g4xx_ll_tim.o(i.LL_TIM_IC_StructInit), (16 bytes).
    Removing stm32g4xx_ll_tim.o(i.LL_TIM_OC_StructInit), (20 bytes).
    Removing stm32g4xx_ll_tim.o(i.LL_TIM_StructInit), (16 bytes).
    Removing stm32g4xx_ll_usart.o(.rev16_text), (4 bytes).
    Removing stm32g4xx_ll_usart.o(.revsh_text), (4 bytes).
    Removing stm32g4xx_ll_usart.o(.rrx_text), (6 bytes).
    Removing stm32g4xx_ll_usart.o(i.LL_USART_ClockInit), (48 bytes).
    Removing stm32g4xx_ll_usart.o(i.LL_USART_ClockStructInit), (12 bytes).
    Removing stm32g4xx_ll_usart.o(i.LL_USART_DeInit), (128 bytes).
    Removing stm32g4xx_ll_usart.o(i.LL_USART_StructInit), (26 bytes).
    Removing system_stm32g4xx.o(.rev16_text), (4 bytes).
    Removing system_stm32g4xx.o(.revsh_text), (4 bytes).
    Removing system_stm32g4xx.o(.rrx_text), (6 bytes).
    Removing system_stm32g4xx.o(i.SystemCoreClockUpdate), (136 bytes).
    Removing mcconfig.o(.rev16_text), (4 bytes).
    Removing mcconfig.o(.revsh_text), (4 bytes).
    Removing mcconfig.o(.rrx_text), (6 bytes).
    Removing mcconfig.o(i.Hardware_GetTemperature), (52 bytes).
    Removing mcconfig.o(i.Hardware_Init), (2 bytes).
    Removing mcconfig.o(i.resetFrameReceiveForUSART), (12 bytes).
    Removing mcconfig.o(.bss), (24 bytes).
    Removing mcconfig.o(.constdata), (3 bytes).
    Removing mcconfig.o(.constdata), (3 bytes).
    Removing mcmath.o(i.AlphaBeta_Abc_Trans), (44 bytes).
    Removing mcmath.o(i.Max3), (36 bytes).
    Removing mcmath.o(i.MedianFilter), (100 bytes).
    Removing mcmath.o(i.Min3), (36 bytes).
    Removing mcmath.o(i.intrp1d_l), (26 bytes).
    Removing mcmath.o(i.plook_evencg), (72 bytes).
    Removing mctask.o(i.SectorVoltageLimit), (10 bytes).
    Removing mcparidentify.o(i.BPF_Order_2st), (76 bytes).
    Removing mcparidentify.o(i.LPF_Order_2st), (156 bytes).
    Removing mcparidentify.o(i.LPF_RMS), (128 bytes).
    Removing mcvar.o(i.reset_IncABZHandler), (132 bytes).
    Removing mcvar.o(i.reset_MCSysHandler), (28 bytes).
    Removing mcvar.o(i.reset_MotorParHandler), (52 bytes).
    Removing mcvar.o(i.reset_NSCheckHandler), (84 bytes).
    Removing mcvar.o(i.reset_NSIdentifyHandler), (88 bytes).
    Removing mcvar.o(i.reset_NonlinearFluxObsHandler), (144 bytes).
    Removing mcvar.o(i.reset_ParmeterHandler), (72 bytes).
    Removing mcvar.o(i.reset_SensorHandler), (72 bytes).
    Removing mcvar.o(i.reset_SpeedPICHandler), (36 bytes).
    Removing mcvar.o(i.reset_SvpwmHandler), (68 bytes).
    Removing mcvar.o(.data), (4 bytes).
    Removing mcvar.o(.data), (4 bytes).
    Removing mcvar.o(.data), (4 bytes).
    Removing mcvar.o(.data), (4 bytes).
    Removing mchvsensorless.o(i.NonlinearFluxPLLObs), (216 bytes).
    Removing mclvsensorless.o(i.HFPISensorlessObserver), (728 bytes).
    Removing mclvsensorless.o(i.HFPI_BPF1_2st), (136 bytes).
    Removing mclvsensorless.o(i.HFPI_LPF1_2st), (144 bytes).
    Removing mclvsensorless.o(i.HFPI_LPF2_2st), (136 bytes).
    Removing mclvsensorless.o(i.HFSISensorlessObserver), (488 bytes).
    Removing mclvsensorless.o(i.HFSI_AngleCompensate), (148 bytes).
    Removing mclvsensorless.o(i.HFSI_Observer), (160 bytes).
    Removing mclvsensorless.o(i.NSCheckStateMachine), (328 bytes).
    Removing mclvsensorless.o(i.NSIdentifyStateMachine), (272 bytes).
    Removing mclvsensorless.o(.data), (84 bytes).
    Removing segger_rtt.o(i.SEGGER_RTT_AllocDownBuffer), (124 bytes).
    Removing segger_rtt.o(i.SEGGER_RTT_AllocUpBuffer), (124 bytes).
    Removing segger_rtt.o(i.SEGGER_RTT_ConfigDownBuffer), (108 bytes).
    Removing segger_rtt.o(i.SEGGER_RTT_ConfigUpBuffer), (108 bytes).
    Removing segger_rtt.o(i.SEGGER_RTT_GetAvailWriteSpace), (40 bytes).
    Removing segger_rtt.o(i.SEGGER_RTT_GetBytesInBuffer), (36 bytes).
    Removing segger_rtt.o(i.SEGGER_RTT_GetKey), (164 bytes).
    Removing segger_rtt.o(i.SEGGER_RTT_HasData), (24 bytes).
    Removing segger_rtt.o(i.SEGGER_RTT_HasDataUp), (24 bytes).
    Removing segger_rtt.o(i.SEGGER_RTT_HasKey), (36 bytes).
    Removing segger_rtt.o(i.SEGGER_RTT_PutChar), (96 bytes).
    Removing segger_rtt.o(i.SEGGER_RTT_PutCharSkip), (92 bytes).
    Removing segger_rtt.o(i.SEGGER_RTT_PutCharSkipNoLock), (56 bytes).
    Removing segger_rtt.o(i.SEGGER_RTT_Read), (148 bytes).
    Removing segger_rtt.o(i.SEGGER_RTT_ReadNoLock), (128 bytes).
    Removing segger_rtt.o(i.SEGGER_RTT_ReadUpBuffer), (148 bytes).
    Removing segger_rtt.o(i.SEGGER_RTT_ReadUpBufferNoLock), (128 bytes).
    Removing segger_rtt.o(i.SEGGER_RTT_SetFlagsDownBuffer), (64 bytes).
    Removing segger_rtt.o(i.SEGGER_RTT_SetFlagsUpBuffer), (64 bytes).
    Removing segger_rtt.o(i.SEGGER_RTT_SetNameDownBuffer), (64 bytes).
    Removing segger_rtt.o(i.SEGGER_RTT_SetNameUpBuffer), (64 bytes).
    Removing segger_rtt.o(i.SEGGER_RTT_SetTerminal), (204 bytes).
    Removing segger_rtt.o(i.SEGGER_RTT_TerminalOut), (240 bytes).
    Removing segger_rtt.o(i.SEGGER_RTT_WaitKey), (156 bytes).
    Removing segger_rtt.o(i.SEGGER_RTT_Write), (56 bytes).
    Removing segger_rtt.o(i.SEGGER_RTT_WriteDownBuffer), (56 bytes).
    Removing segger_rtt.o(i.SEGGER_RTT_WriteDownBufferNoLock), (176 bytes).
    Removing segger_rtt.o(i.SEGGER_RTT_WriteNoLock), (176 bytes).
    Removing segger_rtt.o(i.SEGGER_RTT_WriteSkipNoLock), (116 bytes).
    Removing segger_rtt.o(i.SEGGER_RTT_WriteString), (64 bytes).
    Removing segger_rtt.o(i.SEGGER_RTT_WriteWithOverwriteNoLock), (160 bytes).
    Removing segger_rtt.o(i._WriteBlocking), (88 bytes).
    Removing segger_rtt.o(.data), (17 bytes).

191 unused section(s) (total 14133 bytes) removed from the image.

==============================================================================

Image Symbol Table

    Local Symbols

    Symbol Name                              Value     Ov Type        Size  Object(Section)

    ../Core/Src/main.c                       0x00000000   Number         0  main.o ABSOLUTE
    ../Core/Src/stm32g4xx_it.c               0x00000000   Number         0  stm32g4xx_it.o ABSOLUTE
    ../Core/Src/system_stm32g4xx.c           0x00000000   Number         0  system_stm32g4xx.o ABSOLUTE
    ../Drivers/STM32G4xx_HAL_Driver/Src/stm32g4xx_ll_adc.c 0x00000000   Number         0  stm32g4xx_ll_adc.o ABSOLUTE
    ../Drivers/STM32G4xx_HAL_Driver/Src/stm32g4xx_ll_comp.c 0x00000000   Number         0  stm32g4xx_ll_comp.o ABSOLUTE
    ../Drivers/STM32G4xx_HAL_Driver/Src/stm32g4xx_ll_cordic.c 0x00000000   Number         0  stm32g4xx_ll_cordic.o ABSOLUTE
    ../Drivers/STM32G4xx_HAL_Driver/Src/stm32g4xx_ll_crc.c 0x00000000   Number         0  stm32g4xx_ll_crc.o ABSOLUTE
    ../Drivers/STM32G4xx_HAL_Driver/Src/stm32g4xx_ll_dac.c 0x00000000   Number         0  stm32g4xx_ll_dac.o ABSOLUTE
    ../Drivers/STM32G4xx_HAL_Driver/Src/stm32g4xx_ll_dma.c 0x00000000   Number         0  stm32g4xx_ll_dma.o ABSOLUTE
    ../Drivers/STM32G4xx_HAL_Driver/Src/stm32g4xx_ll_exti.c 0x00000000   Number         0  stm32g4xx_ll_exti.o ABSOLUTE
    ../Drivers/STM32G4xx_HAL_Driver/Src/stm32g4xx_ll_gpio.c 0x00000000   Number         0  stm32g4xx_ll_gpio.o ABSOLUTE
    ../Drivers/STM32G4xx_HAL_Driver/Src/stm32g4xx_ll_i2c.c 0x00000000   Number         0  stm32g4xx_ll_i2c.o ABSOLUTE
    ../Drivers/STM32G4xx_HAL_Driver/Src/stm32g4xx_ll_pwr.c 0x00000000   Number         0  stm32g4xx_ll_pwr.o ABSOLUTE
    ../Drivers/STM32G4xx_HAL_Driver/Src/stm32g4xx_ll_rcc.c 0x00000000   Number         0  stm32g4xx_ll_rcc.o ABSOLUTE
    ../Drivers/STM32G4xx_HAL_Driver/Src/stm32g4xx_ll_spi.c 0x00000000   Number         0  stm32g4xx_ll_spi.o ABSOLUTE
    ../Drivers/STM32G4xx_HAL_Driver/Src/stm32g4xx_ll_tim.c 0x00000000   Number         0  stm32g4xx_ll_tim.o ABSOLUTE
    ../Drivers/STM32G4xx_HAL_Driver/Src/stm32g4xx_ll_usart.c 0x00000000   Number         0  stm32g4xx_ll_usart.o ABSOLUTE
    ../Drivers/STM32G4xx_HAL_Driver/Src/stm32g4xx_ll_utils.c 0x00000000   Number         0  stm32g4xx_ll_utils.o ABSOLUTE
    ../clib/angel/boardlib.s                 0x00000000   Number         0  boardinit3.o ABSOLUTE
    ../clib/angel/boardlib.s                 0x00000000   Number         0  boardinit2.o ABSOLUTE
    ../clib/angel/boardlib.s                 0x00000000   Number         0  boardinit1.o ABSOLUTE
    ../clib/angel/boardlib.s                 0x00000000   Number         0  boardshut.o ABSOLUTE
    ../clib/angel/handlers.s                 0x00000000   Number         0  __scatter_zi.o ABSOLUTE
    ../clib/angel/handlers.s                 0x00000000   Number         0  __scatter_copy.o ABSOLUTE
    ../clib/angel/kernel.s                   0x00000000   Number         0  __rtentry4.o ABSOLUTE
    ../clib/angel/kernel.s                   0x00000000   Number         0  __rtentry2.o ABSOLUTE
    ../clib/angel/kernel.s                   0x00000000   Number         0  __rtentry.o ABSOLUTE
    ../clib/angel/kernel.s                   0x00000000   Number         0  rtexit.o ABSOLUTE
    ../clib/angel/kernel.s                   0x00000000   Number         0  rtexit2.o ABSOLUTE
    ../clib/angel/rt.s                       0x00000000   Number         0  rt_raise.o ABSOLUTE
    ../clib/angel/scatter.s                  0x00000000   Number         0  __scatter.o ABSOLUTE
    ../clib/angel/startup.s                  0x00000000   Number         0  __main.o ABSOLUTE
    ../clib/angel/sys.s                      0x00000000   Number         0  libspace.o ABSOLUTE
    ../clib/angel/sys.s                      0x00000000   Number         0  indicate_semi.o ABSOLUTE
    ../clib/angel/sys.s                      0x00000000   Number         0  use_no_semi.o ABSOLUTE
    ../clib/angel/sys.s                      0x00000000   Number         0  sys_stackheap_outer.o ABSOLUTE
    ../clib/angel/sysapp.c                   0x00000000   Number         0  sys_exit.o ABSOLUTE
    ../clib/angel/sysapp.c                   0x00000000   Number         0  sys_command.o ABSOLUTE
    ../clib/angel/sysapp.c                   0x00000000   Number         0  sys_wrch.o ABSOLUTE
    ../clib/armsys.c                         0x00000000   Number         0  argv_veneer.o ABSOLUTE
    ../clib/armsys.c                         0x00000000   Number         0  _get_argv_nomalloc.o ABSOLUTE
    ../clib/armsys.c                         0x00000000   Number         0  no_argv.o ABSOLUTE
    ../clib/armsys.c                         0x00000000   Number         0  argv_veneer.o ABSOLUTE
    ../clib/heapalloc.c                      0x00000000   Number         0  hrguard.o ABSOLUTE
    ../clib/heapaux.c                        0x00000000   Number         0  heapauxi.o ABSOLUTE
    ../clib/libinit.s                        0x00000000   Number         0  libinit.o ABSOLUTE
    ../clib/libinit.s                        0x00000000   Number         0  libinit2.o ABSOLUTE
    ../clib/libinit.s                        0x00000000   Number         0  libshutdown.o ABSOLUTE
    ../clib/libinit.s                        0x00000000   Number         0  libshutdown2.o ABSOLUTE
    ../clib/memcpset.s                       0x00000000   Number         0  rt_memclr.o ABSOLUTE
    ../clib/memcpset.s                       0x00000000   Number         0  rt_memclr_w.o ABSOLUTE
    ../clib/memcpset.s                       0x00000000   Number         0  rt_memcpy_w.o ABSOLUTE
    ../clib/memcpset.s                       0x00000000   Number         0  rt_memcpy_v6.o ABSOLUTE
    ../clib/signal.c                         0x00000000   Number         0  defsig_rtmem_outer.o ABSOLUTE
    ../clib/signal.c                         0x00000000   Number         0  defsig_rtmem_formal.o ABSOLUTE
    ../clib/signal.c                         0x00000000   Number         0  defsig_rtmem_inner.o ABSOLUTE
    ../clib/signal.c                         0x00000000   Number         0  defsig_general.o ABSOLUTE
    ../clib/signal.c                         0x00000000   Number         0  defsig_rtred_inner.o ABSOLUTE
    ../clib/signal.c                         0x00000000   Number         0  defsig_abrt_inner.o ABSOLUTE
    ../clib/signal.c                         0x00000000   Number         0  defsig_fpe_inner.o ABSOLUTE
    ../clib/signal.c                         0x00000000   Number         0  defsig_other.o ABSOLUTE
    ../clib/signal.c                         0x00000000   Number         0  defsig_segv_inner.o ABSOLUTE
    ../clib/signal.c                         0x00000000   Number         0  defsig_cppl_inner.o ABSOLUTE
    ../clib/signal.c                         0x00000000   Number         0  defsig_exit.o ABSOLUTE
    ../clib/signal.c                         0x00000000   Number         0  defsig_pvfn_inner.o ABSOLUTE
    ../clib/signal.c                         0x00000000   Number         0  defsig_stak_inner.o ABSOLUTE
    ../clib/signal.c                         0x00000000   Number         0  __raise.o ABSOLUTE
    ../clib/signal.s                         0x00000000   Number         0  defsig.o ABSOLUTE
    ../clib/stdlib.c                         0x00000000   Number         0  exit.o ABSOLUTE
    ../clib/string.c                         0x00000000   Number         0  strlen.o ABSOLUTE
    ../fplib/fpinit.s                        0x00000000   Number         0  fpinit.o ABSOLUTE
    ..\Core\Src\main.c                       0x00000000   Number         0  main.o ABSOLUTE
    ..\Core\Src\stm32g4xx_it.c               0x00000000   Number         0  stm32g4xx_it.o ABSOLUTE
    ..\Core\Src\system_stm32g4xx.c           0x00000000   Number         0  system_stm32g4xx.o ABSOLUTE
    ..\Drivers\STM32G4xx_HAL_Driver\Src\stm32g4xx_ll_adc.c 0x00000000   Number         0  stm32g4xx_ll_adc.o ABSOLUTE
    ..\Drivers\STM32G4xx_HAL_Driver\Src\stm32g4xx_ll_comp.c 0x00000000   Number         0  stm32g4xx_ll_comp.o ABSOLUTE
    ..\Drivers\STM32G4xx_HAL_Driver\Src\stm32g4xx_ll_cordic.c 0x00000000   Number         0  stm32g4xx_ll_cordic.o ABSOLUTE
    ..\Drivers\STM32G4xx_HAL_Driver\Src\stm32g4xx_ll_crc.c 0x00000000   Number         0  stm32g4xx_ll_crc.o ABSOLUTE
    ..\Drivers\STM32G4xx_HAL_Driver\Src\stm32g4xx_ll_dac.c 0x00000000   Number         0  stm32g4xx_ll_dac.o ABSOLUTE
    ..\Drivers\STM32G4xx_HAL_Driver\Src\stm32g4xx_ll_dma.c 0x00000000   Number         0  stm32g4xx_ll_dma.o ABSOLUTE
    ..\Drivers\STM32G4xx_HAL_Driver\Src\stm32g4xx_ll_exti.c 0x00000000   Number         0  stm32g4xx_ll_exti.o ABSOLUTE
    ..\Drivers\STM32G4xx_HAL_Driver\Src\stm32g4xx_ll_gpio.c 0x00000000   Number         0  stm32g4xx_ll_gpio.o ABSOLUTE
    ..\Drivers\STM32G4xx_HAL_Driver\Src\stm32g4xx_ll_i2c.c 0x00000000   Number         0  stm32g4xx_ll_i2c.o ABSOLUTE
    ..\Drivers\STM32G4xx_HAL_Driver\Src\stm32g4xx_ll_pwr.c 0x00000000   Number         0  stm32g4xx_ll_pwr.o ABSOLUTE
    ..\Drivers\STM32G4xx_HAL_Driver\Src\stm32g4xx_ll_rcc.c 0x00000000   Number         0  stm32g4xx_ll_rcc.o ABSOLUTE
    ..\Drivers\STM32G4xx_HAL_Driver\Src\stm32g4xx_ll_spi.c 0x00000000   Number         0  stm32g4xx_ll_spi.o ABSOLUTE
    ..\Drivers\STM32G4xx_HAL_Driver\Src\stm32g4xx_ll_tim.c 0x00000000   Number         0  stm32g4xx_ll_tim.o ABSOLUTE
    ..\Drivers\STM32G4xx_HAL_Driver\Src\stm32g4xx_ll_usart.c 0x00000000   Number         0  stm32g4xx_ll_usart.o ABSOLUTE
    ..\Drivers\STM32G4xx_HAL_Driver\Src\stm32g4xx_ll_utils.c 0x00000000   Number         0  stm32g4xx_ll_utils.o ABSOLUTE
    ..\FOC\interface\mcConfig.c              0x00000000   Number         0  mcconfig.o ABSOLUTE
    ..\FOC\source\mcHVSensorless.c           0x00000000   Number         0  mchvsensorless.o ABSOLUTE
    ..\FOC\source\mcLVSensorless.c           0x00000000   Number         0  mclvsensorless.o ABSOLUTE
    ..\FOC\source\mcMath.c                   0x00000000   Number         0  mcmath.o ABSOLUTE
    ..\FOC\source\mcParIdentify.c            0x00000000   Number         0  mcparidentify.o ABSOLUTE
    ..\FOC\source\mcSensor.c                 0x00000000   Number         0  mcsensor.o ABSOLUTE
    ..\FOC\source\mcTask.c                   0x00000000   Number         0  mctask.o ABSOLUTE
    ..\FOC\source\mcVar.c                    0x00000000   Number         0  mcvar.o ABSOLUTE
    ..\SEGGER\RTT\SEGGER_RTT.c               0x00000000   Number         0  segger_rtt.o ABSOLUTE
    ..\\FOC\\interface\\mcConfig.c           0x00000000   Number         0  mcconfig.o ABSOLUTE
    dc.s                                     0x00000000   Number         0  dc.o ABSOLUTE
    startup_stm32g431xx.s                    0x00000000   Number         0  startup_stm32g431xx.o ABSOLUTE
    RESET                                    0x08000000   Section      472  startup_stm32g431xx.o(RESET)
    !!!main                                  0x080001d8   Section        8  __main.o(!!!main)
    !!!scatter                               0x080001e0   Section       52  __scatter.o(!!!scatter)
    !!handler_copy                           0x08000214   Section       26  __scatter_copy.o(!!handler_copy)
    !!handler_zi                             0x08000230   Section       28  __scatter_zi.o(!!handler_zi)
    .ARM.Collect$$libinit$$00000000          0x0800024c   Section        2  libinit.o(.ARM.Collect$$libinit$$00000000)
    .ARM.Collect$$libinit$$00000001          0x0800024e   Section        4  libinit2.o(.ARM.Collect$$libinit$$00000001)
    .ARM.Collect$$libinit$$00000004          0x08000252   Section        0  libinit2.o(.ARM.Collect$$libinit$$00000004)
    .ARM.Collect$$libinit$$0000000A          0x08000252   Section        0  libinit2.o(.ARM.Collect$$libinit$$0000000A)
    .ARM.Collect$$libinit$$0000000C          0x08000252   Section        0  libinit2.o(.ARM.Collect$$libinit$$0000000C)
    .ARM.Collect$$libinit$$0000000E          0x08000252   Section        0  libinit2.o(.ARM.Collect$$libinit$$0000000E)
    .ARM.Collect$$libinit$$00000011          0x08000252   Section        0  libinit2.o(.ARM.Collect$$libinit$$00000011)
    .ARM.Collect$$libinit$$00000013          0x08000252   Section        0  libinit2.o(.ARM.Collect$$libinit$$00000013)
    .ARM.Collect$$libinit$$00000015          0x08000252   Section        0  libinit2.o(.ARM.Collect$$libinit$$00000015)
    .ARM.Collect$$libinit$$00000017          0x08000252   Section        0  libinit2.o(.ARM.Collect$$libinit$$00000017)
    .ARM.Collect$$libinit$$00000019          0x08000252   Section        0  libinit2.o(.ARM.Collect$$libinit$$00000019)
    .ARM.Collect$$libinit$$0000001B          0x08000252   Section        0  libinit2.o(.ARM.Collect$$libinit$$0000001B)
    .ARM.Collect$$libinit$$0000001D          0x08000252   Section        0  libinit2.o(.ARM.Collect$$libinit$$0000001D)
    .ARM.Collect$$libinit$$0000001F          0x08000252   Section        0  libinit2.o(.ARM.Collect$$libinit$$0000001F)
    .ARM.Collect$$libinit$$00000021          0x08000252   Section        0  libinit2.o(.ARM.Collect$$libinit$$00000021)
    .ARM.Collect$$libinit$$00000023          0x08000252   Section        0  libinit2.o(.ARM.Collect$$libinit$$00000023)
    .ARM.Collect$$libinit$$00000025          0x08000252   Section        0  libinit2.o(.ARM.Collect$$libinit$$00000025)
    .ARM.Collect$$libinit$$0000002C          0x08000252   Section        0  libinit2.o(.ARM.Collect$$libinit$$0000002C)
    .ARM.Collect$$libinit$$0000002E          0x08000252   Section        0  libinit2.o(.ARM.Collect$$libinit$$0000002E)
    .ARM.Collect$$libinit$$00000030          0x08000252   Section        0  libinit2.o(.ARM.Collect$$libinit$$00000030)
    .ARM.Collect$$libinit$$00000032          0x08000252   Section        0  libinit2.o(.ARM.Collect$$libinit$$00000032)
    .ARM.Collect$$libinit$$00000033          0x08000252   Section        2  libinit2.o(.ARM.Collect$$libinit$$00000033)
    .ARM.Collect$$libshutdown$$00000000      0x08000254   Section        2  libshutdown.o(.ARM.Collect$$libshutdown$$00000000)
    .ARM.Collect$$libshutdown$$00000002      0x08000256   Section        0  libshutdown2.o(.ARM.Collect$$libshutdown$$00000002)
    .ARM.Collect$$libshutdown$$00000004      0x08000256   Section        0  libshutdown2.o(.ARM.Collect$$libshutdown$$00000004)
    .ARM.Collect$$libshutdown$$00000006      0x08000256   Section        0  libshutdown2.o(.ARM.Collect$$libshutdown$$00000006)
    .ARM.Collect$$libshutdown$$00000009      0x08000256   Section        0  libshutdown2.o(.ARM.Collect$$libshutdown$$00000009)
    .ARM.Collect$$libshutdown$$0000000C      0x08000256   Section        0  libshutdown2.o(.ARM.Collect$$libshutdown$$0000000C)
    .ARM.Collect$$libshutdown$$0000000E      0x08000256   Section        0  libshutdown2.o(.ARM.Collect$$libshutdown$$0000000E)
    .ARM.Collect$$libshutdown$$00000011      0x08000256   Section        0  libshutdown2.o(.ARM.Collect$$libshutdown$$00000011)
    .ARM.Collect$$libshutdown$$00000012      0x08000256   Section        2  libshutdown2.o(.ARM.Collect$$libshutdown$$00000012)
    .ARM.Collect$$rtentry$$00000000          0x08000258   Section        0  __rtentry.o(.ARM.Collect$$rtentry$$00000000)
    .ARM.Collect$$rtentry$$00000002          0x08000258   Section        0  __rtentry2.o(.ARM.Collect$$rtentry$$00000002)
    .ARM.Collect$$rtentry$$00000004          0x08000258   Section        6  __rtentry4.o(.ARM.Collect$$rtentry$$00000004)
    .ARM.Collect$$rtentry$$00000009          0x0800025e   Section        0  __rtentry2.o(.ARM.Collect$$rtentry$$00000009)
    .ARM.Collect$$rtentry$$0000000A          0x0800025e   Section        4  __rtentry2.o(.ARM.Collect$$rtentry$$0000000A)
    .ARM.Collect$$rtentry$$0000000C          0x08000262   Section        0  __rtentry2.o(.ARM.Collect$$rtentry$$0000000C)
    .ARM.Collect$$rtentry$$0000000D          0x08000262   Section        8  __rtentry2.o(.ARM.Collect$$rtentry$$0000000D)
    .ARM.Collect$$rtexit$$00000000           0x0800026a   Section        2  rtexit.o(.ARM.Collect$$rtexit$$00000000)
    .ARM.Collect$$rtexit$$00000002           0x0800026c   Section        0  rtexit2.o(.ARM.Collect$$rtexit$$00000002)
    .ARM.Collect$$rtexit$$00000003           0x0800026c   Section        4  rtexit2.o(.ARM.Collect$$rtexit$$00000003)
    .ARM.Collect$$rtexit$$00000004           0x08000270   Section        6  rtexit2.o(.ARM.Collect$$rtexit$$00000004)
    .text                                    0x08000278   Section       64  startup_stm32g431xx.o(.text)
    $v0                                      0x08000278   Number         0  startup_stm32g431xx.o(.text)
    .text                                    0x080002b8   Section       78  rt_memclr_w.o(.text)
    .text                                    0x08000306   Section        0  heapauxi.o(.text)
    .text                                    0x0800030c   Section       74  sys_stackheap_outer.o(.text)
    .text                                    0x08000356   Section        0  exit.o(.text)
    .text                                    0x08000368   Section        8  libspace.o(.text)
    .text                                    0x08000370   Section        0  sys_exit.o(.text)
    .text                                    0x0800037c   Section        2  use_no_semi.o(.text)
    .text                                    0x0800037e   Section        0  indicate_semi.o(.text)
    i.ADC1_2_IRQHandler                      0x0800037e   Section        0  stm32g4xx_it.o(i.ADC1_2_IRQHandler)
    i.Abc_AlphaBeta_Trans                    0x080003a0   Section        0  mcmath.o(i.Abc_AlphaBeta_Trans)
    i.AlphaBeta_Dq_Trans                     0x080003c4   Section        0  mcmath.o(i.AlphaBeta_Dq_Trans)
    i.BusFault_Handler                       0x080003f6   Section        0  stm32g4xx_it.o(i.BusFault_Handler)
    i.CalculateSinCosValue                   0x080003f8   Section        0  mcmath.o(i.CalculateSinCosValue)
    i.CurrentPIController                    0x080003fc   Section        0  mctask.o(i.CurrentPIController)
    i.DMA1_Channel1_IRQHandler               0x0800051c   Section        0  stm32g4xx_it.o(i.DMA1_Channel1_IRQHandler)
    i.DMA1_Channel2_IRQHandler               0x0800051e   Section        0  stm32g4xx_it.o(i.DMA1_Channel2_IRQHandler)
    i.DMA2_Channel1_IRQHandler               0x08000520   Section        0  stm32g4xx_it.o(i.DMA2_Channel1_IRQHandler)
    i.DMA2_Channel2_IRQHandler               0x08000522   Section        0  stm32g4xx_it.o(i.DMA2_Channel2_IRQHandler)
    i.DebugMon_Handler                       0x08000524   Section        0  stm32g4xx_it.o(i.DebugMon_Handler)
    i.Dq_AlphaBeta_Trans                     0x08000526   Section        0  mcmath.o(i.Dq_AlphaBeta_Trans)
    i.EXTI9_5_IRQHandler                     0x08000558   Section        0  stm32g4xx_it.o(i.EXTI9_5_IRQHandler)
    i.FOC_Method_IncABZ                      0x0800059c   Section        0  mctask.o(i.FOC_Method_IncABZ)
    i.FOC_Method_NonlinearFlux               0x08000770   Section        0  mctask.o(i.FOC_Method_NonlinearFlux)
    i.FOC_Method_ParIdentify                 0x080008a4   Section        0  mctask.o(i.FOC_Method_ParIdentify)
    i.FastReciprocalSquareRoot               0x080009f4   Section        0  mcmath.o(i.FastReciprocalSquareRoot)
    i.FastSquareRoot                         0x080009f8   Section        0  mcmath.o(i.FastSquareRoot)
    i.HardFault_Handler                      0x080009fc   Section        0  stm32g4xx_it.o(i.HardFault_Handler)
    i.Hardware_FastReciprocalSquareRoot      0x08000a00   Section        0  mcconfig.o(i.Hardware_FastReciprocalSquareRoot)
    i.Hardware_FastSquareRoot                0x08000a2c   Section        0  mcconfig.o(i.Hardware_FastSquareRoot)
    i.Hardware_ForceSwitchOnAllLowSides      0x08000a48   Section        0  mcconfig.o(i.Hardware_ForceSwitchOnAllLowSides)
    i.Hardware_GetABZCounter                 0x08000a90   Section        0  mcconfig.o(i.Hardware_GetABZCounter)
    i.Hardware_GetABZCounterDir              0x08000a9c   Section        0  mcconfig.o(i.Hardware_GetABZCounterDir)
    i.Hardware_GetBusVoltage                 0x08000ab0   Section        0  mcconfig.o(i.Hardware_GetBusVoltage)
    i.Hardware_GetCurrentOffset              0x08000b34   Section        0  mcconfig.o(i.Hardware_GetCurrentOffset)
    i.Hardware_GetSinCosVal                  0x08000ba4   Section        0  mcconfig.o(i.Hardware_GetSinCosVal)
    i.Hardware_MCStartOrStop                 0x08000bf4   Section        0  mcconfig.o(i.Hardware_MCStartOrStop)
    i.Hardware_PerformanceTaskEvent          0x08000c2c   Section        0  mcconfig.o(i.Hardware_PerformanceTaskEvent)
    i.Hardware_ResetAllLowSides              0x08000c30   Section        0  mcconfig.o(i.Hardware_ResetAllLowSides)
    i.Hardware_SafatyTaskEvent               0x08000c78   Section        0  mcconfig.o(i.Hardware_SafatyTaskEvent)
    i.Hardware_SetCCR                        0x08000e28   Section        0  mcconfig.o(i.Hardware_SetCCR)
    i.Hardware_StartPWM                      0x08000e38   Section        0  mcconfig.o(i.Hardware_StartPWM)
    i.Hardware_StopPWM                       0x08000e78   Section        0  mcconfig.o(i.Hardware_StopPWM)
    i.Hardwarre_SetABZCounter                0x08000eb8   Section        0  mcconfig.o(i.Hardwarre_SetABZCounter)
    i.Harware_GetCurrentAB                   0x08000ec4   Section        0  mcconfig.o(i.Harware_GetCurrentAB)
    i.IncAbzCalculateRealEleAngle            0x08000f34   Section        0  mcsensor.o(i.IncAbzCalculateRealEleAngle)
    i.IncAbzCalculateRealEleSpeed            0x08000f70   Section        0  mcsensor.o(i.IncAbzCalculateRealEleSpeed)
    i.LL_ADC_CommonInit                      0x08001030   Section        0  stm32g4xx_ll_adc.o(i.LL_ADC_CommonInit)
    i.LL_ADC_INJ_Init                        0x08001084   Section        0  stm32g4xx_ll_adc.o(i.LL_ADC_INJ_Init)
    i.LL_ADC_Init                            0x080010d6   Section        0  stm32g4xx_ll_adc.o(i.LL_ADC_Init)
    i.LL_ADC_REG_Init                        0x08001108   Section        0  stm32g4xx_ll_adc.o(i.LL_ADC_REG_Init)
    i.LL_COMP_Init                           0x08001174   Section        0  stm32g4xx_ll_comp.o(i.LL_COMP_Init)
    i.LL_DAC_Init                            0x080011b4   Section        0  stm32g4xx_ll_dac.o(i.LL_DAC_Init)
    i.LL_EXTI_Init                           0x0800128c   Section        0  stm32g4xx_ll_exti.o(i.LL_EXTI_Init)
    i.LL_GPIO_Init                           0x08001440   Section        0  stm32g4xx_ll_gpio.o(i.LL_GPIO_Init)
    i.LL_I2C_Init                            0x08001592   Section        0  stm32g4xx_ll_i2c.o(i.LL_I2C_Init)
    i.LL_Init1msTick                         0x08001600   Section        0  stm32g4xx_ll_utils.o(i.LL_Init1msTick)
    i.LL_RCC_GetUARTClockFreq                0x0800161c   Section        0  stm32g4xx_ll_rcc.o(i.LL_RCC_GetUARTClockFreq)
    i.LL_RCC_GetUSARTClockFreq               0x080016a4   Section        0  stm32g4xx_ll_rcc.o(i.LL_RCC_GetUSARTClockFreq)
    i.LL_SPI_Init                            0x080017cc   Section        0  stm32g4xx_ll_spi.o(i.LL_SPI_Init)
    i.LL_SetSystemCoreClock                  0x08001848   Section        0  stm32g4xx_ll_utils.o(i.LL_SetSystemCoreClock)
    i.LL_TIM_BDTR_Init                       0x08001854   Section        0  stm32g4xx_ll_tim.o(i.LL_TIM_BDTR_Init)
    i.LL_TIM_Init                            0x080018cc   Section        0  stm32g4xx_ll_tim.o(i.LL_TIM_Init)
    i.LL_TIM_OC_Init                         0x0800197c   Section        0  stm32g4xx_ll_tim.o(i.LL_TIM_OC_Init)
    i.LL_TIM_OC_SetMode                      0x08001cd0   Section        0  mcconfig.o(i.LL_TIM_OC_SetMode)
    LL_TIM_OC_SetMode                        0x08001cd1   Thumb Code   116  mcconfig.o(i.LL_TIM_OC_SetMode)
    i.LL_USART_Init                          0x08001d50   Section        0  stm32g4xx_ll_usart.o(i.LL_USART_Init)
    i.MCParIdentify_Rs_Ls                    0x08001e40   Section        0  mcparidentify.o(i.MCParIdentify_Rs_Ls)
    i.MX_TIM1_Init                           0x0800210c   Section        0  main.o(i.MX_TIM1_Init)
    MX_TIM1_Init                             0x0800210d   Thumb Code   730  main.o(i.MX_TIM1_Init)
    i.MemManage_Handler                      0x08002404   Section        0  stm32g4xx_it.o(i.MemManage_Handler)
    i.NMI_Handler                            0x08002406   Section        0  stm32g4xx_it.o(i.NMI_Handler)
    i.NVIC_EncodePriority                    0x08002408   Section        0  main.o(i.NVIC_EncodePriority)
    NVIC_EncodePriority                      0x08002409   Thumb Code    54  main.o(i.NVIC_EncodePriority)
    i.NonlinearFluxObsProcess                0x08002440   Section        0  mchvsensorless.o(i.NonlinearFluxObsProcess)
    i.PendSV_Handler                         0x080025fc   Section        0  stm32g4xx_it.o(i.PendSV_Handler)
    i.PerformanceCriticalTask                0x08002600   Section        0  mctask.o(i.PerformanceCriticalTask)
    i.RCC_GetSystemClockFreq                 0x08002698   Section        0  stm32g4xx_ll_rcc.o(i.RCC_GetSystemClockFreq)
    RCC_GetSystemClockFreq                   0x08002699   Thumb Code    88  stm32g4xx_ll_rcc.o(i.RCC_GetSystemClockFreq)
    i.SEGGER_RTT_Init                        0x080026fc   Section        0  segger_rtt.o(i.SEGGER_RTT_Init)
    i.SVC_Handler                            0x08002700   Section        0  stm32g4xx_it.o(i.SVC_Handler)
    i.SafetyTask                             0x08002704   Section        0  mctask.o(i.SafetyTask)
    i.SectorCalModeSvpwm                     0x080028cc   Section        0  mctask.o(i.SectorCalModeSvpwm)
    i.SpeedPIController                      0x08002ae8   Section        0  mctask.o(i.SpeedPIController)
    i.SysTick_Handler                        0x08002b8c   Section        0  stm32g4xx_it.o(i.SysTick_Handler)
    i.SystemClock_Config                     0x08002b90   Section        0  main.o(i.SystemClock_Config)
    i.SystemInit                             0x08002c74   Section        0  system_stm32g4xx.o(i.SystemInit)
    i.TIM8_UP_IRQHandler                     0x08002c84   Section        0  stm32g4xx_it.o(i.TIM8_UP_IRQHandler)
    i.UsageFault_Handler                     0x08002ca8   Section        0  stm32g4xx_it.o(i.UsageFault_Handler)
    i._DoInit                                0x08002cac   Section        0  segger_rtt.o(i._DoInit)
    _DoInit                                  0x08002cad   Thumb Code    90  segger_rtt.o(i._DoInit)
    i.atan2Rad                               0x08002d1c   Section        0  mcmath.o(i.atan2Rad)
    i.main                                   0x08002e30   Section        0  main.o(i.main)
    i.reset_All                              0x080046cc   Section        0  mcvar.o(i.reset_All)
    i.reset_CurrentPICHandler                0x08004970   Section        0  mcvar.o(i.reset_CurrentPICHandler)
    i.reset_HFPIHandler                      0x0800499c   Section        0  mcvar.o(i.reset_HFPIHandler)
    i.reset_HFSIHandler                      0x08004a10   Section        0  mcvar.o(i.reset_HFSIHandler)
    x$fpl$fpinit                             0x08004aa8   Section       10  fpinit.o(x$fpl$fpinit)
    $v0                                      0x08004aa8   Number         0  fpinit.o(x$fpl$fpinit)
    .constdata                               0x08004ab2   Section       46  main.o(.constdata)
    CHANNEL_OFFSET_TAB                       0x08004ab2   Data           6  main.o(.constdata)
    OFFSET_TAB_CCMRx                         0x08004ab8   Data          10  main.o(.constdata)
    SHIFT_TAB_OCxx                           0x08004ac2   Data          10  main.o(.constdata)
    SHIFT_TAB_ICxx                           0x08004acc   Data          10  main.o(.constdata)
    SHIFT_TAB_CCxP                           0x08004ad6   Data          10  main.o(.constdata)
    .constdata                               0x08004ae0   Section       48  stm32g4xx_ll_usart.o(.constdata)
    USART_PRESCALER_TAB                      0x08004ae0   Data          48  stm32g4xx_ll_usart.o(.constdata)
    .constdata                               0x08004b10   Section       16  system_stm32g4xx.o(.constdata)
    .constdata                               0x08004b20   Section        8  system_stm32g4xx.o(.constdata)
    .constdata                               0x08004b28   Section       26  mcconfig.o(.constdata)
    CHANNEL_OFFSET_TAB                       0x08004b28   Data           6  mcconfig.o(.constdata)
    OFFSET_TAB_CCMRx                         0x08004b2e   Data          10  mcconfig.o(.constdata)
    SHIFT_TAB_OCxx                           0x08004b38   Data          10  mcconfig.o(.constdata)
    .constdata                               0x08004b44   Section     1020  mcmath.o(.constdata)
    tableData_c                              0x08004b44   Data        1020  mcmath.o(.constdata)
    .constdata                               0x08004f40   Section       17  segger_rtt.o(.constdata)
    _aInitStr                                0x08004f40   Data          17  segger_rtt.o(.constdata)
    .data                                    0x20000000   Section        2  main.o(.data)
    .data                                    0x20000004   Section        4  system_stm32g4xx.o(.data)
    .data                                    0x20000008   Section       24  mcconfig.o(.data)
    isStart                                  0x20000008   Data           1  mcconfig.o(.data)
    index                                    0x2000000a   Data           2  mcconfig.o(.data)
    key3Cnt                                  0x2000000c   Data           2  mcconfig.o(.data)
    timeBase                                 0x20000010   Data           4  mcconfig.o(.data)
    .data                                    0x20000020   Section       16  mctask.o(.data)
    polarity                                 0x20000020   Data           4  mctask.o(.data)
    sysRunTimeCnt                            0x20000028   Data           8  mctask.o(.data)
    .data                                    0x20000030   Section       56  mcparidentify.o(.data)
    out1                                     0x20000030   Data           4  mcparidentify.o(.data)
    out2                                     0x20000034   Data           4  mcparidentify.o(.data)
    in1                                      0x20000038   Data           4  mcparidentify.o(.data)
    nums                                     0x2000003c   Data           4  mcparidentify.o(.data)
    out2                                     0x20000040   Data           8  mcparidentify.o(.data)
    out1                                     0x20000048   Data           8  mcparidentify.o(.data)
    out0                                     0x20000050   Data           8  mcparidentify.o(.data)
    in1                                      0x20000058   Data           8  mcparidentify.o(.data)
    totalSquare                              0x20000060   Data           8  mcparidentify.o(.data)
    .data                                    0x20000068   Section       20  mcvar.o(.data)
    .data                                    0x2000007c   Section        4  mcvar.o(.data)
    .data                                    0x20000080   Section        4  mcvar.o(.data)
    .data                                    0x20000084   Section        4  mcvar.o(.data)
    .data                                    0x20000088   Section        4  mcvar.o(.data)
    .data                                    0x2000008c   Section        4  mcvar.o(.data)
    .data                                    0x20000090   Section        4  mcvar.o(.data)
    .data                                    0x20000094   Section        4  mcvar.o(.data)
    .data                                    0x20000098   Section        4  mcvar.o(.data)
    .data                                    0x2000009c   Section        4  mcvar.o(.data)
    .data                                    0x200000a0   Section        4  mcvar.o(.data)
    .data                                    0x200000a4   Section        4  mcsensor.o(.data)
    realEleSpeed                             0x200000a4   Data           4  mcsensor.o(.data)
    .bss                                     0x200000a8   Section      128  mcconfig.o(.bss)
    .bss                                     0x20000128   Section      684  mcvar.o(.bss)
    .bss                                     0x200003d4   Section     1208  segger_rtt.o(.bss)
    _acUpBuffer                              0x2000047c   Data        1024  segger_rtt.o(.bss)
    _acDownBuffer                            0x2000087c   Data          16  segger_rtt.o(.bss)
    .bss                                     0x2000088c   Section       96  libspace.o(.bss)
    HEAP                                     0x200008f0   Section      512  startup_stm32g431xx.o(HEAP)
    Heap_Mem                                 0x200008f0   Data         512  startup_stm32g431xx.o(HEAP)
    STACK                                    0x20000af0   Section     1024  startup_stm32g431xx.o(STACK)
    Stack_Mem                                0x20000af0   Data        1024  startup_stm32g431xx.o(STACK)
    __initial_sp                             0x20000ef0   Data           0  startup_stm32g431xx.o(STACK)

    Global Symbols

    Symbol Name                              Value     Ov Type        Size  Object(Section)

    BuildAttributes$$THM_ISAv4$E$P$D$K$B$S$7EM$VFPi3$EXTD16$VFPS$VFMA$PE$A:L22UL41UL21$X:L11$S22US41US21$IEEE1$IW$USESV6$~STKCKD$USESV7$~SHL$OTIME$ROPI$EBA8$UX$STANDARDLIB$REQ8$PRES8$EABIv2 0x00000000   Number         0  anon$$obj.o ABSOLUTE
    __ARM_use_no_argv                        0x00000000   Number         0  main.o ABSOLUTE
    __ARM_exceptions_init                     - Undefined Weak Reference
    __alloca_initialize                       - Undefined Weak Reference
    __arm_fini_                               - Undefined Weak Reference
    __arm_preinit_                            - Undefined Weak Reference
    __cpp_initialize__aeabi_                  - Undefined Weak Reference
    __cxa_finalize                            - Undefined Weak Reference
    __rt_locale                               - Undefined Weak Reference
    __sigvec_lookup                           - Undefined Weak Reference
    _atexit_init                              - Undefined Weak Reference
    _call_atexit_fns                          - Undefined Weak Reference
    _clock_init                               - Undefined Weak Reference
    _fp_trap_init                             - Undefined Weak Reference
    _fp_trap_shutdown                         - Undefined Weak Reference
    _get_lc_collate                           - Undefined Weak Reference
    _get_lc_ctype                             - Undefined Weak Reference
    _get_lc_monetary                          - Undefined Weak Reference
    _get_lc_numeric                           - Undefined Weak Reference
    _get_lc_time                              - Undefined Weak Reference
    _getenv_init                              - Undefined Weak Reference
    _handle_redirection                       - Undefined Weak Reference
    _init_alloc                               - Undefined Weak Reference
    _init_user_alloc                          - Undefined Weak Reference
    _initio                                   - Undefined Weak Reference
    _rand_init                                - Undefined Weak Reference
    _signal_finish                            - Undefined Weak Reference
    _signal_init                              - Undefined Weak Reference
    _terminate_alloc                          - Undefined Weak Reference
    _terminate_user_alloc                     - Undefined Weak Reference
    _terminateio                              - Undefined Weak Reference
    __Vectors_Size                           0x000001d8   Number         0  startup_stm32g431xx.o ABSOLUTE
    __Vectors                                0x08000000   Data           4  startup_stm32g431xx.o(RESET)
    __Vectors_End                            0x080001d8   Data           0  startup_stm32g431xx.o(RESET)
    __main                                   0x080001d9   Thumb Code     8  __main.o(!!!main)
    __scatterload                            0x080001e1   Thumb Code     0  __scatter.o(!!!scatter)
    __scatterload_rt2                        0x080001e1   Thumb Code    44  __scatter.o(!!!scatter)
    __scatterload_rt2_thumb_only             0x080001e1   Thumb Code     0  __scatter.o(!!!scatter)
    __scatterload_null                       0x080001ef   Thumb Code     0  __scatter.o(!!!scatter)
    __scatterload_copy                       0x08000215   Thumb Code    26  __scatter_copy.o(!!handler_copy)
    __scatterload_zeroinit                   0x08000231   Thumb Code    28  __scatter_zi.o(!!handler_zi)
    __rt_lib_init                            0x0800024d   Thumb Code     0  libinit.o(.ARM.Collect$$libinit$$00000000)
    __rt_lib_init_fp_1                       0x0800024f   Thumb Code     0  libinit2.o(.ARM.Collect$$libinit$$00000001)
    __rt_lib_init_alloca_1                   0x08000253   Thumb Code     0  libinit2.o(.ARM.Collect$$libinit$$0000002E)
    __rt_lib_init_argv_1                     0x08000253   Thumb Code     0  libinit2.o(.ARM.Collect$$libinit$$0000002C)
    __rt_lib_init_atexit_1                   0x08000253   Thumb Code     0  libinit2.o(.ARM.Collect$$libinit$$0000001B)
    __rt_lib_init_clock_1                    0x08000253   Thumb Code     0  libinit2.o(.ARM.Collect$$libinit$$00000021)
    __rt_lib_init_cpp_1                      0x08000253   Thumb Code     0  libinit2.o(.ARM.Collect$$libinit$$00000032)
    __rt_lib_init_exceptions_1               0x08000253   Thumb Code     0  libinit2.o(.ARM.Collect$$libinit$$00000030)
    __rt_lib_init_fp_trap_1                  0x08000253   Thumb Code     0  libinit2.o(.ARM.Collect$$libinit$$0000001F)
    __rt_lib_init_getenv_1                   0x08000253   Thumb Code     0  libinit2.o(.ARM.Collect$$libinit$$00000023)
    __rt_lib_init_heap_1                     0x08000253   Thumb Code     0  libinit2.o(.ARM.Collect$$libinit$$0000000A)
    __rt_lib_init_lc_collate_1               0x08000253   Thumb Code     0  libinit2.o(.ARM.Collect$$libinit$$00000011)
    __rt_lib_init_lc_ctype_1                 0x08000253   Thumb Code     0  libinit2.o(.ARM.Collect$$libinit$$00000013)
    __rt_lib_init_lc_monetary_1              0x08000253   Thumb Code     0  libinit2.o(.ARM.Collect$$libinit$$00000015)
    __rt_lib_init_lc_numeric_1               0x08000253   Thumb Code     0  libinit2.o(.ARM.Collect$$libinit$$00000017)
    __rt_lib_init_lc_time_1                  0x08000253   Thumb Code     0  libinit2.o(.ARM.Collect$$libinit$$00000019)
    __rt_lib_init_preinit_1                  0x08000253   Thumb Code     0  libinit2.o(.ARM.Collect$$libinit$$00000004)
    __rt_lib_init_rand_1                     0x08000253   Thumb Code     0  libinit2.o(.ARM.Collect$$libinit$$0000000E)
    __rt_lib_init_return                     0x08000253   Thumb Code     0  libinit2.o(.ARM.Collect$$libinit$$00000033)
    __rt_lib_init_signal_1                   0x08000253   Thumb Code     0  libinit2.o(.ARM.Collect$$libinit$$0000001D)
    __rt_lib_init_stdio_1                    0x08000253   Thumb Code     0  libinit2.o(.ARM.Collect$$libinit$$00000025)
    __rt_lib_init_user_alloc_1               0x08000253   Thumb Code     0  libinit2.o(.ARM.Collect$$libinit$$0000000C)
    __rt_lib_shutdown                        0x08000255   Thumb Code     0  libshutdown.o(.ARM.Collect$$libshutdown$$00000000)
    __rt_lib_shutdown_cpp_1                  0x08000257   Thumb Code     0  libshutdown2.o(.ARM.Collect$$libshutdown$$00000004)
    __rt_lib_shutdown_fini_1                 0x08000257   Thumb Code     0  libshutdown2.o(.ARM.Collect$$libshutdown$$00000002)
    __rt_lib_shutdown_fp_trap_1              0x08000257   Thumb Code     0  libshutdown2.o(.ARM.Collect$$libshutdown$$00000009)
    __rt_lib_shutdown_heap_1                 0x08000257   Thumb Code     0  libshutdown2.o(.ARM.Collect$$libshutdown$$00000011)
    __rt_lib_shutdown_return                 0x08000257   Thumb Code     0  libshutdown2.o(.ARM.Collect$$libshutdown$$00000012)
    __rt_lib_shutdown_signal_1               0x08000257   Thumb Code     0  libshutdown2.o(.ARM.Collect$$libshutdown$$0000000C)
    __rt_lib_shutdown_stdio_1                0x08000257   Thumb Code     0  libshutdown2.o(.ARM.Collect$$libshutdown$$00000006)
    __rt_lib_shutdown_user_alloc_1           0x08000257   Thumb Code     0  libshutdown2.o(.ARM.Collect$$libshutdown$$0000000E)
    __rt_entry                               0x08000259   Thumb Code     0  __rtentry.o(.ARM.Collect$$rtentry$$00000000)
    __rt_entry_presh_1                       0x08000259   Thumb Code     0  __rtentry2.o(.ARM.Collect$$rtentry$$00000002)
    __rt_entry_sh                            0x08000259   Thumb Code     0  __rtentry4.o(.ARM.Collect$$rtentry$$00000004)
    __rt_entry_li                            0x0800025f   Thumb Code     0  __rtentry2.o(.ARM.Collect$$rtentry$$0000000A)
    __rt_entry_postsh_1                      0x0800025f   Thumb Code     0  __rtentry2.o(.ARM.Collect$$rtentry$$00000009)
    __rt_entry_main                          0x08000263   Thumb Code     0  __rtentry2.o(.ARM.Collect$$rtentry$$0000000D)
    __rt_entry_postli_1                      0x08000263   Thumb Code     0  __rtentry2.o(.ARM.Collect$$rtentry$$0000000C)
    __rt_exit                                0x0800026b   Thumb Code     0  rtexit.o(.ARM.Collect$$rtexit$$00000000)
    __rt_exit_ls                             0x0800026d   Thumb Code     0  rtexit2.o(.ARM.Collect$$rtexit$$00000003)
    __rt_exit_prels_1                        0x0800026d   Thumb Code     0  rtexit2.o(.ARM.Collect$$rtexit$$00000002)
    __rt_exit_exit                           0x08000271   Thumb Code     0  rtexit2.o(.ARM.Collect$$rtexit$$00000004)
    Reset_Handler                            0x08000279   Thumb Code     8  startup_stm32g431xx.o(.text)
    COMP1_2_3_IRQHandler                     0x08000293   Thumb Code     0  startup_stm32g431xx.o(.text)
    COMP4_IRQHandler                         0x08000293   Thumb Code     0  startup_stm32g431xx.o(.text)
    CORDIC_IRQHandler                        0x08000293   Thumb Code     0  startup_stm32g431xx.o(.text)
    CRS_IRQHandler                           0x08000293   Thumb Code     0  startup_stm32g431xx.o(.text)
    DMA1_Channel3_IRQHandler                 0x08000293   Thumb Code     0  startup_stm32g431xx.o(.text)
    DMA1_Channel4_IRQHandler                 0x08000293   Thumb Code     0  startup_stm32g431xx.o(.text)
    DMA1_Channel5_IRQHandler                 0x08000293   Thumb Code     0  startup_stm32g431xx.o(.text)
    DMA1_Channel6_IRQHandler                 0x08000293   Thumb Code     0  startup_stm32g431xx.o(.text)
    DMA2_Channel3_IRQHandler                 0x08000293   Thumb Code     0  startup_stm32g431xx.o(.text)
    DMA2_Channel4_IRQHandler                 0x08000293   Thumb Code     0  startup_stm32g431xx.o(.text)
    DMA2_Channel5_IRQHandler                 0x08000293   Thumb Code     0  startup_stm32g431xx.o(.text)
    DMA2_Channel6_IRQHandler                 0x08000293   Thumb Code     0  startup_stm32g431xx.o(.text)
    DMAMUX_OVR_IRQHandler                    0x08000293   Thumb Code     0  startup_stm32g431xx.o(.text)
    EXTI0_IRQHandler                         0x08000293   Thumb Code     0  startup_stm32g431xx.o(.text)
    EXTI15_10_IRQHandler                     0x08000293   Thumb Code     0  startup_stm32g431xx.o(.text)
    EXTI1_IRQHandler                         0x08000293   Thumb Code     0  startup_stm32g431xx.o(.text)
    EXTI2_IRQHandler                         0x08000293   Thumb Code     0  startup_stm32g431xx.o(.text)
    EXTI3_IRQHandler                         0x08000293   Thumb Code     0  startup_stm32g431xx.o(.text)
    EXTI4_IRQHandler                         0x08000293   Thumb Code     0  startup_stm32g431xx.o(.text)
    FDCAN1_IT0_IRQHandler                    0x08000293   Thumb Code     0  startup_stm32g431xx.o(.text)
    FDCAN1_IT1_IRQHandler                    0x08000293   Thumb Code     0  startup_stm32g431xx.o(.text)
    FLASH_IRQHandler                         0x08000293   Thumb Code     0  startup_stm32g431xx.o(.text)
    FMAC_IRQHandler                          0x08000293   Thumb Code     0  startup_stm32g431xx.o(.text)
    FPU_IRQHandler                           0x08000293   Thumb Code     0  startup_stm32g431xx.o(.text)
    I2C1_ER_IRQHandler                       0x08000293   Thumb Code     0  startup_stm32g431xx.o(.text)
    I2C1_EV_IRQHandler                       0x08000293   Thumb Code     0  startup_stm32g431xx.o(.text)
    I2C2_ER_IRQHandler                       0x08000293   Thumb Code     0  startup_stm32g431xx.o(.text)
    I2C2_EV_IRQHandler                       0x08000293   Thumb Code     0  startup_stm32g431xx.o(.text)
    I2C3_ER_IRQHandler                       0x08000293   Thumb Code     0  startup_stm32g431xx.o(.text)
    I2C3_EV_IRQHandler                       0x08000293   Thumb Code     0  startup_stm32g431xx.o(.text)
    LPTIM1_IRQHandler                        0x08000293   Thumb Code     0  startup_stm32g431xx.o(.text)
    LPUART1_IRQHandler                       0x08000293   Thumb Code     0  startup_stm32g431xx.o(.text)
    PVD_PVM_IRQHandler                       0x08000293   Thumb Code     0  startup_stm32g431xx.o(.text)
    RCC_IRQHandler                           0x08000293   Thumb Code     0  startup_stm32g431xx.o(.text)
    RNG_IRQHandler                           0x08000293   Thumb Code     0  startup_stm32g431xx.o(.text)
    RTC_Alarm_IRQHandler                     0x08000293   Thumb Code     0  startup_stm32g431xx.o(.text)
    RTC_TAMP_LSECSS_IRQHandler               0x08000293   Thumb Code     0  startup_stm32g431xx.o(.text)
    RTC_WKUP_IRQHandler                      0x08000293   Thumb Code     0  startup_stm32g431xx.o(.text)
    SAI1_IRQHandler                          0x08000293   Thumb Code     0  startup_stm32g431xx.o(.text)
    SPI1_IRQHandler                          0x08000293   Thumb Code     0  startup_stm32g431xx.o(.text)
    SPI2_IRQHandler                          0x08000293   Thumb Code     0  startup_stm32g431xx.o(.text)
    SPI3_IRQHandler                          0x08000293   Thumb Code     0  startup_stm32g431xx.o(.text)
    TIM1_BRK_TIM15_IRQHandler                0x08000293   Thumb Code     0  startup_stm32g431xx.o(.text)
    TIM1_CC_IRQHandler                       0x08000293   Thumb Code     0  startup_stm32g431xx.o(.text)
    TIM1_TRG_COM_TIM17_IRQHandler            0x08000293   Thumb Code     0  startup_stm32g431xx.o(.text)
    TIM1_UP_TIM16_IRQHandler                 0x08000293   Thumb Code     0  startup_stm32g431xx.o(.text)
    TIM2_IRQHandler                          0x08000293   Thumb Code     0  startup_stm32g431xx.o(.text)
    TIM3_IRQHandler                          0x08000293   Thumb Code     0  startup_stm32g431xx.o(.text)
    TIM4_IRQHandler                          0x08000293   Thumb Code     0  startup_stm32g431xx.o(.text)
    TIM6_DAC_IRQHandler                      0x08000293   Thumb Code     0  startup_stm32g431xx.o(.text)
    TIM7_IRQHandler                          0x08000293   Thumb Code     0  startup_stm32g431xx.o(.text)
    TIM8_BRK_IRQHandler                      0x08000293   Thumb Code     0  startup_stm32g431xx.o(.text)
    TIM8_CC_IRQHandler                       0x08000293   Thumb Code     0  startup_stm32g431xx.o(.text)
    TIM8_TRG_COM_IRQHandler                  0x08000293   Thumb Code     0  startup_stm32g431xx.o(.text)
    UART4_IRQHandler                         0x08000293   Thumb Code     0  startup_stm32g431xx.o(.text)
    UCPD1_IRQHandler                         0x08000293   Thumb Code     0  startup_stm32g431xx.o(.text)
    USART1_IRQHandler                        0x08000293   Thumb Code     0  startup_stm32g431xx.o(.text)
    USART2_IRQHandler                        0x08000293   Thumb Code     0  startup_stm32g431xx.o(.text)
    USART3_IRQHandler                        0x08000293   Thumb Code     0  startup_stm32g431xx.o(.text)
    USBWakeUp_IRQHandler                     0x08000293   Thumb Code     0  startup_stm32g431xx.o(.text)
    USB_HP_IRQHandler                        0x08000293   Thumb Code     0  startup_stm32g431xx.o(.text)
    USB_LP_IRQHandler                        0x08000293   Thumb Code     0  startup_stm32g431xx.o(.text)
    WWDG_IRQHandler                          0x08000293   Thumb Code     0  startup_stm32g431xx.o(.text)
    __user_initial_stackheap                 0x08000295   Thumb Code     0  startup_stm32g431xx.o(.text)
    __aeabi_memclr4                          0x080002b9   Thumb Code     0  rt_memclr_w.o(.text)
    __aeabi_memclr8                          0x080002b9   Thumb Code     0  rt_memclr_w.o(.text)
    __rt_memclr_w                            0x080002b9   Thumb Code    78  rt_memclr_w.o(.text)
    _memset_w                                0x080002bd   Thumb Code     0  rt_memclr_w.o(.text)
    __use_two_region_memory                  0x08000307   Thumb Code     2  heapauxi.o(.text)
    __rt_heap_escrow$2region                 0x08000309   Thumb Code     2  heapauxi.o(.text)
    __rt_heap_expand$2region                 0x0800030b   Thumb Code     2  heapauxi.o(.text)
    __user_setup_stackheap                   0x0800030d   Thumb Code    74  sys_stackheap_outer.o(.text)
    exit                                     0x08000357   Thumb Code    18  exit.o(.text)
    __user_libspace                          0x08000369   Thumb Code     8  libspace.o(.text)
    __user_perproc_libspace                  0x08000369   Thumb Code     0  libspace.o(.text)
    __user_perthread_libspace                0x08000369   Thumb Code     0  libspace.o(.text)
    _sys_exit                                0x08000371   Thumb Code     8  sys_exit.o(.text)
    __I$use$semihosting                      0x0800037d   Thumb Code     0  use_no_semi.o(.text)
    __use_no_semihosting_swi                 0x0800037d   Thumb Code     2  use_no_semi.o(.text)
    ADC1_2_IRQHandler                        0x0800037f   Thumb Code    34  stm32g4xx_it.o(i.ADC1_2_IRQHandler)
    __semihosting_library_function           0x0800037f   Thumb Code     0  indicate_semi.o(.text)
    Abc_AlphaBeta_Trans                      0x080003a1   Thumb Code    30  mcmath.o(i.Abc_AlphaBeta_Trans)
    AlphaBeta_Dq_Trans                       0x080003c5   Thumb Code    50  mcmath.o(i.AlphaBeta_Dq_Trans)
    BusFault_Handler                         0x080003f7   Thumb Code     2  stm32g4xx_it.o(i.BusFault_Handler)
    CalculateSinCosValue                     0x080003f9   Thumb Code     4  mcmath.o(i.CalculateSinCosValue)
    CurrentPIController                      0x080003fd   Thumb Code   256  mctask.o(i.CurrentPIController)
    DMA1_Channel1_IRQHandler                 0x0800051d   Thumb Code     2  stm32g4xx_it.o(i.DMA1_Channel1_IRQHandler)
    DMA1_Channel2_IRQHandler                 0x0800051f   Thumb Code     2  stm32g4xx_it.o(i.DMA1_Channel2_IRQHandler)
    DMA2_Channel1_IRQHandler                 0x08000521   Thumb Code     2  stm32g4xx_it.o(i.DMA2_Channel1_IRQHandler)
    DMA2_Channel2_IRQHandler                 0x08000523   Thumb Code     2  stm32g4xx_it.o(i.DMA2_Channel2_IRQHandler)
    DebugMon_Handler                         0x08000525   Thumb Code     2  stm32g4xx_it.o(i.DebugMon_Handler)
    Dq_AlphaBeta_Trans                       0x08000527   Thumb Code    50  mcmath.o(i.Dq_AlphaBeta_Trans)
    EXTI9_5_IRQHandler                       0x08000559   Thumb Code    58  stm32g4xx_it.o(i.EXTI9_5_IRQHandler)
    FOC_Method_IncABZ                        0x0800059d   Thumb Code   432  mctask.o(i.FOC_Method_IncABZ)
    FOC_Method_NonlinearFlux                 0x08000771   Thumb Code   276  mctask.o(i.FOC_Method_NonlinearFlux)
    FOC_Method_ParIdentify                   0x080008a5   Thumb Code   300  mctask.o(i.FOC_Method_ParIdentify)
    FastReciprocalSquareRoot                 0x080009f5   Thumb Code     4  mcmath.o(i.FastReciprocalSquareRoot)
    FastSquareRoot                           0x080009f9   Thumb Code     4  mcmath.o(i.FastSquareRoot)
    HardFault_Handler                        0x080009fd   Thumb Code     2  stm32g4xx_it.o(i.HardFault_Handler)
    Hardware_FastReciprocalSquareRoot        0x08000a01   Thumb Code    40  mcconfig.o(i.Hardware_FastReciprocalSquareRoot)
    Hardware_FastSquareRoot                  0x08000a2d   Thumb Code    24  mcconfig.o(i.Hardware_FastSquareRoot)
    Hardware_ForceSwitchOnAllLowSides        0x08000a49   Thumb Code    68  mcconfig.o(i.Hardware_ForceSwitchOnAllLowSides)
    Hardware_GetABZCounter                   0x08000a91   Thumb Code     6  mcconfig.o(i.Hardware_GetABZCounter)
    Hardware_GetABZCounterDir                0x08000a9d   Thumb Code    16  mcconfig.o(i.Hardware_GetABZCounterDir)
    Hardware_GetBusVoltage                   0x08000ab1   Thumb Code   110  mcconfig.o(i.Hardware_GetBusVoltage)
    Hardware_GetCurrentOffset                0x08000b35   Thumb Code    86  mcconfig.o(i.Hardware_GetCurrentOffset)
    Hardware_GetSinCosVal                    0x08000ba5   Thumb Code    62  mcconfig.o(i.Hardware_GetSinCosVal)
    Hardware_MCStartOrStop                   0x08000bf5   Thumb Code    48  mcconfig.o(i.Hardware_MCStartOrStop)
    Hardware_PerformanceTaskEvent            0x08000c2d   Thumb Code     2  mcconfig.o(i.Hardware_PerformanceTaskEvent)
    Hardware_ResetAllLowSides                0x08000c31   Thumb Code    68  mcconfig.o(i.Hardware_ResetAllLowSides)
    Hardware_SafatyTaskEvent                 0x08000c79   Thumb Code   374  mcconfig.o(i.Hardware_SafatyTaskEvent)
    Hardware_SetCCR                          0x08000e29   Thumb Code    10  mcconfig.o(i.Hardware_SetCCR)
    Hardware_StartPWM                        0x08000e39   Thumb Code    60  mcconfig.o(i.Hardware_StartPWM)
    Hardware_StopPWM                         0x08000e79   Thumb Code    60  mcconfig.o(i.Hardware_StopPWM)
    Hardwarre_SetABZCounter                  0x08000eb9   Thumb Code     6  mcconfig.o(i.Hardwarre_SetABZCounter)
    Harware_GetCurrentAB                     0x08000ec5   Thumb Code    86  mcconfig.o(i.Harware_GetCurrentAB)
    IncAbzCalculateRealEleAngle              0x08000f35   Thumb Code    50  mcsensor.o(i.IncAbzCalculateRealEleAngle)
    IncAbzCalculateRealEleSpeed              0x08000f71   Thumb Code   170  mcsensor.o(i.IncAbzCalculateRealEleSpeed)
    LL_ADC_CommonInit                        0x08001031   Thumb Code    80  stm32g4xx_ll_adc.o(i.LL_ADC_CommonInit)
    LL_ADC_INJ_Init                          0x08001085   Thumb Code    82  stm32g4xx_ll_adc.o(i.LL_ADC_INJ_Init)
    LL_ADC_Init                              0x080010d7   Thumb Code    50  stm32g4xx_ll_adc.o(i.LL_ADC_Init)
    LL_ADC_REG_Init                          0x08001109   Thumb Code   104  stm32g4xx_ll_adc.o(i.LL_ADC_REG_Init)
    LL_COMP_Init                             0x08001175   Thumb Code    60  stm32g4xx_ll_comp.o(i.LL_COMP_Init)
    LL_DAC_Init                              0x080011b5   Thumb Code   216  stm32g4xx_ll_dac.o(i.LL_DAC_Init)
    LL_EXTI_Init                             0x0800128d   Thumb Code   418  stm32g4xx_ll_exti.o(i.LL_EXTI_Init)
    LL_GPIO_Init                             0x08001441   Thumb Code   338  stm32g4xx_ll_gpio.o(i.LL_GPIO_Init)
    LL_I2C_Init                              0x08001593   Thumb Code   110  stm32g4xx_ll_i2c.o(i.LL_I2C_Init)
    LL_Init1msTick                           0x08001601   Thumb Code    26  stm32g4xx_ll_utils.o(i.LL_Init1msTick)
    LL_RCC_GetUARTClockFreq                  0x0800161d   Thumb Code   120  stm32g4xx_ll_rcc.o(i.LL_RCC_GetUARTClockFreq)
    LL_RCC_GetUSARTClockFreq                 0x080016a5   Thumb Code   278  stm32g4xx_ll_rcc.o(i.LL_RCC_GetUSARTClockFreq)
    LL_SPI_Init                              0x080017cd   Thumb Code   122  stm32g4xx_ll_spi.o(i.LL_SPI_Init)
    LL_SetSystemCoreClock                    0x08001849   Thumb Code     6  stm32g4xx_ll_utils.o(i.LL_SetSystemCoreClock)
    LL_TIM_BDTR_Init                         0x08001855   Thumb Code   120  stm32g4xx_ll_tim.o(i.LL_TIM_BDTR_Init)
    LL_TIM_Init                              0x080018cd   Thumb Code   148  stm32g4xx_ll_tim.o(i.LL_TIM_Init)
    LL_TIM_OC_Init                           0x0800197d   Thumb Code   832  stm32g4xx_ll_tim.o(i.LL_TIM_OC_Init)
    LL_USART_Init                            0x08001d51   Thumb Code   232  stm32g4xx_ll_usart.o(i.LL_USART_Init)
    MCParIdentify_Rs_Ls                      0x08001e41   Thumb Code   646  mcparidentify.o(i.MCParIdentify_Rs_Ls)
    MemManage_Handler                        0x08002405   Thumb Code     2  stm32g4xx_it.o(i.MemManage_Handler)
    NMI_Handler                              0x08002407   Thumb Code     2  stm32g4xx_it.o(i.NMI_Handler)
    NonlinearFluxObsProcess                  0x08002441   Thumb Code   418  mchvsensorless.o(i.NonlinearFluxObsProcess)
    PendSV_Handler                           0x080025fd   Thumb Code     2  stm32g4xx_it.o(i.PendSV_Handler)
    PerformanceCriticalTask                  0x08002601   Thumb Code   140  mctask.o(i.PerformanceCriticalTask)
    SEGGER_RTT_Init                          0x080026fd   Thumb Code     4  segger_rtt.o(i.SEGGER_RTT_Init)
    SVC_Handler                              0x08002701   Thumb Code     2  stm32g4xx_it.o(i.SVC_Handler)
    SafetyTask                               0x08002705   Thumb Code   418  mctask.o(i.SafetyTask)
    SectorCalModeSvpwm                       0x080028cd   Thumb Code   514  mctask.o(i.SectorCalModeSvpwm)
    SpeedPIController                        0x08002ae9   Thumb Code   132  mctask.o(i.SpeedPIController)
    SysTick_Handler                          0x08002b8d   Thumb Code     4  stm32g4xx_it.o(i.SysTick_Handler)
    SystemClock_Config                       0x08002b91   Thumb Code   200  main.o(i.SystemClock_Config)
    SystemInit                               0x08002c75   Thumb Code    12  system_stm32g4xx.o(i.SystemInit)
    TIM8_UP_IRQHandler                       0x08002c85   Thumb Code    28  stm32g4xx_it.o(i.TIM8_UP_IRQHandler)
    UsageFault_Handler                       0x08002ca9   Thumb Code     2  stm32g4xx_it.o(i.UsageFault_Handler)
    atan2Rad                                 0x08002d1d   Thumb Code   254  mcmath.o(i.atan2Rad)
    main                                     0x08002e31   Thumb Code  6266  main.o(i.main)
    reset_All                                0x080046cd   Thumb Code   588  mcvar.o(i.reset_All)
    reset_CurrentPICHandler                  0x08004971   Thumb Code    32  mcvar.o(i.reset_CurrentPICHandler)
    reset_HFPIHandler                        0x0800499d   Thumb Code   106  mcvar.o(i.reset_HFPIHandler)
    reset_HFSIHandler                        0x08004a11   Thumb Code   130  mcvar.o(i.reset_HFSIHandler)
    _fp_init                                 0x08004aa9   Thumb Code    10  fpinit.o(x$fpl$fpinit)
    __fplib_config_fpu_vfp                   0x08004ab1   Thumb Code     0  fpinit.o(x$fpl$fpinit)
    __fplib_config_pureend_doubles           0x08004ab1   Thumb Code     0  fpinit.o(x$fpl$fpinit)
    AHBPrescTable                            0x08004b10   Data          16  system_stm32g4xx.o(.constdata)
    APBPrescTable                            0x08004b20   Data           8  system_stm32g4xx.o(.constdata)
    Region$$Table$$Base                      0x08004f54   Number         0  anon$$obj.o(Region$$Table)
    Region$$Table$$Limit                     0x08004f74   Number         0  anon$$obj.o(Region$$Table)
    tempDat                                  0x20000000   Data           2  main.o(.data)
    SystemCoreClock                          0x20000004   Data           4  system_stm32g4xx.o(.data)
    frameSendForUSART                        0x20000014   Data          12  mcconfig.o(.data)
    mcSystemHandler                          0x20000068   Data          20  mcvar.o(.data)
    pSys                                     0x2000007c   Data           4  mcvar.o(.data)
    pSVP                                     0x20000080   Data           4  mcvar.o(.data)
    pMotor                                   0x20000084   Data           4  mcvar.o(.data)
    pIncABZ                                  0x20000088   Data           4  mcvar.o(.data)
    pSens                                    0x2000008c   Data           4  mcvar.o(.data)
    pIdPIC                                   0x20000090   Data           4  mcvar.o(.data)
    pIqPIC                                   0x20000094   Data           4  mcvar.o(.data)
    pSpPIC                                   0x20000098   Data           4  mcvar.o(.data)
    pParmeterIndentify                       0x2000009c   Data           4  mcvar.o(.data)
    pNonlinearFlux                           0x200000a0   Data           4  mcvar.o(.data)
    frameReceiveForUSART                     0x200000a8   Data         128  mcconfig.o(.bss)
    svpwmHandler                             0x20000128   Data          32  mcvar.o(.bss)
    motorParHandler                          0x20000148   Data          20  mcvar.o(.bss)
    incABZHandler                            0x2000015c   Data          44  mcvar.o(.bss)
    sensorHandler                            0x20000188   Data          52  mcvar.o(.bss)
    hfpiHandler                              0x200001bc   Data          96  mcvar.o(.bss)
    hfsiHandler                              0x2000021c   Data         112  mcvar.o(.bss)
    currentIdPICHandler                      0x2000028c   Data          24  mcvar.o(.bss)
    currentIqPICHandler                      0x200002a4   Data          24  mcvar.o(.bss)
    speedPICHandler                          0x200002bc   Data          24  mcvar.o(.bss)
    NSIdendityHandler                        0x200002d4   Data          52  mcvar.o(.bss)
    MCParameterIdentifyHandler               0x20000308   Data          72  mcvar.o(.bss)
    NSHandler                                0x20000350   Data          56  mcvar.o(.bss)
    NonlinearFluxHandler                     0x20000388   Data          76  mcvar.o(.bss)
    _SEGGER_RTT                              0x200003d4   Data         168  segger_rtt.o(.bss)
    __libspace_start                         0x2000088c   Data          96  libspace.o(.bss)
    __temporary_stack_top$libspace           0x200008ec   Data           0  libspace.o(.bss)



==============================================================================

Memory Map of the image

  Image Entry point : 0x080001d9

  Load Region LR_IROM1 (Base: 0x08000000, Size: 0x0000501c, Max: 0x00020000, ABSOLUTE)

    Execution Region ER_IROM1 (Exec base: 0x08000000, Load base: 0x08000000, Size: 0x00004f74, Max: 0x00020000, ABSOLUTE)

    Exec Addr    Load Addr    Size         Type   Attr      Idx    E Section Name        Object

    0x08000000   0x08000000   0x000001d8   Data   RO            3    RESET               startup_stm32g431xx.o
    0x080001d8   0x080001d8   0x00000008   Code   RO         2108  * !!!main             c_w.l(__main.o)
    0x080001e0   0x080001e0   0x00000034   Code   RO         2269    !!!scatter          c_w.l(__scatter.o)
    0x08000214   0x08000214   0x0000001a   Code   RO         2271    !!handler_copy      c_w.l(__scatter_copy.o)
    0x0800022e   0x0800022e   0x00000002   PAD
    0x08000230   0x08000230   0x0000001c   Code   RO         2273    !!handler_zi        c_w.l(__scatter_zi.o)
    0x0800024c   0x0800024c   0x00000002   Code   RO         2137    .ARM.Collect$$libinit$$00000000  c_w.l(libinit.o)
    0x0800024e   0x0800024e   0x00000004   Code   RO         2143    .ARM.Collect$$libinit$$00000001  c_w.l(libinit2.o)
    0x08000252   0x08000252   0x00000000   Code   RO         2146    .ARM.Collect$$libinit$$00000004  c_w.l(libinit2.o)
    0x08000252   0x08000252   0x00000000   Code   RO         2149    .ARM.Collect$$libinit$$0000000A  c_w.l(libinit2.o)
    0x08000252   0x08000252   0x00000000   Code   RO         2151    .ARM.Collect$$libinit$$0000000C  c_w.l(libinit2.o)
    0x08000252   0x08000252   0x00000000   Code   RO         2153    .ARM.Collect$$libinit$$0000000E  c_w.l(libinit2.o)
    0x08000252   0x08000252   0x00000000   Code   RO         2156    .ARM.Collect$$libinit$$00000011  c_w.l(libinit2.o)
    0x08000252   0x08000252   0x00000000   Code   RO         2158    .ARM.Collect$$libinit$$00000013  c_w.l(libinit2.o)
    0x08000252   0x08000252   0x00000000   Code   RO         2160    .ARM.Collect$$libinit$$00000015  c_w.l(libinit2.o)
    0x08000252   0x08000252   0x00000000   Code   RO         2162    .ARM.Collect$$libinit$$00000017  c_w.l(libinit2.o)
    0x08000252   0x08000252   0x00000000   Code   RO         2164    .ARM.Collect$$libinit$$00000019  c_w.l(libinit2.o)
    0x08000252   0x08000252   0x00000000   Code   RO         2166    .ARM.Collect$$libinit$$0000001B  c_w.l(libinit2.o)
    0x08000252   0x08000252   0x00000000   Code   RO         2168    .ARM.Collect$$libinit$$0000001D  c_w.l(libinit2.o)
    0x08000252   0x08000252   0x00000000   Code   RO         2170    .ARM.Collect$$libinit$$0000001F  c_w.l(libinit2.o)
    0x08000252   0x08000252   0x00000000   Code   RO         2172    .ARM.Collect$$libinit$$00000021  c_w.l(libinit2.o)
    0x08000252   0x08000252   0x00000000   Code   RO         2174    .ARM.Collect$$libinit$$00000023  c_w.l(libinit2.o)
    0x08000252   0x08000252   0x00000000   Code   RO         2176    .ARM.Collect$$libinit$$00000025  c_w.l(libinit2.o)
    0x08000252   0x08000252   0x00000000   Code   RO         2180    .ARM.Collect$$libinit$$0000002C  c_w.l(libinit2.o)
    0x08000252   0x08000252   0x00000000   Code   RO         2182    .ARM.Collect$$libinit$$0000002E  c_w.l(libinit2.o)
    0x08000252   0x08000252   0x00000000   Code   RO         2184    .ARM.Collect$$libinit$$00000030  c_w.l(libinit2.o)
    0x08000252   0x08000252   0x00000000   Code   RO         2186    .ARM.Collect$$libinit$$00000032  c_w.l(libinit2.o)
    0x08000252   0x08000252   0x00000002   Code   RO         2187    .ARM.Collect$$libinit$$00000033  c_w.l(libinit2.o)
    0x08000254   0x08000254   0x00000002   Code   RO         2207    .ARM.Collect$$libshutdown$$00000000  c_w.l(libshutdown.o)
    0x08000256   0x08000256   0x00000000   Code   RO         2220    .ARM.Collect$$libshutdown$$00000002  c_w.l(libshutdown2.o)
    0x08000256   0x08000256   0x00000000   Code   RO         2222    .ARM.Collect$$libshutdown$$00000004  c_w.l(libshutdown2.o)
    0x08000256   0x08000256   0x00000000   Code   RO         2224    .ARM.Collect$$libshutdown$$00000006  c_w.l(libshutdown2.o)
    0x08000256   0x08000256   0x00000000   Code   RO         2227    .ARM.Collect$$libshutdown$$00000009  c_w.l(libshutdown2.o)
    0x08000256   0x08000256   0x00000000   Code   RO         2230    .ARM.Collect$$libshutdown$$0000000C  c_w.l(libshutdown2.o)
    0x08000256   0x08000256   0x00000000   Code   RO         2232    .ARM.Collect$$libshutdown$$0000000E  c_w.l(libshutdown2.o)
    0x08000256   0x08000256   0x00000000   Code   RO         2235    .ARM.Collect$$libshutdown$$00000011  c_w.l(libshutdown2.o)
    0x08000256   0x08000256   0x00000002   Code   RO         2236    .ARM.Collect$$libshutdown$$00000012  c_w.l(libshutdown2.o)
    0x08000258   0x08000258   0x00000000   Code   RO         2110    .ARM.Collect$$rtentry$$00000000  c_w.l(__rtentry.o)
    0x08000258   0x08000258   0x00000000   Code   RO         2114    .ARM.Collect$$rtentry$$00000002  c_w.l(__rtentry2.o)
    0x08000258   0x08000258   0x00000006   Code   RO         2126    .ARM.Collect$$rtentry$$00000004  c_w.l(__rtentry4.o)
    0x0800025e   0x0800025e   0x00000000   Code   RO         2116    .ARM.Collect$$rtentry$$00000009  c_w.l(__rtentry2.o)
    0x0800025e   0x0800025e   0x00000004   Code   RO         2117    .ARM.Collect$$rtentry$$0000000A  c_w.l(__rtentry2.o)
    0x08000262   0x08000262   0x00000000   Code   RO         2119    .ARM.Collect$$rtentry$$0000000C  c_w.l(__rtentry2.o)
    0x08000262   0x08000262   0x00000008   Code   RO         2120    .ARM.Collect$$rtentry$$0000000D  c_w.l(__rtentry2.o)
    0x0800026a   0x0800026a   0x00000002   Code   RO         2141    .ARM.Collect$$rtexit$$00000000  c_w.l(rtexit.o)
    0x0800026c   0x0800026c   0x00000000   Code   RO         2189    .ARM.Collect$$rtexit$$00000002  c_w.l(rtexit2.o)
    0x0800026c   0x0800026c   0x00000004   Code   RO         2190    .ARM.Collect$$rtexit$$00000003  c_w.l(rtexit2.o)
    0x08000270   0x08000270   0x00000006   Code   RO         2191    .ARM.Collect$$rtexit$$00000004  c_w.l(rtexit2.o)
    0x08000276   0x08000276   0x00000002   PAD
    0x08000278   0x08000278   0x00000040   Code   RO            4    .text               startup_stm32g431xx.o
    0x080002b8   0x080002b8   0x0000004e   Code   RO         2104    .text               c_w.l(rt_memclr_w.o)
    0x08000306   0x08000306   0x00000006   Code   RO         2106    .text               c_w.l(heapauxi.o)
    0x0800030c   0x0800030c   0x0000004a   Code   RO         2128    .text               c_w.l(sys_stackheap_outer.o)
    0x08000356   0x08000356   0x00000012   Code   RO         2130    .text               c_w.l(exit.o)
    0x08000368   0x08000368   0x00000008   Code   RO         2138    .text               c_w.l(libspace.o)
    0x08000370   0x08000370   0x0000000c   Code   RO         2199    .text               c_w.l(sys_exit.o)
    0x0800037c   0x0800037c   0x00000002   Code   RO         2210    .text               c_w.l(use_no_semi.o)
    0x0800037e   0x0800037e   0x00000000   Code   RO         2212    .text               c_w.l(indicate_semi.o)
    0x0800037e   0x0800037e   0x00000022   Code   RO          184    i.ADC1_2_IRQHandler  stm32g4xx_it.o
    0x080003a0   0x080003a0   0x00000024   Code   RO         1452    i.Abc_AlphaBeta_Trans  mcmath.o
    0x080003c4   0x080003c4   0x00000032   Code   RO         1454    i.AlphaBeta_Dq_Trans  mcmath.o
    0x080003f6   0x080003f6   0x00000002   Code   RO          185    i.BusFault_Handler  stm32g4xx_it.o
    0x080003f8   0x080003f8   0x00000004   Code   RO         1455    i.CalculateSinCosValue  mcmath.o
    0x080003fc   0x080003fc   0x00000120   Code   RO         1550    i.CurrentPIController  mctask.o
    0x0800051c   0x0800051c   0x00000002   Code   RO          186    i.DMA1_Channel1_IRQHandler  stm32g4xx_it.o
    0x0800051e   0x0800051e   0x00000002   Code   RO          187    i.DMA1_Channel2_IRQHandler  stm32g4xx_it.o
    0x08000520   0x08000520   0x00000002   Code   RO          188    i.DMA2_Channel1_IRQHandler  stm32g4xx_it.o
    0x08000522   0x08000522   0x00000002   Code   RO          189    i.DMA2_Channel2_IRQHandler  stm32g4xx_it.o
    0x08000524   0x08000524   0x00000002   Code   RO          190    i.DebugMon_Handler  stm32g4xx_it.o
    0x08000526   0x08000526   0x00000032   Code   RO         1456    i.Dq_AlphaBeta_Trans  mcmath.o
    0x08000558   0x08000558   0x00000044   Code   RO          191    i.EXTI9_5_IRQHandler  stm32g4xx_it.o
    0x0800059c   0x0800059c   0x000001d4   Code   RO         1551    i.FOC_Method_IncABZ  mctask.o
    0x08000770   0x08000770   0x00000134   Code   RO         1552    i.FOC_Method_NonlinearFlux  mctask.o
    0x080008a4   0x080008a4   0x00000150   Code   RO         1553    i.FOC_Method_ParIdentify  mctask.o
    0x080009f4   0x080009f4   0x00000004   Code   RO         1457    i.FastReciprocalSquareRoot  mcmath.o
    0x080009f8   0x080009f8   0x00000004   Code   RO         1458    i.FastSquareRoot    mcmath.o
    0x080009fc   0x080009fc   0x00000002   Code   RO          192    i.HardFault_Handler  stm32g4xx_it.o
    0x080009fe   0x080009fe   0x00000002   PAD
    0x08000a00   0x08000a00   0x0000002c   Code   RO         1198    i.Hardware_FastReciprocalSquareRoot  mcconfig.o
    0x08000a2c   0x08000a2c   0x0000001c   Code   RO         1199    i.Hardware_FastSquareRoot  mcconfig.o
    0x08000a48   0x08000a48   0x00000048   Code   RO         1200    i.Hardware_ForceSwitchOnAllLowSides  mcconfig.o
    0x08000a90   0x08000a90   0x0000000c   Code   RO         1201    i.Hardware_GetABZCounter  mcconfig.o
    0x08000a9c   0x08000a9c   0x00000014   Code   RO         1202    i.Hardware_GetABZCounterDir  mcconfig.o
    0x08000ab0   0x08000ab0   0x00000084   Code   RO         1203    i.Hardware_GetBusVoltage  mcconfig.o
    0x08000b34   0x08000b34   0x00000070   Code   RO         1204    i.Hardware_GetCurrentOffset  mcconfig.o
    0x08000ba4   0x08000ba4   0x00000050   Code   RO         1205    i.Hardware_GetSinCosVal  mcconfig.o
    0x08000bf4   0x08000bf4   0x00000038   Code   RO         1208    i.Hardware_MCStartOrStop  mcconfig.o
    0x08000c2c   0x08000c2c   0x00000002   Code   RO         1209    i.Hardware_PerformanceTaskEvent  mcconfig.o
    0x08000c2e   0x08000c2e   0x00000002   PAD
    0x08000c30   0x08000c30   0x00000048   Code   RO         1210    i.Hardware_ResetAllLowSides  mcconfig.o
    0x08000c78   0x08000c78   0x000001b0   Code   RO         1211    i.Hardware_SafatyTaskEvent  mcconfig.o
    0x08000e28   0x08000e28   0x00000010   Code   RO         1212    i.Hardware_SetCCR   mcconfig.o
    0x08000e38   0x08000e38   0x00000040   Code   RO         1213    i.Hardware_StartPWM  mcconfig.o
    0x08000e78   0x08000e78   0x00000040   Code   RO         1214    i.Hardware_StopPWM  mcconfig.o
    0x08000eb8   0x08000eb8   0x0000000c   Code   RO         1215    i.Hardwarre_SetABZCounter  mcconfig.o
    0x08000ec4   0x08000ec4   0x00000070   Code   RO         1216    i.Harware_GetCurrentAB  mcconfig.o
    0x08000f34   0x08000f34   0x0000003c   Code   RO         1861    i.IncAbzCalculateRealEleAngle  mcsensor.o
    0x08000f70   0x08000f70   0x000000c0   Code   RO         1862    i.IncAbzCalculateRealEleSpeed  mcsensor.o
    0x08001030   0x08001030   0x00000054   Code   RO          522    i.LL_ADC_CommonInit  stm32g4xx_ll_adc.o
    0x08001084   0x08001084   0x00000052   Code   RO          525    i.LL_ADC_INJ_Init   stm32g4xx_ll_adc.o
    0x080010d6   0x080010d6   0x00000032   Code   RO          527    i.LL_ADC_Init       stm32g4xx_ll_adc.o
    0x08001108   0x08001108   0x0000006c   Code   RO          528    i.LL_ADC_REG_Init   stm32g4xx_ll_adc.o
    0x08001174   0x08001174   0x00000040   Code   RO          647    i.LL_COMP_Init      stm32g4xx_ll_comp.o
    0x080011b4   0x080011b4   0x000000d8   Code   RO          838    i.LL_DAC_Init       stm32g4xx_ll_dac.o
    0x0800128c   0x0800128c   0x000001b4   Code   RO          441    i.LL_EXTI_Init      stm32g4xx_ll_exti.o
    0x08001440   0x08001440   0x00000152   Code   RO          480    i.LL_GPIO_Init      stm32g4xx_ll_gpio.o
    0x08001592   0x08001592   0x0000006e   Code   RO          877    i.LL_I2C_Init       stm32g4xx_ll_i2c.o
    0x08001600   0x08001600   0x0000001a   Code   RO          374    i.LL_Init1msTick    stm32g4xx_ll_utils.o
    0x0800161a   0x0800161a   0x00000002   PAD
    0x0800161c   0x0800161c   0x00000088   Code   RO          695    i.LL_RCC_GetUARTClockFreq  stm32g4xx_ll_rcc.o
    0x080016a4   0x080016a4   0x00000128   Code   RO          696    i.LL_RCC_GetUSARTClockFreq  stm32g4xx_ll_rcc.o
    0x080017cc   0x080017cc   0x0000007a   Code   RO          923    i.LL_SPI_Init       stm32g4xx_ll_spi.o
    0x08001846   0x08001846   0x00000002   PAD
    0x08001848   0x08001848   0x0000000c   Code   RO          378    i.LL_SetSystemCoreClock  stm32g4xx_ll_utils.o
    0x08001854   0x08001854   0x00000078   Code   RO         1008    i.LL_TIM_BDTR_Init  stm32g4xx_ll_tim.o
    0x080018cc   0x080018cc   0x000000b0   Code   RO         1017    i.LL_TIM_Init       stm32g4xx_ll_tim.o
    0x0800197c   0x0800197c   0x00000354   Code   RO         1018    i.LL_TIM_OC_Init    stm32g4xx_ll_tim.o
    0x08001cd0   0x08001cd0   0x00000080   Code   RO         1217    i.LL_TIM_OC_SetMode  mcconfig.o
    0x08001d50   0x08001d50   0x000000f0   Code   RO         1110    i.LL_USART_Init     stm32g4xx_ll_usart.o
    0x08001e40   0x08001e40   0x000002cc   Code   RO         1640    i.MCParIdentify_Rs_Ls  mcparidentify.o
    0x0800210c   0x0800210c   0x000002f8   Code   RO           14    i.MX_TIM1_Init      main.o
    0x08002404   0x08002404   0x00000002   Code   RO          193    i.MemManage_Handler  stm32g4xx_it.o
    0x08002406   0x08002406   0x00000002   Code   RO          194    i.NMI_Handler       stm32g4xx_it.o
    0x08002408   0x08002408   0x00000036   Code   RO           15    i.NVIC_EncodePriority  main.o
    0x0800243e   0x0800243e   0x00000002   PAD
    0x08002440   0x08002440   0x000001bc   Code   RO         1779    i.NonlinearFluxObsProcess  mchvsensorless.o
    0x080025fc   0x080025fc   0x00000002   Code   RO          195    i.PendSV_Handler    stm32g4xx_it.o
    0x080025fe   0x080025fe   0x00000002   PAD
    0x08002600   0x08002600   0x00000098   Code   RO         1554    i.PerformanceCriticalTask  mctask.o
    0x08002698   0x08002698   0x00000064   Code   RO          698    i.RCC_GetSystemClockFreq  stm32g4xx_ll_rcc.o
    0x080026fc   0x080026fc   0x00000004   Code   RO         1893    i.SEGGER_RTT_Init   segger_rtt.o
    0x08002700   0x08002700   0x00000002   Code   RO          196    i.SVC_Handler       stm32g4xx_it.o
    0x08002702   0x08002702   0x00000002   PAD
    0x08002704   0x08002704   0x000001c8   Code   RO         1555    i.SafetyTask        mctask.o
    0x080028cc   0x080028cc   0x0000021c   Code   RO         1556    i.SectorCalModeSvpwm  mctask.o
    0x08002ae8   0x08002ae8   0x000000a4   Code   RO         1558    i.SpeedPIController  mctask.o
    0x08002b8c   0x08002b8c   0x00000004   Code   RO          197    i.SysTick_Handler   stm32g4xx_it.o
    0x08002b90   0x08002b90   0x000000e4   Code   RO           16    i.SystemClock_Config  main.o
    0x08002c74   0x08002c74   0x00000010   Code   RO         1161    i.SystemInit        system_stm32g4xx.o
    0x08002c84   0x08002c84   0x00000024   Code   RO          198    i.TIM8_UP_IRQHandler  stm32g4xx_it.o
    0x08002ca8   0x08002ca8   0x00000002   Code   RO          199    i.UsageFault_Handler  stm32g4xx_it.o
    0x08002caa   0x08002caa   0x00000002   PAD
    0x08002cac   0x08002cac   0x00000070   Code   RO         1915    i._DoInit           segger_rtt.o
    0x08002d1c   0x08002d1c   0x00000114   Code   RO         1462    i.atan2Rad          mcmath.o
    0x08002e30   0x08002e30   0x0000189c   Code   RO           17    i.main              main.o
    0x080046cc   0x080046cc   0x000002a4   Code   RO         1680    i.reset_All         mcvar.o
    0x08004970   0x08004970   0x0000002c   Code   RO         1681    i.reset_CurrentPICHandler  mcvar.o
    0x0800499c   0x0800499c   0x00000074   Code   RO         1682    i.reset_HFPIHandler  mcvar.o
    0x08004a10   0x08004a10   0x00000098   Code   RO         1683    i.reset_HFSIHandler  mcvar.o
    0x08004aa8   0x08004aa8   0x0000000a   Code   RO         2197    x$fpl$fpinit        fz_wm.l(fpinit.o)
    0x08004ab2   0x08004ab2   0x0000002e   Data   RO           18    .constdata          main.o
    0x08004ae0   0x08004ae0   0x00000030   Data   RO         1112    .constdata          stm32g4xx_ll_usart.o
    0x08004b10   0x08004b10   0x00000010   Data   RO         1162    .constdata          system_stm32g4xx.o
    0x08004b20   0x08004b20   0x00000008   Data   RO         1163    .constdata          system_stm32g4xx.o
    0x08004b28   0x08004b28   0x0000001a   Data   RO         1221    .constdata          mcconfig.o
    0x08004b42   0x08004b42   0x00000002   PAD
    0x08004b44   0x08004b44   0x000003fc   Data   RO         1465    .constdata          mcmath.o
    0x08004f40   0x08004f40   0x00000011   Data   RO         1918    .constdata          segger_rtt.o
    0x08004f51   0x08004f51   0x00000003   PAD
    0x08004f54   0x08004f54   0x00000020   Data   RO         2267    Region$$Table       anon$$obj.o


    Execution Region ER (Exec base: 0x10000000, Load base: 0x0800501c, Size: 0x00000000, Max: 0x00002800, ABSOLUTE)

    **** No section assigned to this execution region ****


    Execution Region RW_IRAM1 (Exec base: 0x20000000, Load base: 0x08004f74, Size: 0x00000ef0, Max: 0x00008000, ABSOLUTE)

    Exec Addr    Load Addr    Size         Type   Attr      Idx    E Section Name        Object

    0x20000000   0x08004f74   0x00000002   Data   RW           19    .data               main.o
    0x20000002   0x08004f76   0x00000002   PAD
    0x20000004   0x08004f78   0x00000004   Data   RW         1164    .data               system_stm32g4xx.o
    0x20000008   0x08004f7c   0x00000018   Data   RW         1224    .data               mcconfig.o
    0x20000020   0x08004f94   0x00000010   Data   RW         1559    .data               mctask.o
    0x20000030   0x08004fa4   0x00000038   Data   RW         1641    .data               mcparidentify.o
    0x20000068   0x08004fdc   0x00000014   Data   RW         1695    .data               mcvar.o
    0x2000007c   0x08004ff0   0x00000004   Data   RW         1696    .data               mcvar.o
    0x20000080   0x08004ff4   0x00000004   Data   RW         1697    .data               mcvar.o
    0x20000084   0x08004ff8   0x00000004   Data   RW         1698    .data               mcvar.o
    0x20000088   0x08004ffc   0x00000004   Data   RW         1699    .data               mcvar.o
    0x2000008c   0x08005000   0x00000004   Data   RW         1700    .data               mcvar.o
    0x20000090   0x08005004   0x00000004   Data   RW         1703    .data               mcvar.o
    0x20000094   0x08005008   0x00000004   Data   RW         1704    .data               mcvar.o
    0x20000098   0x0800500c   0x00000004   Data   RW         1705    .data               mcvar.o
    0x2000009c   0x08005010   0x00000004   Data   RW         1707    .data               mcvar.o
    0x200000a0   0x08005014   0x00000004   Data   RW         1709    .data               mcvar.o
    0x200000a4   0x08005018   0x00000004   Data   RW         1863    .data               mcsensor.o
    0x200000a8        -       0x00000080   Zero   RW         1220    .bss                mcconfig.o
    0x20000128        -       0x000002ac   Zero   RW         1694    .bss                mcvar.o
    0x200003d4        -       0x000004b8   Zero   RW         1917    .bss                segger_rtt.o
    0x2000088c        -       0x00000060   Zero   RW         2139    .bss                c_w.l(libspace.o)
    0x200008ec   0x0800501c   0x00000004   PAD
    0x200008f0        -       0x00000200   Zero   RW            2    HEAP                startup_stm32g431xx.o
    0x20000af0        -       0x00000400   Zero   RW            1    STACK               startup_stm32g431xx.o


==============================================================================

Image component sizes


      Code (inc. data)   RO Data    RW Data    ZI Data      Debug   Object Name

      7342        472         46          2          0     765925   main.o
      1458        216         26         24        128     628664   mcconfig.o
       444         26          0          0          0       1824   mchvsensorless.o
       424         28       1020          0          0       9599   mcmath.o
       716         70          0         56          0       6344   mcparidentify.o
       252         32          0          4          0       1404   mcsensor.o
      2712        258          0         16          0      12314   mctask.o
       988        132          0         60        684       5110   mcvar.o
       116         22         17          0       1208       7413   segger_rtt.o
        64         26        472          0       1536        840   startup_stm32g431xx.o
       166         18          0          0          0      12032   stm32g4xx_it.o
       324          8          0          0          0      79006   stm32g4xx_ll_adc.o
        64          4          0          0          0      10571   stm32g4xx_ll_comp.o
       216          0          0          0          0      21506   stm32g4xx_ll_dac.o
       436         18          0          0          0       7543   stm32g4xx_ll_exti.o
       338          0          0          0          0       7371   stm32g4xx_ll_gpio.o
       110          0          0          0          0      14486   stm32g4xx_ll_i2c.o
       532         46          0          0          0      26749   stm32g4xx_ll_rcc.o
       122          0          0          0          0      17198   stm32g4xx_ll_spi.o
      1148         48          0          0          0      56418   stm32g4xx_ll_tim.o
       240          8         48          0          0      27264   stm32g4xx_ll_usart.o
        38          6          0          0          0       7297   stm32g4xx_ll_utils.o
        16          4         24          4          0       1115   system_stm32g4xx.o

    ----------------------------------------------------------------------
     18282       1442       1690        168       3556    1727993   Object Totals
         0          0         32          0          0          0   (incl. Generated)
        16          0          5          2          0          0   (incl. Padding)

    ----------------------------------------------------------------------

      Code (inc. data)   RO Data    RW Data    ZI Data      Debug   Library Member Name

         8          0          0          0          0         68   __main.o
         0          0          0          0          0          0   __rtentry.o
        12          0          0          0          0          0   __rtentry2.o
         6          0          0          0          0          0   __rtentry4.o
        52          8          0          0          0          0   __scatter.o
        26          0          0          0          0          0   __scatter_copy.o
        28          0          0          0          0          0   __scatter_zi.o
        18          0          0          0          0         80   exit.o
         6          0          0          0          0        152   heapauxi.o
         0          0          0          0          0          0   indicate_semi.o
         2          0          0          0          0          0   libinit.o
         6          0          0          0          0          0   libinit2.o
         2          0          0          0          0          0   libshutdown.o
         2          0          0          0          0          0   libshutdown2.o
         8          4          0          0         96         68   libspace.o
        78          0          0          0          0         80   rt_memclr_w.o
         2          0          0          0          0          0   rtexit.o
        10          0          0          0          0          0   rtexit2.o
        12          4          0          0          0         68   sys_exit.o
        74          0          0          0          0         80   sys_stackheap_outer.o
         2          0          0          0          0         68   use_no_semi.o
        10          0          0          0          0        116   fpinit.o

    ----------------------------------------------------------------------
       368         16          0          0        100        780   Library Totals
         4          0          0          0          4          0   (incl. Padding)

    ----------------------------------------------------------------------

      Code (inc. data)   RO Data    RW Data    ZI Data      Debug   Library Name

       354         16          0          0         96        664   c_w.l
        10          0          0          0          0        116   fz_wm.l

    ----------------------------------------------------------------------
       368         16          0          0        100        780   Library Totals

    ----------------------------------------------------------------------

==============================================================================


      Code (inc. data)   RO Data    RW Data    ZI Data      Debug   

     18650       1458       1690        168       3656    1722065   Grand Totals
     18650       1458       1690        168       3656    1722065   ELF Image Totals
     18650       1458       1690        168          0          0   ROM Totals

==============================================================================

    Total RO  Size (Code + RO Data)                20340 (  19.86kB)
    Total RW  Size (RW Data + ZI Data)              3824 (   3.73kB)
    Total ROM Size (Code + RO Data + RW Data)      20508 (  20.03kB)

==============================================================================

