Component: ARM Compiler 5.06 update 7 (build 960) Tool: armlink [4d3601]

==============================================================================

Section Cross References

    startup_stm32g431xx.o(STACK) refers (Special) to heapauxi.o(.text) for __use_two_region_memory
    startup_stm32g431xx.o(HEAP) refers (Special) to heapauxi.o(.text) for __use_two_region_memory
    startup_stm32g431xx.o(RESET) refers (Special) to heapauxi.o(.text) for __use_two_region_memory
    startup_stm32g431xx.o(RESET) refers to startup_stm32g431xx.o(STACK) for __initial_sp
    startup_stm32g431xx.o(RESET) refers to startup_stm32g431xx.o(.text) for Reset_Handler
    startup_stm32g431xx.o(RESET) refers to stm32g4xx_it.o(i.NMI_Handler) for NMI_Handler
    startup_stm32g431xx.o(RESET) refers to stm32g4xx_it.o(i.HardFault_Handler) for HardFault_Handler
    startup_stm32g431xx.o(RESET) refers to stm32g4xx_it.o(i.MemManage_Handler) for MemManage_Handler
    startup_stm32g431xx.o(RESET) refers to stm32g4xx_it.o(i.BusFault_Handler) for BusFault_Handler
    startup_stm32g431xx.o(RESET) refers to stm32g4xx_it.o(i.UsageFault_Handler) for UsageFault_Handler
    startup_stm32g431xx.o(RESET) refers to stm32g4xx_it.o(i.SVC_Handler) for SVC_Handler
    startup_stm32g431xx.o(RESET) refers to stm32g4xx_it.o(i.DebugMon_Handler) for DebugMon_Handler
    startup_stm32g431xx.o(RESET) refers to stm32g4xx_it.o(i.PendSV_Handler) for PendSV_Handler
    startup_stm32g431xx.o(RESET) refers to stm32g4xx_it.o(i.SysTick_Handler) for SysTick_Handler
    startup_stm32g431xx.o(RESET) refers to stm32g4xx_it.o(i.DMA1_Channel1_IRQHandler) for DMA1_Channel1_IRQHandler
    startup_stm32g431xx.o(RESET) refers to stm32g4xx_it.o(i.DMA1_Channel2_IRQHandler) for DMA1_Channel2_IRQHandler
    startup_stm32g431xx.o(RESET) refers to stm32g4xx_it.o(.ccmram) for ADC1_2_IRQHandler
    startup_stm32g431xx.o(RESET) refers to stm32g4xx_it.o(i.EXTI9_5_IRQHandler) for EXTI9_5_IRQHandler
    startup_stm32g431xx.o(RESET) refers to stm32g4xx_it.o(i.TIM8_UP_IRQHandler) for TIM8_UP_IRQHandler
    startup_stm32g431xx.o(RESET) refers to stm32g4xx_it.o(i.DMA2_Channel1_IRQHandler) for DMA2_Channel1_IRQHandler
    startup_stm32g431xx.o(RESET) refers to stm32g4xx_it.o(i.DMA2_Channel2_IRQHandler) for DMA2_Channel2_IRQHandler
    startup_stm32g431xx.o(.text) refers (Special) to heapauxi.o(.text) for __use_two_region_memory
    startup_stm32g431xx.o(.text) refers to system_stm32g4xx.o(i.SystemInit) for SystemInit
    startup_stm32g431xx.o(.text) refers to __main.o(!!!main) for __main
    startup_stm32g431xx.o(.text) refers to startup_stm32g431xx.o(HEAP) for Heap_Mem
    startup_stm32g431xx.o(.text) refers to startup_stm32g431xx.o(STACK) for Stack_Mem
    main.o(i.LL_DMA_ConfigAddresses) refers to main.o(.constdata) for .constdata
    main.o(i.LL_DMA_EnableChannel) refers to main.o(.constdata) for .constdata
    main.o(i.LL_DMA_SetChannelPriorityLevel) refers to main.o(.constdata) for .constdata
    main.o(i.LL_DMA_SetDataLength) refers to main.o(.constdata) for .constdata
    main.o(i.LL_DMA_SetDataTransferDirection) refers to main.o(.constdata) for .constdata
    main.o(i.LL_DMA_SetMemoryIncMode) refers to main.o(.constdata) for .constdata
    main.o(i.LL_DMA_SetMemorySize) refers to main.o(.constdata) for .constdata
    main.o(i.LL_DMA_SetMode) refers to main.o(.constdata) for .constdata
    main.o(i.LL_DMA_SetPeriphIncMode) refers to main.o(.constdata) for .constdata
    main.o(i.LL_DMA_SetPeriphSize) refers to main.o(.constdata) for .constdata
    main.o(i.LL_TIM_IC_SetActiveInput) refers to main.o(.constdata) for .constdata
    main.o(i.LL_TIM_IC_SetFilter) refers to main.o(.constdata) for .constdata
    main.o(i.LL_TIM_IC_SetPolarity) refers to main.o(.constdata) for .constdata
    main.o(i.LL_TIM_IC_SetPrescaler) refers to main.o(.constdata) for .constdata
    main.o(i.LL_TIM_OC_DisableFast) refers to main.o(.constdata) for .constdata
    main.o(i.LL_TIM_OC_EnablePreload) refers to main.o(.constdata) for .constdata
    main.o(i.MX_ADC1_Init) refers to rt_memclr_w.o(.text) for __aeabi_memclr4
    main.o(i.MX_ADC1_Init) refers to main.o(i.LL_RCC_SetADCClockSource) for LL_RCC_SetADCClockSource
    main.o(i.MX_ADC1_Init) refers to main.o(i.LL_AHB2_GRP1_EnableClock) for LL_AHB2_GRP1_EnableClock
    main.o(i.MX_ADC1_Init) refers to stm32g4xx_ll_gpio.o(i.LL_GPIO_Init) for LL_GPIO_Init
    main.o(i.MX_ADC1_Init) refers to main.o(i.__NVIC_GetPriorityGrouping) for __NVIC_GetPriorityGrouping
    main.o(i.MX_ADC1_Init) refers to main.o(i.NVIC_EncodePriority) for NVIC_EncodePriority
    main.o(i.MX_ADC1_Init) refers to main.o(i.__NVIC_SetPriority) for __NVIC_SetPriority
    main.o(i.MX_ADC1_Init) refers to main.o(i.__NVIC_EnableIRQ) for __NVIC_EnableIRQ
    main.o(i.MX_ADC1_Init) refers to stm32g4xx_ll_adc.o(i.LL_ADC_Init) for LL_ADC_Init
    main.o(i.MX_ADC1_Init) refers to stm32g4xx_ll_adc.o(i.LL_ADC_REG_Init) for LL_ADC_REG_Init
[...]
    .ARM.Collect$$libinit$$00000021          0x080002ae   Section        0  libinit2.o(.ARM.Collect$$libinit$$00000021)
    .ARM.Collect$$libinit$$00000023          0x080002ae   Section        0  libinit2.o(.ARM.Collect$$libinit$$00000023)
    .ARM.Collect$$libinit$$00000025          0x080002ae   Section        0  libinit2.o(.ARM.Collect$$libinit$$00000025)
    .ARM.Collect$$libinit$$0000002C          0x080002ae   Section        0  libinit2.o(.ARM.Collect$$libinit$$0000002C)
    .ARM.Collect$$libinit$$0000002E          0x080002ae   Section        0  libinit2.o(.ARM.Collect$$libinit$$0000002E)
    .ARM.Collect$$libinit$$00000030          0x080002ae   Section        0  libinit2.o(.ARM.Collect$$libinit$$00000030)
    .ARM.Collect$$libinit$$00000032          0x080002ae   Section        0  libinit2.o(.ARM.Collect$$libinit$$00000032)
    .ARM.Collect$$libinit$$00000033          0x080002ae   Section        2  libinit2.o(.ARM.Collect$$libinit$$00000033)
    .ARM.Collect$$libshutdown$$00000000      0x080002b0   Section        2  libshutdown.o(.ARM.Collect$$libshutdown$$00000000)
    .ARM.Collect$$libshutdown$$00000002      0x080002b2   Section        0  libshutdown2.o(.ARM.Collect$$libshutdown$$00000002)
    .ARM.Collect$$libshutdown$$00000004      0x080002b2   Section        0  libshutdown2.o(.ARM.Collect$$libshutdown$$00000004)
    .ARM.Collect$$libshutdown$$00000006      0x080002b2   Section        0  libshutdown2.o(.ARM.Collect$$libshutdown$$00000006)
    .ARM.Collect$$libshutdown$$00000009      0x080002b2   Section        0  libshutdown2.o(.ARM.Collect$$libshutdown$$00000009)
    .ARM.Collect$$libshutdown$$0000000C      0x080002b2   Section        0  libshutdown2.o(.ARM.Collect$$libshutdown$$0000000C)
    .ARM.Collect$$libshutdown$$0000000E      0x080002b2   Section        0  libshutdown2.o(.ARM.Collect$$libshutdown$$0000000E)
    .ARM.Collect$$libshutdown$$00000011      0x080002b2   Section        0  libshutdown2.o(.ARM.Collect$$libshutdown$$00000011)
    .ARM.Collect$$libshutdown$$00000012      0x080002b2   Section        2  libshutdown2.o(.ARM.Collect$$libshutdown$$00000012)
    .ARM.Collect$$rtentry$$00000000          0x080002b4   Section        0  __rtentry.o(.ARM.Collect$$rtentry$$00000000)
    .ARM.Collect$$rtentry$$00000002          0x080002b4   Section        0  __rtentry2.o(.ARM.Collect$$rtentry$$00000002)
    .ARM.Collect$$rtentry$$00000004          0x080002b4   Section        6  __rtentry4.o(.ARM.Collect$$rtentry$$00000004)
    .ARM.Collect$$rtentry$$00000009          0x080002ba   Section        0  __rtentry2.o(.ARM.Collect$$rtentry$$00000009)
    .ARM.Collect$$rtentry$$0000000A          0x080002ba   Section        4  __rtentry2.o(.ARM.Collect$$rtentry$$0000000A)
    .ARM.Collect$$rtentry$$0000000C          0x080002be   Section        0  __rtentry2.o(.ARM.Collect$$rtentry$$0000000C)
    .ARM.Collect$$rtentry$$0000000D          0x080002be   Section        8  __rtentry2.o(.ARM.Collect$$rtentry$$0000000D)
    .ARM.Collect$$rtexit$$00000000           0x080002c6   Section        2  rtexit.o(.ARM.Collect$$rtexit$$00000000)
    .ARM.Collect$$rtexit$$00000002           0x080002c8   Section        0  rtexit2.o(.ARM.Collect$$rtexit$$00000002)
    .ARM.Collect$$rtexit$$00000003           0x080002c8   Section        4  rtexit2.o(.ARM.Collect$$rtexit$$00000003)
    .ARM.Collect$$rtexit$$00000004           0x080002cc   Section        6  rtexit2.o(.ARM.Collect$$rtexit$$00000004)
    .text                                    0x080002d4   Section       64  startup_stm32g431xx.o(.text)
    $v0                                      0x080002d4   Number         0  startup_stm32g431xx.o(.text)
    .text                                    0x08000314   Section       78  rt_memclr_w.o(.text)
    .text                                    0x08000362   Section        0  heapauxi.o(.text)
    .text                                    0x08000368   Section       74  sys_stackheap_outer.o(.text)
    .text                                    0x080003b2   Section        0  exit.o(.text)
    .text                                    0x080003c4   Section        8  libspace.o(.text)
    .text                                    0x080003cc   Section        0  sys_exit.o(.text)
    .text                                    0x080003d8   Section        2  use_no_semi.o(.text)
    .text                                    0x080003da   Section        0  indicate_semi.o(.text)
    i.BusFault_Handler                       0x080003ee   Section        0  stm32g4xx_it.o(i.BusFault_Handler)
    i.DMA1_Channel1_IRQHandler               0x080003f0   Section        0  stm32g4xx_it.o(i.DMA1_Channel1_IRQHandler)
    i.DMA1_Channel2_IRQHandler               0x080003f2   Section        0  stm32g4xx_it.o(i.DMA1_Channel2_IRQHandler)
    i.DMA2_Channel1_IRQHandler               0x080003f4   Section        0  stm32g4xx_it.o(i.DMA2_Channel1_IRQHandler)
    i.DMA2_Channel2_IRQHandler               0x080003f6   Section        0  stm32g4xx_it.o(i.DMA2_Channel2_IRQHandler)
    i.DebugMon_Handler                       0x080003f8   Section        0  stm32g4xx_it.o(i.DebugMon_Handler)
    i.EXTI9_5_IRQHandler                     0x080003fc   Section        0  stm32g4xx_it.o(i.EXTI9_5_IRQHandler)
    i.HardFault_Handler                      0x0800043c   Section        0  stm32g4xx_it.o(i.HardFault_Handler)
    i.Hardware_ForceSwitchOnAllLowSides      0x08000440   Section        0  mcconfig.o(i.Hardware_ForceSwitchOnAllLowSides)
    i.Hardware_GetBusVoltage                 0x08000488   Section        0  mcconfig.o(i.Hardware_GetBusVoltage)
    i.Hardware_GetTemperature                0x0800050c   Section        0  mcconfig.o(i.Hardware_GetTemperature)
    i.Hardware_MCStartOrStop                 0x08000540   Section        0  mcconfig.o(i.Hardware_MCStartOrStop)
    i.Hardware_ResetAllLowSides              0x08000578   Section        0  mcconfig.o(i.Hardware_ResetAllLowSides)
    i.Hardware_SafatyTaskEvent               0x080005c0   Section        0  mcconfig.o(i.Hardware_SafatyTaskEvent)
    i.Hardware_SetCCR                        0x08000714   Section        0  mcconfig.o(i.Hardware_SetCCR)
    i.Hardware_StartPWM                      0x08000724   Section        0  mcconfig.o(i.Hardware_StartPWM)
    i.Hardware_StopPWM                       0x08000764   Section        0  mcconfig.o(i.Hardware_StopPWM)
    i.LL_ADC_CommonInit                      0x080007a4   Section        0  stm32g4xx_ll_adc.o(i.LL_ADC_CommonInit)
    i.LL_ADC_INJ_Init                        0x080007f4   Section        0  stm32g4xx_ll_adc.o(i.LL_ADC_INJ_Init)
    i.LL_ADC_INJ_ReadConversionData12        0x08000836   Section        0  mcconfig.o(i.LL_ADC_INJ_ReadConversionData12)
    LL_ADC_INJ_ReadConversionData12          0x08000837   Thumb Code    16  mcconfig.o(i.LL_ADC_INJ_ReadConversionData12)
    i.LL_ADC_INJ_SetSequencerRanks           0x08000846   Section        0  main.o(i.LL_ADC_INJ_SetSequencerRanks)
    LL_ADC_INJ_SetSequencerRanks             0x08000847   Thumb Code    26  main.o(i.LL_ADC_INJ_SetSequencerRanks)
    i.LL_ADC_Init                            0x08000860   Section        0  stm32g4xx_ll_adc.o(i.LL_ADC_Init)
    i.LL_ADC_REG_Init                        0x0800088c   Section        0  stm32g4xx_ll_adc.o(i.LL_ADC_REG_Init)
    i.LL_ADC_REG_SetSequencerRanks           0x080008e0   Section        0  main.o(i.LL_ADC_REG_SetSequencerRanks)
    LL_ADC_REG_SetSequencerRanks             0x080008e1   Thumb Code    34  main.o(i.LL_ADC_REG_SetSequencerRanks)
    i.LL_ADC_SetCalibrationFactor            0x08000902   Section        0  main.o(i.LL_ADC_SetCalibrationFactor)
    LL_ADC_SetCalibrationFactor              0x08000903   Thumb Code    28  main.o(i.LL_ADC_SetCalibrationFactor)
    i.LL_ADC_SetChannelSamplingTime          0x0800091e   Section        0  main.o(i.LL_ADC_SetChannelSamplingTime)
    LL_ADC_SetChannelSamplingTime            0x0800091f   Thumb Code    30  main.o(i.LL_ADC_SetChannelSamplingTime)
    i.LL_ADC_SetChannelSingleDiff            0x0800093c   Section        0  main.o(i.LL_ADC_SetChannelSingleDiff)
    LL_ADC_SetChannelSingleDiff              0x0800093d   Thumb Code    28  main.o(i.LL_ADC_SetChannelSingleDiff)
    i.LL_ADC_SetGainCompensation             0x0800095c   Section        0  main.o(i.LL_ADC_SetGainCompensation)
    LL_ADC_SetGainCompensation               0x0800095d   Thumb Code    32  main.o(i.LL_ADC_SetGainCompensation)
    i.LL_ADC_StartCalibration                0x0800097c   Section        0  main.o(i.LL_ADC_StartCalibration)
    LL_ADC_StartCalibration                  0x0800097d   Thumb Code    20  main.o(i.LL_ADC_StartCalibration)
    i.LL_AHB1_GRP1_EnableClock               0x08000994   Section        0  main.o(i.LL_AHB1_GRP1_EnableClock)
    LL_AHB1_GRP1_EnableClock                 0x08000995   Thumb Code    18  main.o(i.LL_AHB1_GRP1_EnableClock)
    i.LL_AHB2_GRP1_EnableClock               0x080009ac   Section        0  main.o(i.LL_AHB2_GRP1_EnableClock)
    LL_AHB2_GRP1_EnableClock                 0x080009ad   Thumb Code    18  main.o(i.LL_AHB2_GRP1_EnableClock)
    i.LL_APB1_GRP1_EnableClock               0x080009c4   Section        0  main.o(i.LL_APB1_GRP1_EnableClock)
    LL_APB1_GRP1_EnableClock                 0x080009c5   Thumb Code    18  main.o(i.LL_APB1_GRP1_EnableClock)
    i.LL_APB2_GRP1_EnableClock               0x080009dc   Section        0  main.o(i.LL_APB2_GRP1_EnableClock)
    LL_APB2_GRP1_EnableClock                 0x080009dd   Thumb Code    18  main.o(i.LL_APB2_GRP1_EnableClock)
    i.LL_COMP_Init                           0x080009f4   Section        0  stm32g4xx_ll_comp.o(i.LL_COMP_Init)
    i.LL_DAC_ConvertData12RightAligned       0x08000a28   Section        0  main.o(i.LL_DAC_ConvertData12RightAligned)
    LL_DAC_ConvertData12RightAligned         0x08000a29   Thumb Code    18  main.o(i.LL_DAC_ConvertData12RightAligned)
    i.LL_DAC_Init                            0x08000a3a   Section        0  stm32g4xx_ll_dac.o(i.LL_DAC_Init)
    i.LL_DAC_SetSignedFormat                 0x08000ad2   Section        0  main.o(i.LL_DAC_SetSignedFormat)
    LL_DAC_SetSignedFormat                   0x08000ad3   Thumb Code    24  main.o(i.LL_DAC_SetSignedFormat)
    i.LL_DMA_ConfigAddresses                 0x08000aec   Section        0  main.o(i.LL_DMA_ConfigAddresses)
    LL_DMA_ConfigAddresses                   0x08000aed   Thumb Code    34  main.o(i.LL_DMA_ConfigAddresses)
    i.LL_DMA_EnableChannel                   0x08000b14   Section        0  main.o(i.LL_DMA_EnableChannel)
    LL_DMA_EnableChannel                     0x08000b15   Thumb Code    14  main.o(i.LL_DMA_EnableChannel)
    i.LL_DMA_SetChannelPriorityLevel         0x08000b28   Section        0  main.o(i.LL_DMA_SetChannelPriorityLevel)
    LL_DMA_SetChannelPriorityLevel           0x08000b29   Thumb Code    16  main.o(i.LL_DMA_SetChannelPriorityLevel)
    i.LL_DMA_SetDataLength                   0x08000b3c   Section        0  main.o(i.LL_DMA_SetDataLength)
    LL_DMA_SetDataLength                     0x08000b3d   Thumb Code    18  main.o(i.LL_DMA_SetDataLength)
    i.LL_DMA_SetDataTransferDirection        0x08000b54   Section        0  main.o(i.LL_DMA_SetDataTransferDirection)
    LL_DMA_SetDataTransferDirection          0x08000b55   Thumb Code    20  main.o(i.LL_DMA_SetDataTransferDirection)
    i.LL_DMA_SetMemoryIncMode                0x08000b6c   Section        0  main.o(i.LL_DMA_SetMemoryIncMode)
    LL_DMA_SetMemoryIncMode                  0x08000b6d   Thumb Code    16  main.o(i.LL_DMA_SetMemoryIncMode)
    i.LL_DMA_SetMemorySize                   0x08000b80   Section        0  main.o(i.LL_DMA_SetMemorySize)
    LL_DMA_SetMemorySize                     0x08000b81   Thumb Code    16  main.o(i.LL_DMA_SetMemorySize)
    i.LL_DMA_SetMode                         0x08000b94   Section        0  main.o(i.LL_DMA_SetMode)
    LL_DMA_SetMode                           0x08000b95   Thumb Code    16  main.o(i.LL_DMA_SetMode)
    i.LL_DMA_SetPeriphIncMode                0x08000ba8   Section        0  main.o(i.LL_DMA_SetPeriphIncMode)
    LL_DMA_SetPeriphIncMode                  0x08000ba9   Thumb Code    16  main.o(i.LL_DMA_SetPeriphIncMode)
    i.LL_DMA_SetPeriphRequest                0x08000bbc   Section        0  main.o(i.LL_DMA_SetPeriphRequest)
    LL_DMA_SetPeriphRequest                  0x08000bbd   Thumb Code    32  main.o(i.LL_DMA_SetPeriphRequest)
    i.LL_DMA_SetPeriphSize                   0x08000be0   Section        0  main.o(i.LL_DMA_SetPeriphSize)
    LL_DMA_SetPeriphSize                     0x08000be1   Thumb Code    16  main.o(i.LL_DMA_SetPeriphSize)
    i.LL_EXTI_DisableEvent_0_31              0x08000bf4   Section        0  main.o(i.LL_EXTI_DisableEvent_0_31)
    LL_EXTI_DisableEvent_0_31                0x08000bf5   Thumb Code    10  main.o(i.LL_EXTI_DisableEvent_0_31)
    i.LL_EXTI_DisableIT_0_31                 0x08000c04   Section        0  main.o(i.LL_EXTI_DisableIT_0_31)
    LL_EXTI_DisableIT_0_31                   0x08000c05   Thumb Code    10  main.o(i.LL_EXTI_DisableIT_0_31)
    i.LL_EXTI_Init                           0x08000c14   Section        0  stm32g4xx_ll_exti.o(i.LL_EXTI_Init)
    i.LL_GPIO_Init                           0x08000d58   Section        0  stm32g4xx_ll_gpio.o(i.LL_GPIO_Init)
    i.LL_I2C_Init                            0x08000e8e   Section        0  stm32g4xx_ll_i2c.o(i.LL_I2C_Init)
    i.LL_Init1msTick                         0x08000ef6   Section        0  stm32g4xx_ll_utils.o(i.LL_Init1msTick)
    i.LL_RCC_GetUARTClockFreq                0x08000f10   Section        0  stm32g4xx_ll_rcc.o(i.LL_RCC_GetUARTClockFreq)
    i.LL_RCC_GetUSARTClockFreq               0x08000f6c   Section        0  stm32g4xx_ll_rcc.o(i.LL_RCC_GetUSARTClockFreq)
    i.LL_RCC_HSI_IsReady                     0x08001020   Section        0  stm32g4xx_ll_rcc.o(i.LL_RCC_HSI_IsReady)
    LL_RCC_HSI_IsReady                       0x08001021   Thumb Code    10  stm32g4xx_ll_rcc.o(i.LL_RCC_HSI_IsReady)
    i.LL_RCC_LSE_IsReady                     0x08001030   Section        0  stm32g4xx_ll_rcc.o(i.LL_RCC_LSE_IsReady)
    LL_RCC_LSE_IsReady                       0x08001031   Thumb Code    12  stm32g4xx_ll_rcc.o(i.LL_RCC_LSE_IsReady)
    i.LL_RCC_SetADCClockSource               0x08001040   Section        0  main.o(i.LL_RCC_SetADCClockSource)
    LL_RCC_SetADCClockSource                 0x08001041   Thumb Code    28  main.o(i.LL_RCC_SetADCClockSource)
    i.LL_RCC_SetAHBPrescaler                 0x08001060   Section        0  main.o(i.LL_RCC_SetAHBPrescaler)
    LL_RCC_SetAHBPrescaler                   0x08001061   Thumb Code    14  main.o(i.LL_RCC_SetAHBPrescaler)
    i.LL_RCC_SetI2CClockSource               0x08001074   Section        0  main.o(i.LL_RCC_SetI2CClockSource)
    LL_RCC_SetI2CClockSource                 0x08001075   Thumb Code    30  main.o(i.LL_RCC_SetI2CClockSource)
    i.LL_RCC_SetUSARTClockSource             0x08001098   Section        0  main.o(i.LL_RCC_SetUSARTClockSource)
    LL_RCC_SetUSARTClockSource               0x08001099   Thumb Code    18  main.o(i.LL_RCC_SetUSARTClockSource)
    i.LL_SPI_Init                            0x080010b0   Section        0  stm32g4xx_ll_spi.o(i.LL_SPI_Init)
    i.LL_SetSystemCoreClock                  0x08001128   Section        0  stm32g4xx_ll_utils.o(i.LL_SetSystemCoreClock)
    i.LL_TIM_BDTR_Init                       0x08001134   Section        0  stm32g4xx_ll_tim.o(i.LL_TIM_BDTR_Init)
    i.LL_TIM_IC_SetActiveInput               0x080011ac   Section        0  main.o(i.LL_TIM_IC_SetActiveInput)
    LL_TIM_IC_SetActiveInput                 0x080011ad   Thumb Code   118  main.o(i.LL_TIM_IC_SetActiveInput)
    i.LL_TIM_IC_SetFilter                    0x08001228   Section        0  main.o(i.LL_TIM_IC_SetFilter)
    LL_TIM_IC_SetFilter                      0x08001229   Thumb Code   118  main.o(i.LL_TIM_IC_SetFilter)
    i.LL_TIM_IC_SetPolarity                  0x080012a4   Section        0  main.o(i.LL_TIM_IC_SetPolarity)
    LL_TIM_IC_SetPolarity                    0x080012a5   Thumb Code   106  main.o(i.LL_TIM_IC_SetPolarity)
    i.LL_TIM_IC_SetPrescaler                 0x08001314   Section        0  main.o(i.LL_TIM_IC_SetPrescaler)
    LL_TIM_IC_SetPrescaler                   0x08001315   Thumb Code   118  main.o(i.LL_TIM_IC_SetPrescaler)
    i.LL_TIM_Init                            0x08001390   Section        0  stm32g4xx_ll_tim.o(i.LL_TIM_Init)
    i.LL_TIM_OC_DisableFast                  0x0800143c   Section        0  main.o(i.LL_TIM_OC_DisableFast)
    LL_TIM_OC_DisableFast                    0x0800143d   Thumb Code   110  main.o(i.LL_TIM_OC_DisableFast)
    i.LL_TIM_OC_EnablePreload                0x080014b0   Section        0  main.o(i.LL_TIM_OC_EnablePreload)
    LL_TIM_OC_EnablePreload                  0x080014b1   Thumb Code   110  main.o(i.LL_TIM_OC_EnablePreload)
    i.LL_TIM_OC_Init                         0x08001524   Section        0  stm32g4xx_ll_tim.o(i.LL_TIM_OC_Init)
    i.LL_TIM_OC_SetMode                      0x08001670   Section        0  mcconfig.o(i.LL_TIM_OC_SetMode)
    LL_TIM_OC_SetMode                        0x08001671   Thumb Code   116  mcconfig.o(i.LL_TIM_OC_SetMode)
    i.LL_TIM_SetBreakInputSourcePolarity     0x080016ec   Section        0  main.o(i.LL_TIM_SetBreakInputSourcePolarity)
    LL_TIM_SetBreakInputSourcePolarity       0x080016ed   Thumb Code    46  main.o(i.LL_TIM_SetBreakInputSourcePolarity)
    i.LL_TIM_SetTriggerOutput                0x0800171c   Section        0  main.o(i.LL_TIM_SetTriggerOutput)
    LL_TIM_SetTriggerOutput                  0x0800171d   Thumb Code    12  main.o(i.LL_TIM_SetTriggerOutput)
    i.LL_USART_Init                          0x0800172c   Section        0  stm32g4xx_ll_usart.o(i.LL_USART_Init)
    i.LL_USART_SetRXFIFOThreshold            0x08001814   Section        0  main.o(i.LL_USART_SetRXFIFOThreshold)
    LL_USART_SetRXFIFOThreshold              0x08001815   Thumb Code    26  main.o(i.LL_USART_SetRXFIFOThreshold)
    i.LL_USART_SetTXFIFOThreshold            0x08001830   Section        0  main.o(i.LL_USART_SetTXFIFOThreshold)
    LL_USART_SetTXFIFOThreshold              0x08001831   Thumb Code    22  main.o(i.LL_USART_SetTXFIFOThreshold)
    i.MX_ADC1_Init                           0x08001848   Section        0  main.o(i.MX_ADC1_Init)
    MX_ADC1_Init                             0x08001849   Thumb Code   408  main.o(i.MX_ADC1_Init)
    i.MX_ADC2_Init                           0x08001a08   Section        0  main.o(i.MX_ADC2_Init)
    MX_ADC2_Init                             0x08001a09   Thumb Code   286  main.o(i.MX_ADC2_Init)
    i.MX_COMP1_Init                          0x08001b48   Section        0  main.o(i.MX_COMP1_Init)
    MX_COMP1_Init                            0x08001b49   Thumb Code   148  main.o(i.MX_COMP1_Init)
    i.MX_COMP2_Init                          0x08001bec   Section        0  main.o(i.MX_COMP2_Init)
    MX_COMP2_Init                            0x08001bed   Thumb Code   116  main.o(i.MX_COMP2_Init)
    i.MX_COMP3_Init                          0x08001c6c   Section        0  main.o(i.MX_COMP3_Init)
    MX_COMP3_Init                            0x08001c6d   Thumb Code   114  main.o(i.MX_COMP3_Init)
    i.MX_COMP4_Init                          0x08001cf0   Section        0  main.o(i.MX_COMP4_Init)
    MX_COMP4_Init                            0x08001cf1   Thumb Code   110  main.o(i.MX_COMP4_Init)
    i.MX_DAC1_Init                           0x08001d70   Section        0  main.o(i.MX_DAC1_Init)
    MX_DAC1_Init                             0x08001d71   Thumb Code    82  main.o(i.MX_DAC1_Init)
    i.MX_DAC3_Init                           0x08001dcc   Section        0  main.o(i.MX_DAC3_Init)
    MX_DAC3_Init                             0x08001dcd   Thumb Code   120  main.o(i.MX_DAC3_Init)
    i.MX_DMA_Init                            0x08001e50   Section        0  main.o(i.MX_DMA_Init)
    MX_DMA_Init                              0x08001e51   Thumb Code   128  main.o(i.MX_DMA_Init)
    i.MX_GPIO_Init                           0x08001ed0   Section        0  main.o(i.MX_GPIO_Init)
    MX_GPIO_Init                             0x08001ed1   Thumb Code   266  main.o(i.MX_GPIO_Init)
    i.MX_I2C1_Init                           0x08001fe8   Section        0  main.o(i.MX_I2C1_Init)
    MX_I2C1_Init                             0x08001fe9   Thumb Code   256  main.o(i.MX_I2C1_Init)
    i.MX_I2C3_Init                           0x080020f8   Section        0  main.o(i.MX_I2C3_Init)
    MX_I2C3_Init                             0x080020f9   Thumb Code   176  main.o(i.MX_I2C3_Init)
    i.MX_SPI2_Init                           0x080021b4   Section        0  main.o(i.MX_SPI2_Init)
    MX_SPI2_Init                             0x080021b5   Thumb Code   264  main.o(i.MX_SPI2_Init)
    i.MX_TIM1_Init                           0x080022c8   Section        0  main.o(i.MX_TIM1_Init)
    MX_TIM1_Init                             0x080022c9   Thumb Code   492  main.o(i.MX_TIM1_Init)
    i.MX_TIM3_Init                           0x080024c4   Section        0  main.o(i.MX_TIM3_Init)
    MX_TIM3_Init                             0x080024c5   Thumb Code   290  main.o(i.MX_TIM3_Init)
    i.MX_TIM8_Init                           0x080025f8   Section        0  main.o(i.MX_TIM8_Init)
    MX_TIM8_Init                             0x080025f9   Thumb Code   270  main.o(i.MX_TIM8_Init)
    i.MX_USART1_UART_Init                    0x08002714   Section        0  main.o(i.MX_USART1_UART_Init)
    MX_USART1_UART_Init                      0x08002715   Thumb Code   360  main.o(i.MX_USART1_UART_Init)
    i.MX_USART3_UART_Init                    0x0800288c   Section        0  main.o(i.MX_USART3_UART_Init)
    MX_USART3_UART_Init                      0x0800288d   Thumb Code   200  main.o(i.MX_USART3_UART_Init)
    i.MemManage_Handler                      0x0800295c   Section        0  stm32g4xx_it.o(i.MemManage_Handler)
    i.NMI_Handler                            0x0800295e   Section        0  stm32g4xx_it.o(i.NMI_Handler)
    i.NVIC_EncodePriority                    0x08002960   Section        0  main.o(i.NVIC_EncodePriority)
    NVIC_EncodePriority                      0x08002961   Thumb Code    50  main.o(i.NVIC_EncodePriority)
    i.OC1Config                              0x08002994   Section        0  stm32g4xx_ll_tim.o(i.OC1Config)
    OC1Config                                0x08002995   Thumb Code   126  stm32g4xx_ll_tim.o(i.OC1Config)
    i.OC2Config                              0x08002a2c   Section        0  stm32g4xx_ll_tim.o(i.OC2Config)
    OC2Config                                0x08002a2d   Thumb Code   134  stm32g4xx_ll_tim.o(i.OC2Config)
    i.OC3Config                              0x08002acc   Section        0  stm32g4xx_ll_tim.o(i.OC3Config)
    OC3Config                                0x08002acd   Thumb Code   132  stm32g4xx_ll_tim.o(i.OC3Config)
    i.OC4Config                              0x08002b68   Section        0  stm32g4xx_ll_tim.o(i.OC4Config)
    OC4Config                                0x08002b69   Thumb Code   134  stm32g4xx_ll_tim.o(i.OC4Config)
    i.PendSV_Handler                         0x08002c08   Section        0  stm32g4xx_it.o(i.PendSV_Handler)
    i.RCC_GetHCLKClockFreq                   0x08002c0c   Section        0  stm32g4xx_ll_rcc.o(i.RCC_GetHCLKClockFreq)
    RCC_GetHCLKClockFreq                     0x08002c0d   Thumb Code    22  stm32g4xx_ll_rcc.o(i.RCC_GetHCLKClockFreq)
    i.RCC_GetPCLK1ClockFreq                  0x08002c2c   Section        0  stm32g4xx_ll_rcc.o(i.RCC_GetPCLK1ClockFreq)
    RCC_GetPCLK1ClockFreq                    0x08002c2d   Thumb Code    24  stm32g4xx_ll_rcc.o(i.RCC_GetPCLK1ClockFreq)
    i.RCC_GetPCLK2ClockFreq                  0x08002c4c   Section        0  stm32g4xx_ll_rcc.o(i.RCC_GetPCLK2ClockFreq)
    RCC_GetPCLK2ClockFreq                    0x08002c4d   Thumb Code    24  stm32g4xx_ll_rcc.o(i.RCC_GetPCLK2ClockFreq)
    i.RCC_GetSystemClockFreq                 0x08002c6c   Section        0  stm32g4xx_ll_rcc.o(i.RCC_GetSystemClockFreq)
    RCC_GetSystemClockFreq                   0x08002c6d   Thumb Code    88  stm32g4xx_ll_rcc.o(i.RCC_GetSystemClockFreq)
    i.SVC_Handler                            0x08002ccc   Section        0  stm32g4xx_it.o(i.SVC_Handler)
    i.SafetyTask                             0x08002cd0   Section        0  mctask.o(i.SafetyTask)
    i.SysTick_Handler                        0x08002e98   Section        0  stm32g4xx_it.o(i.SysTick_Handler)
    i.SystemClock_Config                     0x08002e9c   Section        0  main.o(i.SystemClock_Config)
    i.SystemInit                             0x08002f78   Section        0  system_stm32g4xx.o(i.SystemInit)
    i.TIM8_UP_IRQHandler                     0x08002f88   Section        0  stm32g4xx_it.o(i.TIM8_UP_IRQHandler)
    i.UsageFault_Handler                     0x08002fac   Section        0  stm32g4xx_it.o(i.UsageFault_Handler)
    i.__NVIC_EnableIRQ                       0x08002fae   Section        0  main.o(i.__NVIC_EnableIRQ)
    __NVIC_EnableIRQ                         0x08002faf   Thumb Code    26  main.o(i.__NVIC_EnableIRQ)
    i.__NVIC_GetPriorityGrouping             0x08002fc8   Section        0  main.o(i.__NVIC_GetPriorityGrouping)
    __NVIC_GetPriorityGrouping               0x08002fc9   Thumb Code    10  main.o(i.__NVIC_GetPriorityGrouping)
    i.__NVIC_SetPriority                     0x08002fd8   Section        0  main.o(i.__NVIC_SetPriority)
    __NVIC_SetPriority                       0x08002fd9   Thumb Code    32  main.o(i.__NVIC_SetPriority)
    i.intrp1d_l                              0x08002ff8   Section        0  mcmath.o(i.intrp1d_l)
    i.main                                   0x08003014   Section        0  main.o(i.main)
    i.plook_evencg                           0x08003458   Section        0  mcmath.o(i.plook_evencg)
    i.reset_All                              0x080034a0   Section        0  mcvar.o(i.reset_All)
    i.reset_CurrentPICHandler                0x080034dc   Section        0  mcvar.o(i.reset_CurrentPICHandler)
    i.reset_HFPIHandler                      0x08003508   Section        0  mcvar.o(i.reset_HFPIHandler)
    i.reset_HFSIHandler                      0x0800357c   Section        0  mcvar.o(i.reset_HFSIHandler)
    i.reset_IncABZHandler                    0x08003614   Section        0  mcvar.o(i.reset_IncABZHandler)
    i.reset_MCSysHandler                     0x08003698   Section        0  mcvar.o(i.reset_MCSysHandler)
    i.reset_MotorParHandler                  0x080036b0   Section        0  mcvar.o(i.reset_MotorParHandler)
    i.reset_NSCheckHandler                   0x080036e4   Section        0  mcvar.o(i.reset_NSCheckHandler)
    i.reset_NSIdentifyHandler                0x08003738   Section        0  mcvar.o(i.reset_NSIdentifyHandler)
    i.reset_NonlinearFluxObsHandler          0x08003790   Section        0  mcvar.o(i.reset_NonlinearFluxObsHandler)
    i.reset_ParmeterHandler                  0x08003820   Section        0  mcvar.o(i.reset_ParmeterHandler)
    i.reset_SensorHandler                    0x08003870   Section        0  mcvar.o(i.reset_SensorHandler)
    i.reset_SpeedPICHandler                  0x080038c0   Section        0  mcvar.o(i.reset_SpeedPICHandler)
    i.reset_SvpwmHandler                     0x080038e4   Section        0  mcvar.o(i.reset_SvpwmHandler)
    x$fpl$fpinit                             0x08003928   Section       10  fpinit.o(x$fpl$fpinit)
    $v0                                      0x08003928   Number         0  fpinit.o(x$fpl$fpinit)
    .constdata                               0x08003932   Section       46  main.o(.constdata)
    CHANNEL_OFFSET_TAB                       0x08003932   Data           6  main.o(.constdata)
    OFFSET_TAB_CCMRx                         0x08003938   Data          10  main.o(.constdata)
    SHIFT_TAB_OCxx                           0x08003942   Data          10  main.o(.constdata)
    SHIFT_TAB_ICxx                           0x0800394c   Data          10  main.o(.constdata)
    SHIFT_TAB_CCxP                           0x08003956   Data          10  main.o(.constdata)
    .constdata                               0x08003960   Section       48  stm32g4xx_ll_usart.o(.constdata)
    USART_PRESCALER_TAB                      0x08003960   Data          48  stm32g4xx_ll_usart.o(.constdata)
    .constdata                               0x08003990   Section       16  system_stm32g4xx.o(.constdata)
    .constdata                               0x080039a0   Section        8  system_stm32g4xx.o(.constdata)
    .constdata                               0x080039a8   Section       26  mcconfig.o(.constdata)
    CHANNEL_OFFSET_TAB                       0x080039a8   Data           6  mcconfig.o(.constdata)
    OFFSET_TAB_CCMRx                         0x080039ae   Data          10  mcconfig.o(.constdata)
    SHIFT_TAB_OCxx                           0x080039b8   Data          10  mcconfig.o(.constdata)
    .constdata                               0x080039c4   Section     1020  mcmath.o(.constdata)
    tableData_c                              0x080039c4   Data        1020  mcmath.o(.constdata)
    .ccmram                                  0x10000000   Section        0  stm32g4xx_it.o(.ccmram)
    .ccmram                                  0x1000002c   Section        0  mcconfig.o(.ccmram)
    .ccmram                                  0x100002ac   Section        0  mcmath.o(.ccmram)
    .ccmram                                  0x100004e0   Section        0  mctask.o(.ccmram)
    Long Thumb to Thumb Veneer to LL_ADC_INJ_ReadConversionData12 0x10000ab5   Thumb Code    10  anon$$obj.o(Veneer$$Code)
    .ccmram                                  0x10000ae8   Section      236  mcvar.o(.ccmram)
    .ccmram                                  0x10000bd4   Section        4  mcvar.o(.ccmram)
    .ccmram                                  0x10000bd8   Section        4  mcvar.o(.ccmram)
    .ccmram                                  0x10000bdc   Section        4  mcvar.o(.ccmram)
    .ccmram                                  0x10000be0   Section        4  mcvar.o(.ccmram)
    .ccmram                                  0x10000be4   Section        4  mcvar.o(.ccmram)
    .ccmram                                  0x10000be8   Section        4  mcvar.o(.ccmram)
    .ccmram                                  0x10000bec   Section        4  mcvar.o(.ccmram)
    .data                                    0x20000000   Section        2  main.o(.data)
    .data                                    0x20000004   Section        4  system_stm32g4xx.o(.data)
    .data                                    0x20000008   Section       36  mcconfig.o(.data)
    isStart                                  0x20000008   Data           1  mcconfig.o(.data)
    index                                    0x2000000a   Data           2  mcconfig.o(.data)
    key3Cnt                                  0x2000000c   Data           2  mcconfig.o(.data)
    timeBase                                 0x20000010   Data           4  mcconfig.o(.data)
    .data                                    0x20000030   Section       24  mctask.o(.data)
    cnt                                      0x20000030   Data           4  mctask.o(.data)
    sysBaseTimerCnt                          0x20000038   Data           8  mctask.o(.data)
    staticOffset                             0x20000040   Data           8  mctask.o(.data)
    .bss                                     0x20000048   Section      128  mcconfig.o(.bss)
    .bss                                     0x200000c8   Section      464  mcvar.o(.bss)
    .bss                                     0x20000298   Section       96  libspace.o(.bss)
    HEAP                                     0x200002f8   Section      512  startup_stm32g431xx.o(HEAP)
    Heap_Mem                                 0x200002f8   Data         512  startup_stm32g431xx.o(HEAP)
    STACK                                    0x200004f8   Section     1024  startup_stm32g431xx.o(STACK)
    Stack_Mem                                0x200004f8   Data        1024  startup_stm32g431xx.o(STACK)
    __initial_sp                             0x200008f8   Data           0  startup_stm32g431xx.o(STACK)

    Global Symbols

    Symbol Name                              Value     Ov Type        Size  Object(Section)

    BuildAttributes$$THM_ISAv4$E$P$D$K$B$S$7EM$VFPi3$EXTD16$VFPS$VFMA$PE$A:L22UL41UL21$X:L11$S22US41US21$IEEE1$IW$USESV6$~STKCKD$USESV7$~SHL$OSPACE$ROPI$EBA8$UX$STANDARDLIB$REQ8$PRES8$EABIv2 0x00000000   Number         0  anon$$obj.o ABSOLUTE
    __ARM_use_no_argv                        0x00000000   Number         0  main.o ABSOLUTE
    __ARM_exceptions_init                     - Undefined Weak Reference
    __alloca_initialize                       - Undefined Weak Reference
    __arm_fini_                               - Undefined Weak Reference
    __arm_preinit_                            - Undefined Weak Reference
    __cpp_initialize__aeabi_                  - Undefined Weak Reference
    __cxa_finalize                            - Undefined Weak Reference
    __rt_locale                               - Undefined Weak Reference
    __sigvec_lookup                           - Undefined Weak Reference
    _atexit_init                              - Undefined Weak Reference
    _call_atexit_fns                          - Undefined Weak Reference
    _clock_init                               - Undefined Weak Reference
    _fp_trap_init                             - Undefined Weak Reference
    _fp_trap_shutdown                         - Undefined Weak Reference
    _get_lc_collate                           - Undefined Weak Reference
    _get_lc_ctype                             - Undefined Weak Reference
    _get_lc_monetary                          - Undefined Weak Reference
    _get_lc_numeric                           - Undefined Weak Reference
    _get_lc_time                              - Undefined Weak Reference
    _getenv_init                              - Undefined Weak Reference
    _handle_redirection                       - Undefined Weak Reference
    _init_alloc                               - Undefined Weak Reference
    _init_user_alloc                          - Undefined Weak Reference
    _initio                                   - Undefined Weak Reference
    _rand_init                                - Undefined Weak Reference
    _signal_finish                            - Undefined Weak Reference
    _signal_init                              - Undefined Weak Reference
    _terminate_alloc                          - Undefined Weak Reference
    _terminate_user_alloc                     - Undefined Weak Reference
    _terminateio                              - Undefined Weak Reference
    __Vectors_Size                           0x000001d8   Number         0  startup_stm32g431xx.o ABSOLUTE
    __Vectors                                0x08000000   Data           4  startup_stm32g431xx.o(RESET)
    __Vectors_End                            0x080001d8   Data           0  startup_stm32g431xx.o(RESET)
    __main                                   0x080001d9   Thumb Code     8  __main.o(!!!main)
    __scatterload                            0x080001e1   Thumb Code     0  __scatter.o(!!!scatter)
    __scatterload_rt2                        0x080001e1   Thumb Code    44  __scatter.o(!!!scatter)
    __scatterload_rt2_thumb_only             0x080001e1   Thumb Code     0  __scatter.o(!!!scatter)
    __scatterload_null                       0x080001ef   Thumb Code     0  __scatter.o(!!!scatter)
    __decompress                             0x08000215   Thumb Code    90  __dczerorl2.o(!!dczerorl2)
    __decompress1                            0x08000215   Thumb Code     0  __dczerorl2.o(!!dczerorl2)
    __scatterload_copy                       0x08000271   Thumb Code    26  __scatter_copy.o(!!handler_copy)
    __scatterload_zeroinit                   0x0800028d   Thumb Code    28  __scatter_zi.o(!!handler_zi)
    __rt_lib_init                            0x080002a9   Thumb Code     0  libinit.o(.ARM.Collect$$libinit$$00000000)
    __rt_lib_init_fp_1                       0x080002ab   Thumb Code     0  libinit2.o(.ARM.Collect$$libinit$$00000001)
    __rt_lib_init_alloca_1                   0x080002af   Thumb Code     0  libinit2.o(.ARM.Collect$$libinit$$0000002E)
    __rt_lib_init_argv_1                     0x080002af   Thumb Code     0  libinit2.o(.ARM.Collect$$libinit$$0000002C)
    __rt_lib_init_atexit_1                   0x080002af   Thumb Code     0  libinit2.o(.ARM.Collect$$libinit$$0000001B)
    __rt_lib_init_clock_1                    0x080002af   Thumb Code     0  libinit2.o(.ARM.Collect$$libinit$$00000021)
    __rt_lib_init_cpp_1                      0x080002af   Thumb Code     0  libinit2.o(.ARM.Collect$$libinit$$00000032)
    __rt_lib_init_exceptions_1               0x080002af   Thumb Code     0  libinit2.o(.ARM.Collect$$libinit$$00000030)
    __rt_lib_init_fp_trap_1                  0x080002af   Thumb Code     0  libinit2.o(.ARM.Collect$$libinit$$0000001F)
    __rt_lib_init_getenv_1                   0x080002af   Thumb Code     0  libinit2.o(.ARM.Collect$$libinit$$00000023)
    __rt_lib_init_heap_1                     0x080002af   Thumb Code     0  libinit2.o(.ARM.Collect$$libinit$$0000000A)
    __rt_lib_init_lc_collate_1               0x080002af   Thumb Code     0  libinit2.o(.ARM.Collect$$libinit$$00000011)
    __rt_lib_init_lc_ctype_1                 0x080002af   Thumb Code     0  libinit2.o(.ARM.Collect$$libinit$$00000013)
    __rt_lib_init_lc_monetary_1              0x080002af   Thumb Code     0  libinit2.o(.ARM.Collect$$libinit$$00000015)
    __rt_lib_init_lc_numeric_1               0x080002af   Thumb Code     0  libinit2.o(.ARM.Collect$$libinit$$00000017)
    __rt_lib_init_lc_time_1                  0x080002af   Thumb Code     0  libinit2.o(.ARM.Collect$$libinit$$00000019)
    __rt_lib_init_preinit_1                  0x080002af   Thumb Code     0  libinit2.o(.ARM.Collect$$libinit$$00000004)
    __rt_lib_init_rand_1                     0x080002af   Thumb Code     0  libinit2.o(.ARM.Collect$$libinit$$0000000E)
    __rt_lib_init_return                     0x080002af   Thumb Code     0  libinit2.o(.ARM.Collect$$libinit$$00000033)
    __rt_lib_init_signal_1                   0x080002af   Thumb Code     0  libinit2.o(.ARM.Collect$$libinit$$0000001D)
    __rt_lib_init_stdio_1                    0x080002af   Thumb Code     0  libinit2.o(.ARM.Collect$$libinit$$00000025)
    __rt_lib_init_user_alloc_1               0x080002af   Thumb Code     0  libinit2.o(.ARM.Collect$$libinit$$0000000C)
    __rt_lib_shutdown                        0x080002b1   Thumb Code     0  libshutdown.o(.ARM.Collect$$libshutdown$$00000000)
    __rt_lib_shutdown_cpp_1                  0x080002b3   Thumb Code     0  libshutdown2.o(.ARM.Collect$$libshutdown$$00000004)
    __rt_lib_shutdown_fini_1                 0x080002b3   Thumb Code     0  libshutdown2.o(.ARM.Collect$$libshutdown$$00000002)
    __rt_lib_shutdown_fp_trap_1              0x080002b3   Thumb Code     0  libshutdown2.o(.ARM.Collect$$libshutdown$$00000009)
    __rt_lib_shutdown_heap_1                 0x080002b3   Thumb Code     0  libshutdown2.o(.ARM.Collect$$libshutdown$$00000011)
    __rt_lib_shutdown_return                 0x080002b3   Thumb Code     0  libshutdown2.o(.ARM.Collect$$libshutdown$$00000012)
    __rt_lib_shutdown_signal_1               0x080002b3   Thumb Code     0  libshutdown2.o(.ARM.Collect$$libshutdown$$0000000C)
    __rt_lib_shutdown_stdio_1                0x080002b3   Thumb Code     0  libshutdown2.o(.ARM.Collect$$libshutdown$$00000006)
    __rt_lib_shutdown_user_alloc_1           0x080002b3   Thumb Code     0  libshutdown2.o(.ARM.Collect$$libshutdown$$0000000E)
    __rt_entry                               0x080002b5   Thumb Code     0  __rtentry.o(.ARM.Collect$$rtentry$$00000000)
    __rt_entry_presh_1                       0x080002b5   Thumb Code     0  __rtentry2.o(.ARM.Collect$$rtentry$$00000002)
    __rt_entry_sh                            0x080002b5   Thumb Code     0  __rtentry4.o(.ARM.Collect$$rtentry$$00000004)
    __rt_entry_li                            0x080002bb   Thumb Code     0  __rtentry2.o(.ARM.Collect$$rtentry$$0000000A)
    __rt_entry_postsh_1                      0x080002bb   Thumb Code     0  __rtentry2.o(.ARM.Collect$$rtentry$$00000009)
    __rt_entry_main                          0x080002bf   Thumb Code     0  __rtentry2.o(.ARM.Collect$$rtentry$$0000000D)
    __rt_entry_postli_1                      0x080002bf   Thumb Code     0  __rtentry2.o(.ARM.Collect$$rtentry$$0000000C)
    __rt_exit                                0x080002c7   Thumb Code     0  rtexit.o(.ARM.Collect$$rtexit$$00000000)
    __rt_exit_ls                             0x080002c9   Thumb Code     0  rtexit2.o(.ARM.Collect$$rtexit$$00000003)
    __rt_exit_prels_1                        0x080002c9   Thumb Code     0  rtexit2.o(.ARM.Collect$$rtexit$$00000002)
    __rt_exit_exit                           0x080002cd   Thumb Code     0  rtexit2.o(.ARM.Collect$$rtexit$$00000004)
    Reset_Handler                            0x080002d5   Thumb Code     8  startup_stm32g431xx.o(.text)
    COMP1_2_3_IRQHandler                     0x080002ef   Thumb Code     0  startup_stm32g431xx.o(.text)
    COMP4_IRQHandler                         0x080002ef   Thumb Code     0  startup_stm32g431xx.o(.text)
    CORDIC_IRQHandler                        0x080002ef   Thumb Code     0  startup_stm32g431xx.o(.text)
    CRS_IRQHandler                           0x080002ef   Thumb Code     0  startup_stm32g431xx.o(.text)
    DMA1_Channel3_IRQHandler                 0x080002ef   Thumb Code     0  startup_stm32g431xx.o(.text)
    DMA1_Channel4_IRQHandler                 0x080002ef   Thumb Code     0  startup_stm32g431xx.o(.text)
    DMA1_Channel5_IRQHandler                 0x080002ef   Thumb Code     0  startup_stm32g431xx.o(.text)
    DMA1_Channel6_IRQHandler                 0x080002ef   Thumb Code     0  startup_stm32g431xx.o(.text)
    DMA2_Channel3_IRQHandler                 0x080002ef   Thumb Code     0  startup_stm32g431xx.o(.text)
    DMA2_Channel4_IRQHandler                 0x080002ef   Thumb Code     0  startup_stm32g431xx.o(.text)
    DMA2_Channel5_IRQHandler                 0x080002ef   Thumb Code     0  startup_stm32g431xx.o(.text)
    DMA2_Channel6_IRQHandler                 0x080002ef   Thumb Code     0  startup_stm32g431xx.o(.text)
    DMAMUX_OVR_IRQHandler                    0x080002ef   Thumb Code     0  startup_stm32g431xx.o(.text)
    EXTI0_IRQHandler                         0x080002ef   Thumb Code     0  startup_stm32g431xx.o(.text)
    EXTI15_10_IRQHandler                     0x080002ef   Thumb Code     0  startup_stm32g431xx.o(.text)
    EXTI1_IRQHandler                         0x080002ef   Thumb Code     0  startup_stm32g431xx.o(.text)
    EXTI2_IRQHandler                         0x080002ef   Thumb Code     0  startup_stm32g431xx.o(.text)
    EXTI3_IRQHandler                         0x080002ef   Thumb Code     0  startup_stm32g431xx.o(.text)
    EXTI4_IRQHandler                         0x080002ef   Thumb Code     0  startup_stm32g431xx.o(.text)
    FDCAN1_IT0_IRQHandler                    0x080002ef   Thumb Code     0  startup_stm32g431xx.o(.text)
    FDCAN1_IT1_IRQHandler                    0x080002ef   Thumb Code     0  startup_stm32g431xx.o(.text)
    FLASH_IRQHandler                         0x080002ef   Thumb Code     0  startup_stm32g431xx.o(.text)
    FMAC_IRQHandler                          0x080002ef   Thumb Code     0  startup_stm32g431xx.o(.text)
    FPU_IRQHandler                           0x080002ef   Thumb Code     0  startup_stm32g431xx.o(.text)
    I2C1_ER_IRQHandler                       0x080002ef   Thumb Code     0  startup_stm32g431xx.o(.text)
    I2C1_EV_IRQHandler                       0x080002ef   Thumb Code     0  startup_stm32g431xx.o(.text)
    I2C2_ER_IRQHandler                       0x080002ef   Thumb Code     0  startup_stm32g431xx.o(.text)
    I2C2_EV_IRQHandler                       0x080002ef   Thumb Code     0  startup_stm32g431xx.o(.text)
    I2C3_ER_IRQHandler                       0x080002ef   Thumb Code     0  startup_stm32g431xx.o(.text)
    I2C3_EV_IRQHandler                       0x080002ef   Thumb Code     0  startup_stm32g431xx.o(.text)
    LPTIM1_IRQHandler                        0x080002ef   Thumb Code     0  startup_stm32g431xx.o(.text)
    LPUART1_IRQHandler                       0x080002ef   Thumb Code     0  startup_stm32g431xx.o(.text)
    PVD_PVM_IRQHandler                       0x080002ef   Thumb Code     0  startup_stm32g431xx.o(.text)
    RCC_IRQHandler                           0x080002ef   Thumb Code     0  startup_stm32g431xx.o(.text)
    RNG_IRQHandler                           0x080002ef   Thumb Code     0  startup_stm32g431xx.o(.text)
    RTC_Alarm_IRQHandler                     0x080002ef   Thumb Code     0  startup_stm32g431xx.o(.text)
    RTC_TAMP_LSECSS_IRQHandler               0x080002ef   Thumb Code     0  startup_stm32g431xx.o(.text)
    RTC_WKUP_IRQHandler                      0x080002ef   Thumb Code     0  startup_stm32g431xx.o(.text)
    SAI1_IRQHandler                          0x080002ef   Thumb Code     0  startup_stm32g431xx.o(.text)
    SPI1_IRQHandler                          0x080002ef   Thumb Code     0  startup_stm32g431xx.o(.text)
    SPI2_IRQHandler                          0x080002ef   Thumb Code     0  startup_stm32g431xx.o(.text)
    SPI3_IRQHandler                          0x080002ef   Thumb Code     0  startup_stm32g431xx.o(.text)
    TIM1_BRK_TIM15_IRQHandler                0x080002ef   Thumb Code     0  startup_stm32g431xx.o(.text)
    TIM1_CC_IRQHandler                       0x080002ef   Thumb Code     0  startup_stm32g431xx.o(.text)
    TIM1_TRG_COM_TIM17_IRQHandler            0x080002ef   Thumb Code     0  startup_stm32g431xx.o(.text)
    TIM1_UP_TIM16_IRQHandler                 0x080002ef   Thumb Code     0  startup_stm32g431xx.o(.text)
    TIM2_IRQHandler                          0x080002ef   Thumb Code     0  startup_stm32g431xx.o(.text)
    TIM3_IRQHandler                          0x080002ef   Thumb Code     0  startup_stm32g431xx.o(.text)
    TIM4_IRQHandler                          0x080002ef   Thumb Code     0  startup_stm32g431xx.o(.text)
    TIM6_DAC_IRQHandler                      0x080002ef   Thumb Code     0  startup_stm32g431xx.o(.text)
    TIM7_IRQHandler                          0x080002ef   Thumb Code     0  startup_stm32g431xx.o(.text)
    TIM8_BRK_IRQHandler                      0x080002ef   Thumb Code     0  startup_stm32g431xx.o(.text)
    TIM8_CC_IRQHandler                       0x080002ef   Thumb Code     0  startup_stm32g431xx.o(.text)
    TIM8_TRG_COM_IRQHandler                  0x080002ef   Thumb Code     0  startup_stm32g431xx.o(.text)
    UART4_IRQHandler                         0x080002ef   Thumb Code     0  startup_stm32g431xx.o(.text)
    UCPD1_IRQHandler                         0x080002ef   Thumb Code     0  startup_stm32g431xx.o(.text)
    USART1_IRQHandler                        0x080002ef   Thumb Code     0  startup_stm32g431xx.o(.text)
    USART2_IRQHandler                        0x080002ef   Thumb Code     0  startup_stm32g431xx.o(.text)
    USART3_IRQHandler                        0x080002ef   Thumb Code     0  startup_stm32g431xx.o(.text)
    USBWakeUp_IRQHandler                     0x080002ef   Thumb Code     0  startup_stm32g431xx.o(.text)
    USB_HP_IRQHandler                        0x080002ef   Thumb Code     0  startup_stm32g431xx.o(.text)
    USB_LP_IRQHandler                        0x080002ef   Thumb Code     0  startup_stm32g431xx.o(.text)
    WWDG_IRQHandler                          0x080002ef   Thumb Code     0  startup_stm32g431xx.o(.text)
    __user_initial_stackheap                 0x080002f1   Thumb Code     0  startup_stm32g431xx.o(.text)
    __aeabi_memclr4                          0x08000315   Thumb Code     0  rt_memclr_w.o(.text)
    __aeabi_memclr8                          0x08000315   Thumb Code     0  rt_memclr_w.o(.text)
    __rt_memclr_w                            0x08000315   Thumb Code    78  rt_memclr_w.o(.text)
    _memset_w                                0x08000319   Thumb Code     0  rt_memclr_w.o(.text)
    __use_two_region_memory                  0x08000363   Thumb Code     2  heapauxi.o(.text)
    __rt_heap_escrow$2region                 0x08000365   Thumb Code     2  heapauxi.o(.text)
    __rt_heap_expand$2region                 0x08000367   Thumb Code     2  heapauxi.o(.text)
    __user_setup_stackheap                   0x08000369   Thumb Code    74  sys_stackheap_outer.o(.text)
    exit                                     0x080003b3   Thumb Code    18  exit.o(.text)
    __user_libspace                          0x080003c5   Thumb Code     8  libspace.o(.text)
    __user_perproc_libspace                  0x080003c5   Thumb Code     0  libspace.o(.text)
    __user_perthread_libspace                0x080003c5   Thumb Code     0  libspace.o(.text)
    _sys_exit                                0x080003cd   Thumb Code     8  sys_exit.o(.text)
    __I$use$semihosting                      0x080003d9   Thumb Code     0  use_no_semi.o(.text)
    __use_no_semihosting_swi                 0x080003d9   Thumb Code     2  use_no_semi.o(.text)
    Long Thumb to Thumb Veneer to Hardware_GetIncABZEncoderTimCnt 0x080003db   Thumb Code    10  anon$$obj.o(Veneer$$Code)
    __semihosting_library_function           0x080003db   Thumb Code     0  indicate_semi.o(.text)
    Long Thumb to Thumb Veneer to Hardware_GetCurrentOffset 0x080003e5   Thumb Code    10  anon$$obj.o(Veneer$$Code)
    BusFault_Handler                         0x080003ef   Thumb Code     2  stm32g4xx_it.o(i.BusFault_Handler)
    DMA1_Channel1_IRQHandler                 0x080003f1   Thumb Code     2  stm32g4xx_it.o(i.DMA1_Channel1_IRQHandler)
    DMA1_Channel2_IRQHandler                 0x080003f3   Thumb Code     2  stm32g4xx_it.o(i.DMA1_Channel2_IRQHandler)
    DMA2_Channel1_IRQHandler                 0x080003f5   Thumb Code     2  stm32g4xx_it.o(i.DMA2_Channel1_IRQHandler)
    DMA2_Channel2_IRQHandler                 0x080003f7   Thumb Code     2  stm32g4xx_it.o(i.DMA2_Channel2_IRQHandler)
    DebugMon_Handler                         0x080003f9   Thumb Code     2  stm32g4xx_it.o(i.DebugMon_Handler)
    EXTI9_5_IRQHandler                       0x080003fd   Thumb Code    52  stm32g4xx_it.o(i.EXTI9_5_IRQHandler)
    HardFault_Handler                        0x0800043d   Thumb Code     2  stm32g4xx_it.o(i.HardFault_Handler)
    Hardware_ForceSwitchOnAllLowSides        0x08000441   Thumb Code    68  mcconfig.o(i.Hardware_ForceSwitchOnAllLowSides)
    Hardware_GetBusVoltage                   0x08000489   Thumb Code   108  mcconfig.o(i.Hardware_GetBusVoltage)
    Hardware_GetTemperature                  0x0800050d   Thumb Code    44  mcconfig.o(i.Hardware_GetTemperature)
    Hardware_MCStartOrStop                   0x08000541   Thumb Code    48  mcconfig.o(i.Hardware_MCStartOrStop)
    Hardware_ResetAllLowSides                0x08000579   Thumb Code    68  mcconfig.o(i.Hardware_ResetAllLowSides)
    Hardware_SafatyTaskEvent                 0x080005c1   Thumb Code   302  mcconfig.o(i.Hardware_SafatyTaskEvent)
    Hardware_SetCCR                          0x08000715   Thumb Code    10  mcconfig.o(i.Hardware_SetCCR)
    Hardware_StartPWM                        0x08000725   Thumb Code    60  mcconfig.o(i.Hardware_StartPWM)
    Hardware_StopPWM                         0x08000765   Thumb Code    60  mcconfig.o(i.Hardware_StopPWM)
    LL_ADC_CommonInit                        0x080007a5   Thumb Code    72  stm32g4xx_ll_adc.o(i.LL_ADC_CommonInit)
    LL_ADC_INJ_Init                          0x080007f5   Thumb Code    66  stm32g4xx_ll_adc.o(i.LL_ADC_INJ_Init)
    LL_ADC_Init                              0x08000861   Thumb Code    42  stm32g4xx_ll_adc.o(i.LL_ADC_Init)
    LL_ADC_REG_Init                          0x0800088d   Thumb Code    78  stm32g4xx_ll_adc.o(i.LL_ADC_REG_Init)
    LL_COMP_Init                             0x080009f5   Thumb Code    46  stm32g4xx_ll_comp.o(i.LL_COMP_Init)
    LL_DAC_Init                              0x08000a3b   Thumb Code   152  stm32g4xx_ll_dac.o(i.LL_DAC_Init)
    LL_EXTI_Init                             0x08000c15   Thumb Code   318  stm32g4xx_ll_exti.o(i.LL_EXTI_Init)
    LL_GPIO_Init                             0x08000d59   Thumb Code   310  stm32g4xx_ll_gpio.o(i.LL_GPIO_Init)
    LL_I2C_Init                              0x08000e8f   Thumb Code   104  stm32g4xx_ll_i2c.o(i.LL_I2C_Init)
    LL_Init1msTick                           0x08000ef7   Thumb Code    26  stm32g4xx_ll_utils.o(i.LL_Init1msTick)
    LL_RCC_GetUARTClockFreq                  0x08000f11   Thumb Code    84  stm32g4xx_ll_rcc.o(i.LL_RCC_GetUARTClockFreq)
    LL_RCC_GetUSARTClockFreq                 0x08000f6d   Thumb Code   172  stm32g4xx_ll_rcc.o(i.LL_RCC_GetUSARTClockFreq)
    LL_SPI_Init                              0x080010b1   Thumb Code   118  stm32g4xx_ll_spi.o(i.LL_SPI_Init)
    LL_SetSystemCoreClock                    0x08001129   Thumb Code     6  stm32g4xx_ll_utils.o(i.LL_SetSystemCoreClock)
    LL_TIM_BDTR_Init                         0x08001135   Thumb Code   112  stm32g4xx_ll_tim.o(i.LL_TIM_BDTR_Init)
    LL_TIM_Init                              0x08001391   Thumb Code   144  stm32g4xx_ll_tim.o(i.LL_TIM_Init)
    LL_TIM_OC_Init                           0x08001525   Thumb Code   302  stm32g4xx_ll_tim.o(i.LL_TIM_OC_Init)
    LL_USART_Init                            0x0800172d   Thumb Code   206  stm32g4xx_ll_usart.o(i.LL_USART_Init)
    MemManage_Handler                        0x0800295d   Thumb Code     2  stm32g4xx_it.o(i.MemManage_Handler)
    NMI_Handler                              0x0800295f   Thumb Code     2  stm32g4xx_it.o(i.NMI_Handler)
    PendSV_Handler                           0x08002c09   Thumb Code     2  stm32g4xx_it.o(i.PendSV_Handler)
    SVC_Handler                              0x08002ccd   Thumb Code     2  stm32g4xx_it.o(i.SVC_Handler)
    SafetyTask                               0x08002cd1   Thumb Code   414  mctask.o(i.SafetyTask)
    SysTick_Handler                          0x08002e99   Thumb Code     4  stm32g4xx_it.o(i.SysTick_Handler)
    SystemClock_Config                       0x08002e9d   Thumb Code   192  main.o(i.SystemClock_Config)
    SystemInit                               0x08002f79   Thumb Code    12  system_stm32g4xx.o(i.SystemInit)
    TIM8_UP_IRQHandler                       0x08002f89   Thumb Code    26  stm32g4xx_it.o(i.TIM8_UP_IRQHandler)
    UsageFault_Handler                       0x08002fad   Thumb Code     2  stm32g4xx_it.o(i.UsageFault_Handler)
    intrp1d_l                                0x08002ff9   Thumb Code    26  mcmath.o(i.intrp1d_l)
    main                                     0x08003015   Thumb Code   966  main.o(i.main)
    plook_evencg                             0x08003459   Thumb Code    72  mcmath.o(i.plook_evencg)
    reset_All                                0x080034a1   Thumb Code    58  mcvar.o(i.reset_All)
    reset_CurrentPICHandler                  0x080034dd   Thumb Code    32  mcvar.o(i.reset_CurrentPICHandler)
    reset_HFPIHandler                        0x08003509   Thumb Code   106  mcvar.o(i.reset_HFPIHandler)
    reset_HFSIHandler                        0x0800357d   Thumb Code   130  mcvar.o(i.reset_HFSIHandler)
    reset_IncABZHandler                      0x08003615   Thumb Code   118  mcvar.o(i.reset_IncABZHandler)
    reset_MCSysHandler                       0x08003699   Thumb Code    18  mcvar.o(i.reset_MCSysHandler)
    reset_MotorParHandler                    0x080036b1   Thumb Code    36  mcvar.o(i.reset_MotorParHandler)
    reset_NSCheckHandler                     0x080036e5   Thumb Code    68  mcvar.o(i.reset_NSCheckHandler)
    reset_NSIdentifyHandler                  0x08003739   Thumb Code    70  mcvar.o(i.reset_NSIdentifyHandler)
    reset_NonlinearFluxObsHandler            0x08003791   Thumb Code   108  mcvar.o(i.reset_NonlinearFluxObsHandler)
    reset_ParmeterHandler                    0x08003821   Thumb Code    56  mcvar.o(i.reset_ParmeterHandler)
    reset_SensorHandler                      0x08003871   Thumb Code    72  mcvar.o(i.reset_SensorHandler)
    reset_SpeedPICHandler                    0x080038c1   Thumb Code    24  mcvar.o(i.reset_SpeedPICHandler)
    reset_SvpwmHandler                       0x080038e5   Thumb Code    50  mcvar.o(i.reset_SvpwmHandler)
    _fp_init                                 0x08003929   Thumb Code    10  fpinit.o(x$fpl$fpinit)
    __fplib_config_fpu_vfp                   0x08003931   Thumb Code     0  fpinit.o(x$fpl$fpinit)
    __fplib_config_pureend_doubles           0x08003931   Thumb Code     0  fpinit.o(x$fpl$fpinit)
    AHBPrescTable                            0x08003990   Data          16  system_stm32g4xx.o(.constdata)
    APBPrescTable                            0x080039a0   Data           8  system_stm32g4xx.o(.constdata)
    Region$$Table$$Base                      0x08003dc0   Number         0  anon$$obj.o(Region$$Table)
    Region$$Table$$Limit                     0x08003e00   Number         0  anon$$obj.o(Region$$Table)
    ADC1_2_IRQHandler                        0x10000001   Thumb Code    38  stm32g4xx_it.o(.ccmram)
    Hardware_PerformanceTaskEvent            0x1000002d   Thumb Code     2  mcconfig.o(.ccmram)
    Hardware_GetSinCosVal                    0x1000002f   Thumb Code    62  mcconfig.o(.ccmram)
    Hardware_FastSquareRoot                  0x1000006d   Thumb Code    26  mcconfig.o(.ccmram)
    Hardware_FastReciprocalSquareRoot        0x10000087   Thumb Code    40  mcconfig.o(.ccmram)
    Harware_GetCurrentAB                     0x100000af   Thumb Code   106  mcconfig.o(.ccmram)
    Hardware_GetCurrentOffset                0x10000119   Thumb Code   102  mcconfig.o(.ccmram)
    Hardware_GetIncABZEncoderTimCnt          0x1000017f   Thumb Code     6  mcconfig.o(.ccmram)
    Hardware_SetIncABZEncoderTimCnt          0x10000185   Thumb Code     8  mcconfig.o(.ccmram)
    Hardware_GetEleSpeed                     0x1000018d   Thumb Code   172  mcconfig.o(.ccmram)
    Hardware_GetRealEleAngle                 0x10000239   Thumb Code    50  mcconfig.o(.ccmram)
    CalculateSinCosValue                     0x100002ad   Thumb Code     4  mcmath.o(.ccmram)
    Abc_AlphaBeta_Trans                      0x100002b1   Thumb Code    30  mcmath.o(.ccmram)
    AlphaBeta_Abc_Trans                      0x100002cf   Thumb Code    34  mcmath.o(.ccmram)
    AlphaBeta_Dq_Trans                       0x100002f1   Thumb Code    50  mcmath.o(.ccmram)
    Dq_AlphaBeta_Trans                       0x10000323   Thumb Code    50  mcmath.o(.ccmram)
    FastSquareRoot                           0x10000355   Thumb Code     4  mcmath.o(.ccmram)
    FastReciprocalSquareRoot                 0x10000359   Thumb Code     4  mcmath.o(.ccmram)
    Min3                                     0x1000035d   Thumb Code    30  mcmath.o(.ccmram)
    Max3                                     0x1000037b   Thumb Code    30  mcmath.o(.ccmram)
    MedianFilter                             0x10000399   Thumb Code    74  mcmath.o(.ccmram)
    atan2Rad                                 0x100003e3   Thumb Code   228  mcmath.o(.ccmram)
    SectorCalModeSvpwm                       0x100004e1   Thumb Code   506  mctask.o(.ccmram)
    SpeedPIController                        0x100006db   Thumb Code   122  mctask.o(.ccmram)
    CurrentPIController                      0x10000755   Thumb Code   252  mctask.o(.ccmram)
    PerformanceCriticalTask                  0x10000851   Thumb Code   596  mctask.o(.ccmram)
    Long Thumb to Thumb Veneer to plook_evencg 0x10000abf   Thumb Code    10  anon$$obj.o(Veneer$$Code)
    Long Thumb to Thumb Veneer to intrp1d_l  0x10000ac9   Thumb Code    10  anon$$obj.o(Veneer$$Code)
    Long Thumb to Thumb Veneer to reset_CurrentPICHandler 0x10000ad3   Thumb Code    10  anon$$obj.o(Veneer$$Code)
    Long Thumb to Thumb Veneer to Hardware_SetCCR 0x10000add   Thumb Code    10  anon$$obj.o(Veneer$$Code)
    mcSystemHandler                          0x10000ae8   Data          16  mcvar.o(.ccmram)
    svpwmHandler                             0x10000af8   Data          32  mcvar.o(.ccmram)
    motorParHandler                          0x10000b18   Data          20  mcvar.o(.ccmram)
    incABZHandler                            0x10000b2c   Data          36  mcvar.o(.ccmram)
    sensorHandler                            0x10000b50   Data          60  mcvar.o(.ccmram)
    currentIdPICHandler                      0x10000b8c   Data          24  mcvar.o(.ccmram)
    currentIqPICHandler                      0x10000ba4   Data          24  mcvar.o(.ccmram)
    speedPICHandler                          0x10000bbc   Data          24  mcvar.o(.ccmram)
    pSys                                     0x10000bd4   Data           4  mcvar.o(.ccmram)
    pSVP                                     0x10000bd8   Data           4  mcvar.o(.ccmram)
    pIncABZ                                  0x10000bdc   Data           4  mcvar.o(.ccmram)
    pSens                                    0x10000be0   Data           4  mcvar.o(.ccmram)
    pIdPIC                                   0x10000be4   Data           4  mcvar.o(.ccmram)
    pIqPIC                                   0x10000be8   Data           4  mcvar.o(.ccmram)
    pSpPIC                                   0x10000bec   Data           4  mcvar.o(.ccmram)
    tempDat                                  0x20000000   Data           2  main.o(.data)
    SystemCoreClock                          0x20000004   Data           4  system_stm32g4xx.o(.data)
    frameSendForUSART                        0x20000014   Data          24  mcconfig.o(.data)
    frameReceiveForUSART                     0x20000048   Data         128  mcconfig.o(.bss)
    hfpiHandler                              0x200000c8   Data          96  mcvar.o(.bss)
    hfsiHandler                              0x20000128   Data         112  mcvar.o(.bss)
    NSIdendityHandler                        0x20000198   Data          52  mcvar.o(.bss)
    MCParameterIdentifyHandler               0x200001cc   Data          72  mcvar.o(.bss)
    NSHandler                                0x20000214   Data          56  mcvar.o(.bss)
    NonlinearFluxHandler                     0x2000024c   Data          76  mcvar.o(.bss)
    __libspace_start                         0x20000298   Data          96  libspace.o(.bss)
    __temporary_stack_top$libspace           0x200002f8   Data           0  libspace.o(.bss)



==============================================================================

Memory Map of the image

  Image Entry point : 0x080001d9

  Load Region LR_IROM1 (Base: 0x08000000, Size: 0x00004a38, Max: 0x00020000, ABSOLUTE)

    Execution Region ER_IROM1 (Exec base: 0x08000000, Load base: 0x08000000, Size: 0x00003e00, Max: 0x00020000, ABSOLUTE)

    Exec Addr    Load Addr    Size         Type   Attr      Idx    E Section Name        Object

    0x08000000   0x08000000   0x000001d8   Data   RO            3    RESET               startup_stm32g431xx.o
    0x080001d8   0x080001d8   0x00000008   Code   RO         2153  * !!!main             c_w.l(__main.o)
    0x080001e0   0x080001e0   0x00000034   Code   RO         2314    !!!scatter          c_w.l(__scatter.o)
    0x08000214   0x08000214   0x0000005a   Code   RO         2312    !!dczerorl2         c_w.l(__dczerorl2.o)
    0x0800026e   0x0800026e   0x00000002   PAD
    0x08000270   0x08000270   0x0000001a   Code   RO         2316    !!handler_copy      c_w.l(__scatter_copy.o)
    0x0800028a   0x0800028a   0x00000002   PAD
    0x0800028c   0x0800028c   0x0000001c   Code   RO         2318    !!handler_zi        c_w.l(__scatter_zi.o)
    0x080002a8   0x080002a8   0x00000002   Code   RO         2180    .ARM.Collect$$libinit$$00000000  c_w.l(libinit.o)
    0x080002aa   0x080002aa   0x00000004   Code   RO         2186    .ARM.Collect$$libinit$$00000001  c_w.l(libinit2.o)
    0x080002ae   0x080002ae   0x00000000   Code   RO         2189    .ARM.Collect$$libinit$$00000004  c_w.l(libinit2.o)
    0x080002ae   0x080002ae   0x00000000   Code   RO         2192    .ARM.Collect$$libinit$$0000000A  c_w.l(libinit2.o)
    0x080002ae   0x080002ae   0x00000000   Code   RO         2194    .ARM.Collect$$libinit$$0000000C  c_w.l(libinit2.o)
    0x080002ae   0x080002ae   0x00000000   Code   RO         2196    .ARM.Collect$$libinit$$0000000E  c_w.l(libinit2.o)
    0x080002ae   0x080002ae   0x00000000   Code   RO         2199    .ARM.Collect$$libinit$$00000011  c_w.l(libinit2.o)
    0x080002ae   0x080002ae   0x00000000   Code   RO         2201    .ARM.Collect$$libinit$$00000013  c_w.l(libinit2.o)
    0x080002ae   0x080002ae   0x00000000   Code   RO         2203    .ARM.Collect$$libinit$$00000015  c_w.l(libinit2.o)
    0x080002ae   0x080002ae   0x00000000   Code   RO         2205    .ARM.Collect$$libinit$$00000017  c_w.l(libinit2.o)
    0x080002ae   0x080002ae   0x00000000   Code   RO         2207    .ARM.Collect$$libinit$$00000019  c_w.l(libinit2.o)
    0x080002ae   0x080002ae   0x00000000   Code   RO         2209    .ARM.Collect$$libinit$$0000001B  c_w.l(libinit2.o)
    0x080002ae   0x080002ae   0x00000000   Code   RO         2211    .ARM.Collect$$libinit$$0000001D  c_w.l(libinit2.o)
    0x080002ae   0x080002ae   0x00000000   Code   RO         2213    .ARM.Collect$$libinit$$0000001F  c_w.l(libinit2.o)
    0x080002ae   0x080002ae   0x00000000   Code   RO         2215    .ARM.Collect$$libinit$$00000021  c_w.l(libinit2.o)
    0x080002ae   0x080002ae   0x00000000   Code   RO         2217    .ARM.Collect$$libinit$$00000023  c_w.l(libinit2.o)
    0x080002ae   0x080002ae   0x00000000   Code   RO         2219    .ARM.Collect$$libinit$$00000025  c_w.l(libinit2.o)
    0x080002ae   0x080002ae   0x00000000   Code   RO         2223    .ARM.Collect$$libinit$$0000002C  c_w.l(libinit2.o)
    0x080002ae   0x080002ae   0x00000000   Code   RO         2225    .ARM.Collect$$libinit$$0000002E  c_w.l(libinit2.o)
    0x080002ae   0x080002ae   0x00000000   Code   RO         2227    .ARM.Collect$$libinit$$00000030  c_w.l(libinit2.o)
    0x080002ae   0x080002ae   0x00000000   Code   RO         2229    .ARM.Collect$$libinit$$00000032  c_w.l(libinit2.o)
    0x080002ae   0x080002ae   0x00000002   Code   RO         2230    .ARM.Collect$$libinit$$00000033  c_w.l(libinit2.o)
    0x080002b0   0x080002b0   0x00000002   Code   RO         2250    .ARM.Collect$$libshutdown$$00000000  c_w.l(libshutdown.o)
    0x080002b2   0x080002b2   0x00000000   Code   RO         2263    .ARM.Collect$$libshutdown$$00000002  c_w.l(libshutdown2.o)
    0x080002b2   0x080002b2   0x00000000   Code   RO         2265    .ARM.Collect$$libshutdown$$00000004  c_w.l(libshutdown2.o)
    0x080002b2   0x080002b2   0x00000000   Code   RO         2267    .ARM.Collect$$libshutdown$$00000006  c_w.l(libshutdown2.o)
    0x080002b2   0x080002b2   0x00000000   Code   RO         2270    .ARM.Collect$$libshutdown$$00000009  c_w.l(libshutdown2.o)
    0x080002b2   0x080002b2   0x00000000   Code   RO         2273    .ARM.Collect$$libshutdown$$0000000C  c_w.l(libshutdown2.o)
    0x080002b2   0x080002b2   0x00000000   Code   RO         2275    .ARM.Collect$$libshutdown$$0000000E  c_w.l(libshutdown2.o)
    0x080002b2   0x080002b2   0x00000000   Code   RO         2278    .ARM.Collect$$libshutdown$$00000011  c_w.l(libshutdown2.o)
    0x080002b2   0x080002b2   0x00000002   Code   RO         2279    .ARM.Collect$$libshutdown$$00000012  c_w.l(libshutdown2.o)
    0x080002b4   0x080002b4   0x00000000   Code   RO         2155    .ARM.Collect$$rtentry$$00000000  c_w.l(__rtentry.o)
    0x080002b4   0x080002b4   0x00000000   Code   RO         2157    .ARM.Collect$$rtentry$$00000002  c_w.l(__rtentry2.o)
    0x080002b4   0x080002b4   0x00000006   Code   RO         2169    .ARM.Collect$$rtentry$$00000004  c_w.l(__rtentry4.o)
    0x080002ba   0x080002ba   0x00000000   Code   RO         2159    .ARM.Collect$$rtentry$$00000009  c_w.l(__rtentry2.o)
    0x080002ba   0x080002ba   0x00000004   Code   RO         2160    .ARM.Collect$$rtentry$$0000000A  c_w.l(__rtentry2.o)
    0x080002be   0x080002be   0x00000000   Code   RO         2162    .ARM.Collect$$rtentry$$0000000C  c_w.l(__rtentry2.o)
    0x080002be   0x080002be   0x00000008   Code   RO         2163    .ARM.Collect$$rtentry$$0000000D  c_w.l(__rtentry2.o)
    0x080002c6   0x080002c6   0x00000002   Code   RO         2184    .ARM.Collect$$rtexit$$00000000  c_w.l(rtexit.o)
    0x080002c8   0x080002c8   0x00000000   Code   RO         2232    .ARM.Collect$$rtexit$$00000002  c_w.l(rtexit2.o)
    0x080002c8   0x080002c8   0x00000004   Code   RO         2233    .ARM.Collect$$rtexit$$00000003  c_w.l(rtexit2.o)
    0x080002cc   0x080002cc   0x00000006   Code   RO         2234    .ARM.Collect$$rtexit$$00000004  c_w.l(rtexit2.o)
    0x080002d2   0x080002d2   0x00000002   PAD
    0x080002d4   0x080002d4   0x00000040   Code   RO            4    .text               startup_stm32g431xx.o
    0x08000314   0x08000314   0x0000004e   Code   RO         2149    .text               c_w.l(rt_memclr_w.o)
    0x08000362   0x08000362   0x00000006   Code   RO         2151    .text               c_w.l(heapauxi.o)
    0x08000368   0x08000368   0x0000004a   Code   RO         2171    .text               c_w.l(sys_stackheap_outer.o)
    0x080003b2   0x080003b2   0x00000012   Code   RO         2173    .text               c_w.l(exit.o)
    0x080003c4   0x080003c4   0x00000008   Code   RO         2181    .text               c_w.l(libspace.o)
    0x080003cc   0x080003cc   0x0000000c   Code   RO         2242    .text               c_w.l(sys_exit.o)
    0x080003d8   0x080003d8   0x00000002   Code   RO         2253    .text               c_w.l(use_no_semi.o)
    0x080003da   0x080003da   0x00000000   Code   RO         2255    .text               c_w.l(indicate_semi.o)
    0x080003da   0x080003da   0x0000000a   Ven    RO         2320    Veneer$$Code        anon$$obj.o
    0x080003e4   0x080003e4   0x0000000a   Ven    RO         2321    Veneer$$Code        anon$$obj.o
    0x080003ee   0x080003ee   0x00000002   Code   RO          472    i.BusFault_Handler  stm32g4xx_it.o
    0x080003f0   0x080003f0   0x00000002   Code   RO          473    i.DMA1_Channel1_IRQHandler  stm32g4xx_it.o
    0x080003f2   0x080003f2   0x00000002   Code   RO          474    i.DMA1_Channel2_IRQHandler  stm32g4xx_it.o
    0x080003f4   0x080003f4   0x00000002   Code   RO          475    i.DMA2_Channel1_IRQHandler  stm32g4xx_it.o
    0x080003f6   0x080003f6   0x00000002   Code   RO          476    i.DMA2_Channel2_IRQHandler  stm32g4xx_it.o
    0x080003f8   0x080003f8   0x00000002   Code   RO          477    i.DebugMon_Handler  stm32g4xx_it.o
    0x080003fa   0x080003fa   0x00000002   PAD
    0x080003fc   0x080003fc   0x00000040   Code   RO          478    i.EXTI9_5_IRQHandler  stm32g4xx_it.o
    0x0800043c   0x0800043c   0x00000002   Code   RO          479    i.HardFault_Handler  stm32g4xx_it.o
    0x0800043e   0x0800043e   0x00000002   PAD
    0x08000440   0x08000440   0x00000048   Code   RO         1611    i.Hardware_ForceSwitchOnAllLowSides  mcconfig.o
    0x08000488   0x08000488   0x00000084   Code   RO         1612    i.Hardware_GetBusVoltage  mcconfig.o
    0x0800050c   0x0800050c   0x00000034   Code   RO         1613    i.Hardware_GetTemperature  mcconfig.o
    0x08000540   0x08000540   0x00000038   Code   RO         1615    i.Hardware_MCStartOrStop  mcconfig.o
    0x08000578   0x08000578   0x00000048   Code   RO         1616    i.Hardware_ResetAllLowSides  mcconfig.o
    0x080005c0   0x080005c0   0x00000154   Code   RO         1617    i.Hardware_SafatyTaskEvent  mcconfig.o
    0x08000714   0x08000714   0x00000010   Code   RO         1618    i.Hardware_SetCCR   mcconfig.o
    0x08000724   0x08000724   0x00000040   Code   RO         1619    i.Hardware_StartPWM  mcconfig.o
    0x08000764   0x08000764   0x00000040   Code   RO         1620    i.Hardware_StopPWM  mcconfig.o
    0x080007a4   0x080007a4   0x00000050   Code   RO          844    i.LL_ADC_CommonInit  stm32g4xx_ll_adc.o
    0x080007f4   0x080007f4   0x00000042   Code   RO          847    i.LL_ADC_INJ_Init   stm32g4xx_ll_adc.o
    0x08000836   0x08000836   0x00000010   Code   RO         1621    i.LL_ADC_INJ_ReadConversionData12  mcconfig.o
    0x08000846   0x08000846   0x0000001a   Code   RO           14    i.LL_ADC_INJ_SetSequencerRanks  main.o
    0x08000860   0x08000860   0x0000002a   Code   RO          849    i.LL_ADC_Init       stm32g4xx_ll_adc.o
    0x0800088a   0x0800088a   0x00000002   PAD
    0x0800088c   0x0800088c   0x00000054   Code   RO          850    i.LL_ADC_REG_Init   stm32g4xx_ll_adc.o
    0x080008e0   0x080008e0   0x00000022   Code   RO           15    i.LL_ADC_REG_SetSequencerRanks  main.o
    0x08000902   0x08000902   0x0000001c   Code   RO           16    i.LL_ADC_SetCalibrationFactor  main.o
    0x0800091e   0x0800091e   0x0000001e   Code   RO           17    i.LL_ADC_SetChannelSamplingTime  main.o
    0x0800093c   0x0800093c   0x00000020   Code   RO           18    i.LL_ADC_SetChannelSingleDiff  main.o
    0x0800095c   0x0800095c   0x00000020   Code   RO           19    i.LL_ADC_SetGainCompensation  main.o
    0x0800097c   0x0800097c   0x00000018   Code   RO           20    i.LL_ADC_StartCalibration  main.o
    0x08000994   0x08000994   0x00000018   Code   RO           21    i.LL_AHB1_GRP1_EnableClock  main.o
    0x080009ac   0x080009ac   0x00000018   Code   RO           22    i.LL_AHB2_GRP1_EnableClock  main.o
    0x080009c4   0x080009c4   0x00000018   Code   RO           23    i.LL_APB1_GRP1_EnableClock  main.o
    0x080009dc   0x080009dc   0x00000018   Code   RO           24    i.LL_APB2_GRP1_EnableClock  main.o
    0x080009f4   0x080009f4   0x00000034   Code   RO          974    i.LL_COMP_Init      stm32g4xx_ll_comp.o
    0x08000a28   0x08000a28   0x00000012   Code   RO           25    i.LL_DAC_ConvertData12RightAligned  main.o
    0x08000a3a   0x08000a3a   0x00000098   Code   RO         1210    i.LL_DAC_Init       stm32g4xx_ll_dac.o
    0x08000ad2   0x08000ad2   0x00000018   Code   RO           26    i.LL_DAC_SetSignedFormat  main.o
    0x08000aea   0x08000aea   0x00000002   PAD
    0x08000aec   0x08000aec   0x00000028   Code   RO           27    i.LL_DMA_ConfigAddresses  main.o
    0x08000b14   0x08000b14   0x00000014   Code   RO           28    i.LL_DMA_EnableChannel  main.o
    0x08000b28   0x08000b28   0x00000014   Code   RO           29    i.LL_DMA_SetChannelPriorityLevel  main.o
    0x08000b3c   0x08000b3c   0x00000018   Code   RO           30    i.LL_DMA_SetDataLength  main.o
    0x08000b54   0x08000b54   0x00000018   Code   RO           31    i.LL_DMA_SetDataTransferDirection  main.o
    0x08000b6c   0x08000b6c   0x00000014   Code   RO           32    i.LL_DMA_SetMemoryIncMode  main.o
    0x08000b80   0x08000b80   0x00000014   Code   RO           33    i.LL_DMA_SetMemorySize  main.o
    0x08000b94   0x08000b94   0x00000014   Code   RO           34    i.LL_DMA_SetMode    main.o
    0x08000ba8   0x08000ba8   0x00000014   Code   RO           35    i.LL_DMA_SetPeriphIncMode  main.o
    0x08000bbc   0x08000bbc   0x00000024   Code   RO           36    i.LL_DMA_SetPeriphRequest  main.o
    0x08000be0   0x08000be0   0x00000014   Code   RO           37    i.LL_DMA_SetPeriphSize  main.o
    0x08000bf4   0x08000bf4   0x00000010   Code   RO           38    i.LL_EXTI_DisableEvent_0_31  main.o
    0x08000c04   0x08000c04   0x00000010   Code   RO           39    i.LL_EXTI_DisableIT_0_31  main.o
    0x08000c14   0x08000c14   0x00000144   Code   RO          753    i.LL_EXTI_Init      stm32g4xx_ll_exti.o
    0x08000d58   0x08000d58   0x00000136   Code   RO          794    i.LL_GPIO_Init      stm32g4xx_ll_gpio.o
    0x08000e8e   0x08000e8e   0x00000068   Code   RO         1249    i.LL_I2C_Init       stm32g4xx_ll_i2c.o
    0x08000ef6   0x08000ef6   0x0000001a   Code   RO          661    i.LL_Init1msTick    stm32g4xx_ll_utils.o
    0x08000f10   0x08000f10   0x0000005c   Code   RO         1023    i.LL_RCC_GetUARTClockFreq  stm32g4xx_ll_rcc.o
    0x08000f6c   0x08000f6c   0x000000b4   Code   RO         1024    i.LL_RCC_GetUSARTClockFreq  stm32g4xx_ll_rcc.o
    0x08001020   0x08001020   0x00000010   Code   RO         1026    i.LL_RCC_HSI_IsReady  stm32g4xx_ll_rcc.o
    0x08001030   0x08001030   0x00000010   Code   RO         1027    i.LL_RCC_LSE_IsReady  stm32g4xx_ll_rcc.o
    0x08001040   0x08001040   0x00000020   Code   RO           40    i.LL_RCC_SetADCClockSource  main.o
    0x08001060   0x08001060   0x00000014   Code   RO           41    i.LL_RCC_SetAHBPrescaler  main.o
    0x08001074   0x08001074   0x00000024   Code   RO           42    i.LL_RCC_SetI2CClockSource  main.o
    0x08001098   0x08001098   0x00000018   Code   RO           43    i.LL_RCC_SetUSARTClockSource  main.o
    0x080010b0   0x080010b0   0x00000076   Code   RO         1295    i.LL_SPI_Init       stm32g4xx_ll_spi.o
    0x08001126   0x08001126   0x00000002   PAD
    0x08001128   0x08001128   0x0000000c   Code   RO          667    i.LL_SetSystemCoreClock  stm32g4xx_ll_utils.o
    0x08001134   0x08001134   0x00000078   Code   RO         1384    i.LL_TIM_BDTR_Init  stm32g4xx_ll_tim.o
    0x080011ac   0x080011ac   0x0000007c   Code   RO           44    i.LL_TIM_IC_SetActiveInput  main.o
    0x08001228   0x08001228   0x0000007c   Code   RO           45    i.LL_TIM_IC_SetFilter  main.o
    0x080012a4   0x080012a4   0x00000070   Code   RO           46    i.LL_TIM_IC_SetPolarity  main.o
    0x08001314   0x08001314   0x0000007c   Code   RO           47    i.LL_TIM_IC_SetPrescaler  main.o
    0x08001390   0x08001390   0x000000ac   Code   RO         1393    i.LL_TIM_Init       stm32g4xx_ll_tim.o
    0x0800143c   0x0800143c   0x00000074   Code   RO           48    i.LL_TIM_OC_DisableFast  main.o
    0x080014b0   0x080014b0   0x00000074   Code   RO           49    i.LL_TIM_OC_EnablePreload  main.o
    0x08001524   0x08001524   0x0000014c   Code   RO         1394    i.LL_TIM_OC_Init    stm32g4xx_ll_tim.o
    0x08001670   0x08001670   0x0000007c   Code   RO         1622    i.LL_TIM_OC_SetMode  mcconfig.o
    0x080016ec   0x080016ec   0x0000002e   Code   RO           50    i.LL_TIM_SetBreakInputSourcePolarity  main.o
    0x0800171a   0x0800171a   0x00000002   PAD
    0x0800171c   0x0800171c   0x00000010   Code   RO           51    i.LL_TIM_SetTriggerOutput  main.o
    0x0800172c   0x0800172c   0x000000e8   Code   RO         1522    i.LL_USART_Init     stm32g4xx_ll_usart.o
    0x08001814   0x08001814   0x0000001a   Code   RO           52    i.LL_USART_SetRXFIFOThreshold  main.o
    0x0800182e   0x0800182e   0x00000002   PAD
    0x08001830   0x08001830   0x00000016   Code   RO           53    i.LL_USART_SetTXFIFOThreshold  main.o
    0x08001846   0x08001846   0x00000002   PAD
    0x08001848   0x08001848   0x000001c0   Code   RO           54    i.MX_ADC1_Init      main.o
    0x08001a08   0x08001a08   0x00000140   Code   RO           55    i.MX_ADC2_Init      main.o
    0x08001b48   0x08001b48   0x000000a4   Code   RO           56    i.MX_COMP1_Init     main.o
    0x08001bec   0x08001bec   0x00000080   Code   RO           57    i.MX_COMP2_Init     main.o
    0x08001c6c   0x08001c6c   0x00000084   Code   RO           58    i.MX_COMP3_Init     main.o
    0x08001cf0   0x08001cf0   0x00000080   Code   RO           59    i.MX_COMP4_Init     main.o
    0x08001d70   0x08001d70   0x0000005c   Code   RO           60    i.MX_DAC1_Init      main.o
    0x08001dcc   0x08001dcc   0x00000084   Code   RO           61    i.MX_DAC3_Init      main.o
    0x08001e50   0x08001e50   0x00000080   Code   RO           62    i.MX_DMA_Init       main.o
    0x08001ed0   0x08001ed0   0x00000118   Code   RO           63    i.MX_GPIO_Init      main.o
    0x08001fe8   0x08001fe8   0x00000110   Code   RO           64    i.MX_I2C1_Init      main.o
    0x080020f8   0x080020f8   0x000000bc   Code   RO           65    i.MX_I2C3_Init      main.o
    0x080021b4   0x080021b4   0x00000114   Code   RO           66    i.MX_SPI2_Init      main.o
    0x080022c8   0x080022c8   0x000001fc   Code   RO           67    i.MX_TIM1_Init      main.o
    0x080024c4   0x080024c4   0x00000134   Code   RO           68    i.MX_TIM3_Init      main.o
    0x080025f8   0x080025f8   0x0000011c   Code   RO           69    i.MX_TIM8_Init      main.o
    0x08002714   0x08002714   0x00000178   Code   RO           70    i.MX_USART1_UART_Init  main.o
    0x0800288c   0x0800288c   0x000000d0   Code   RO           71    i.MX_USART3_UART_Init  main.o
    0x0800295c   0x0800295c   0x00000002   Code   RO          480    i.MemManage_Handler  stm32g4xx_it.o
    0x0800295e   0x0800295e   0x00000002   Code   RO          481    i.NMI_Handler       stm32g4xx_it.o
    0x08002960   0x08002960   0x00000032   Code   RO           72    i.NVIC_EncodePriority  main.o
    0x08002992   0x08002992   0x00000002   PAD
    0x08002994   0x08002994   0x00000098   Code   RO         1397    i.OC1Config         stm32g4xx_ll_tim.o
    0x08002a2c   0x08002a2c   0x000000a0   Code   RO         1398    i.OC2Config         stm32g4xx_ll_tim.o
    0x08002acc   0x08002acc   0x0000009c   Code   RO         1399    i.OC3Config         stm32g4xx_ll_tim.o
    0x08002b68   0x08002b68   0x000000a0   Code   RO         1400    i.OC4Config         stm32g4xx_ll_tim.o
    0x08002c08   0x08002c08   0x00000002   Code   RO          482    i.PendSV_Handler    stm32g4xx_it.o
    0x08002c0a   0x08002c0a   0x00000002   PAD
    0x08002c0c   0x08002c0c   0x00000020   Code   RO         1030    i.RCC_GetHCLKClockFreq  stm32g4xx_ll_rcc.o
    0x08002c2c   0x08002c2c   0x00000020   Code   RO         1031    i.RCC_GetPCLK1ClockFreq  stm32g4xx_ll_rcc.o
    0x08002c4c   0x08002c4c   0x00000020   Code   RO         1032    i.RCC_GetPCLK2ClockFreq  stm32g4xx_ll_rcc.o
    0x08002c6c   0x08002c6c   0x00000060   Code   RO         1033    i.RCC_GetSystemClockFreq  stm32g4xx_ll_rcc.o
    0x08002ccc   0x08002ccc   0x00000002   Code   RO          483    i.SVC_Handler       stm32g4xx_it.o
    0x08002cce   0x08002cce   0x00000002   PAD
    0x08002cd0   0x08002cd0   0x000001c8   Code   RO         1965    i.SafetyTask        mctask.o
    0x08002e98   0x08002e98   0x00000004   Code   RO          484    i.SysTick_Handler   stm32g4xx_it.o
    0x08002e9c   0x08002e9c   0x000000dc   Code   RO           73    i.SystemClock_Config  main.o
    0x08002f78   0x08002f78   0x00000010   Code   RO         1573    i.SystemInit        system_stm32g4xx.o
    0x08002f88   0x08002f88   0x00000024   Code   RO          485    i.TIM8_UP_IRQHandler  stm32g4xx_it.o
    0x08002fac   0x08002fac   0x00000002   Code   RO          486    i.UsageFault_Handler  stm32g4xx_it.o
    0x08002fae   0x08002fae   0x0000001a   Code   RO           74    i.__NVIC_EnableIRQ  main.o
    0x08002fc8   0x08002fc8   0x00000010   Code   RO           75    i.__NVIC_GetPriorityGrouping  main.o
    0x08002fd8   0x08002fd8   0x00000020   Code   RO           76    i.__NVIC_SetPriority  main.o
    0x08002ff8   0x08002ff8   0x0000001a   Code   RO         1926    i.intrp1d_l         mcmath.o
    0x08003012   0x08003012   0x00000002   PAD
    0x08003014   0x08003014   0x00000444   Code   RO           77    i.main              main.o
    0x08003458   0x08003458   0x00000048   Code   RO         1927    i.plook_evencg      mcmath.o
    0x080034a0   0x080034a0   0x0000003a   Code   RO         2039    i.reset_All         mcvar.o
    0x080034da   0x080034da   0x00000002   PAD
    0x080034dc   0x080034dc   0x0000002c   Code   RO         2040    i.reset_CurrentPICHandler  mcvar.o
    0x08003508   0x08003508   0x00000074   Code   RO         2041    i.reset_HFPIHandler  mcvar.o
    0x0800357c   0x0800357c   0x00000098   Code   RO         2042    i.reset_HFSIHandler  mcvar.o
    0x08003614   0x08003614   0x00000084   Code   RO         2043    i.reset_IncABZHandler  mcvar.o
    0x08003698   0x08003698   0x00000018   Code   RO         2044    i.reset_MCSysHandler  mcvar.o
    0x080036b0   0x080036b0   0x00000034   Code   RO         2045    i.reset_MotorParHandler  mcvar.o
    0x080036e4   0x080036e4   0x00000054   Code   RO         2046    i.reset_NSCheckHandler  mcvar.o
    0x08003738   0x08003738   0x00000058   Code   RO         2047    i.reset_NSIdentifyHandler  mcvar.o
    0x08003790   0x08003790   0x00000090   Code   RO         2048    i.reset_NonlinearFluxObsHandler  mcvar.o
    0x08003820   0x08003820   0x00000050   Code   RO         2049    i.reset_ParmeterHandler  mcvar.o
    0x08003870   0x08003870   0x00000050   Code   RO         2050    i.reset_SensorHandler  mcvar.o
    0x080038c0   0x080038c0   0x00000024   Code   RO         2051    i.reset_SpeedPICHandler  mcvar.o
    0x080038e4   0x080038e4   0x00000044   Code   RO         2052    i.reset_SvpwmHandler  mcvar.o
    0x08003928   0x08003928   0x0000000a   Code   RO         2240    x$fpl$fpinit        fz_wm.l(fpinit.o)
    0x08003932   0x08003932   0x0000002e   Data   RO           78    .constdata          main.o
    0x08003960   0x08003960   0x00000030   Data   RO         1524    .constdata          stm32g4xx_ll_usart.o
    0x08003990   0x08003990   0x00000010   Data   RO         1574    .constdata          system_stm32g4xx.o
    0x080039a0   0x080039a0   0x00000008   Data   RO         1575    .constdata          system_stm32g4xx.o
    0x080039a8   0x080039a8   0x0000001a   Data   RO         1625    .constdata          mcconfig.o
    0x080039c2   0x080039c2   0x00000002   PAD
    0x080039c4   0x080039c4   0x000003fc   Data   RO         1928    .constdata          mcmath.o
    0x08003dc0   0x08003dc0   0x00000040   Data   RO         2310    Region$$Table       anon$$obj.o


    Execution Region ER (Exec base: 0x10000000, Load base: 0x08003e48, Size: 0x00000bf0, Max: 0x00002800, ABSOLUTE)

    Exec Addr    Load Addr    Size         Type   Attr      Idx    E Section Name        Object

    0x10000000   0x08003e48   0x0000002c   Code   RO          471    .ccmram             stm32g4xx_it.o
    0x1000002c   0x08003e74   0x00000280   Code   RO         1610    .ccmram             mcconfig.o
    0x100002ac   0x080040f4   0x00000234   Code   RO         1925    .ccmram             mcmath.o
    0x100004e0   0x08004328   0x000005d4   Code   RO         1964    .ccmram             mctask.o
    0x10000ab4   0x080048fc   0x0000000a   Ven    RO         2322    Veneer$$Code        anon$$obj.o
    0x10000abe   0x08004906   0x0000000a   Ven    RO         2323    Veneer$$Code        anon$$obj.o
    0x10000ac8   0x08004910   0x0000000a   Ven    RO         2324    Veneer$$Code        anon$$obj.o
    0x10000ad2   0x0800491a   0x0000000a   Ven    RO         2325    Veneer$$Code        anon$$obj.o
    0x10000adc   0x08004924   0x0000000a   Ven    RO         2326    Veneer$$Code        anon$$obj.o
    0x10000ae6   0x0800492e   0x00000002   PAD
    0x10000ae8   0x08004930   0x000000ec   Data   RW         2054    .ccmram             mcvar.o
    0x10000bd4   0x08004a1c   0x00000004   Data   RW         2055    .ccmram             mcvar.o
    0x10000bd8   0x08004a20   0x00000004   Data   RW         2056    .ccmram             mcvar.o
    0x10000bdc   0x08004a24   0x00000004   Data   RW         2058    .ccmram             mcvar.o
    0x10000be0   0x08004a28   0x00000004   Data   RW         2059    .ccmram             mcvar.o
    0x10000be4   0x08004a2c   0x00000004   Data   RW         2060    .ccmram             mcvar.o
    0x10000be8   0x08004a30   0x00000004   Data   RW         2061    .ccmram             mcvar.o
    0x10000bec   0x08004a34   0x00000004   Data   RW         2062    .ccmram             mcvar.o


    Execution Region RW_IRAM1 (Exec base: 0x20000000, Load base: 0x08003e00, Size: 0x000008f8, Max: 0x00008000, ABSOLUTE)

    Exec Addr    Load Addr    Size         Type   Attr      Idx    E Section Name        Object

    0x20000000   0x08003e00   0x00000002   Data   RW           79    .data               main.o
    0x20000002   0x08003e02   0x00000002   PAD
    0x20000004   0x08003e04   0x00000004   Data   RW         1576    .data               system_stm32g4xx.o
    0x20000008   0x08003e08   0x00000024   Data   RW         1626    .data               mcconfig.o
    0x2000002c   0x08003e2c   0x00000004   PAD
    0x20000030   0x08003e30   0x00000018   Data   RW         1967    .data               mctask.o
    0x20000048        -       0x00000080   Zero   RW         1624    .bss                mcconfig.o
    0x200000c8        -       0x000001d0   Zero   RW         2053    .bss                mcvar.o
    0x20000298        -       0x00000060   Zero   RW         2182    .bss                c_w.l(libspace.o)
    0x200002f8        -       0x00000200   Zero   RW            2    HEAP                startup_stm32g431xx.o
    0x200004f8        -       0x00000400   Zero   RW            1    STACK               startup_stm32g431xx.o


==============================================================================

Image component sizes


      Code (inc. data)   RO Data    RW Data    ZI Data      Debug   Object Name

      7386        602         46          2          0     787629   main.o
      1648        174         26         36        128     626678   mcconfig.o
         0          0          0          0          0       4072   mcfluxobs.o
       662         26       1020          0          0      10152   mcmath.o
      1948        174          0         24          0       4796   mctask.o
      1158        212          0        264        464       9024   mcvar.o
        64         26        472          0       1536        840   startup_stm32g431xx.o
       172         28          0          0          0     122856   stm32g4xx_it.o
       272         14          0          0          0      79258   stm32g4xx_ll_adc.o
        52          6          0          0          0      10539   stm32g4xx_ll_comp.o
       152          0          0          0          0      21506   stm32g4xx_ll_dac.o
       324          6          0          0          0       7267   stm32g4xx_ll_exti.o
       310          0          0          0          0       7319   stm32g4xx_ll_gpio.o
       104          0          0          0          0      14514   stm32g4xx_ll_i2c.o
       496         60          0          0          0      28549   stm32g4xx_ll_rcc.o
       118          0          0          0          0      17210   stm32g4xx_ll_spi.o
      1252        168          0          0          0      58538   stm32g4xx_ll_tim.o
       232         26         48          0          0      27308   stm32g4xx_ll_usart.o
        38          6          0          0          0       7149   stm32g4xx_ll_utils.o
        16          4         24          4          0       1115   system_stm32g4xx.o

    ----------------------------------------------------------------------
     16502       1532       1702        336       2128    1846319   Object Totals
        70          0         64          0          0          0   (incl. Generated)
        28          0          2          6          0          0   (incl. Padding)

    ----------------------------------------------------------------------

      Code (inc. data)   RO Data    RW Data    ZI Data      Debug   Library Member Name

        90          0          0          0          0          0   __dczerorl2.o
         8          0          0          0          0         68   __main.o
         0          0          0          0          0          0   __rtentry.o
        12          0          0          0          0          0   __rtentry2.o
         6          0          0          0          0          0   __rtentry4.o
        52          8          0          0          0          0   __scatter.o
        26          0          0          0          0          0   __scatter_copy.o
        28          0          0          0          0          0   __scatter_zi.o
        18          0          0          0          0         80   exit.o
         6          0          0          0          0        152   heapauxi.o
         0          0          0          0          0          0   indicate_semi.o
         2          0          0          0          0          0   libinit.o
         6          0          0          0          0          0   libinit2.o
         2          0          0          0          0          0   libshutdown.o
         2          0          0          0          0          0   libshutdown2.o
         8          4          0          0         96         68   libspace.o
        78          0          0          0          0         80   rt_memclr_w.o
         2          0          0          0          0          0   rtexit.o
        10          0          0          0          0          0   rtexit2.o
        12          4          0          0          0         68   sys_exit.o
        74          0          0          0          0         80   sys_stackheap_outer.o
         2          0          0          0          0         68   use_no_semi.o
        10          0          0          0          0        116   fpinit.o

    ----------------------------------------------------------------------
       460         16          0          0         96        780   Library Totals
         6          0          0          0          0          0   (incl. Padding)

    ----------------------------------------------------------------------

      Code (inc. data)   RO Data    RW Data    ZI Data      Debug   Library Name

       444         16          0          0         96        664   c_w.l
        10          0          0          0          0        116   fz_wm.l

    ----------------------------------------------------------------------
       460         16          0          0         96        780   Library Totals

    ----------------------------------------------------------------------

==============================================================================


      Code (inc. data)   RO Data    RW Data    ZI Data      Debug   

     16962       1548       1702        336       2224    1833959   Grand Totals
     16962       1548       1702        336       2224    1833959   ELF Image Totals
     16962       1548       1702        336          0          0   ROM Totals

==============================================================================

    Total RO  Size (Code + RO Data)                18664 (  18.23kB)
    Total RW  Size (RW Data + ZI Data)              2560 (   2.50kB)
    Total ROM Size (Code + RO Data + RW Data)      19000 (  18.55kB)

==============================================================================

