<html>
<body>
<pre>
<h1>µVision Build Log</h1>
<h2>Tool Versions:</h2>
IDE-Version: ¦ÌVision V5.36.0.0
Copyright (C) 2021 ARM Ltd and ARM Germany GmbH. All rights reserved.
License Information: 1 ibm, 1, LIC=UJWP0-BE54N-TG17T-RUUNL-FY8S6-99VQC
 
Tool Versions:
Toolchain:       MDK-ARM Plus  Version: 5.36.0.0
Toolchain Path:  C:\Keil_v5\ARM\ARMCC\Bin
C Compiler:      Armcc.exe V5.06 update 7 (build 960)
Assembler:       Armasm.exe V5.06 update 7 (build 960)
Linker/Locator:  ArmLink.exe V5.06 update 7 (build 960)
Library Manager: ArmAr.exe V5.06 update 7 (build 960)
Hex Converter:   FromElf.exe V5.06 update 7 (build 960)
CPU DLL:         SARMCM3.DLL V5.36.0.0
Dialog DLL:      DCM.DLL V1.17.3.0
Target DLL:      Segger\JL2CM3.dll V2.99.40.0
Dialog DLL:      TCM.DLL V1.53.0.0
 
<h2>Project:</h2>
D:\stm32cube\stm32g431rbt6_mc_ABZ\MDK-ARM\stm32g431rbt6_mc_ABZ.uvprojx
Project File Date:  08/06/2024

<h2>Output:</h2>
*** Using Compiler 'V5.06 update 7 (build 960)', folder: 'C:\Keil_v5\ARM\ARMCC\Bin'
Build target 'stm32g431rbt6_mc_ABZ'
compiling stm32g4xx_ll_comp.c...
compiling stm32g4xx_ll_exti.c...
compiling stm32g4xx_ll_cordic.c...
compiling stm32g4xx_ll_crc.c...
compiling stm32g4xx_ll_gpio.c...
compiling stm32g4xx_ll_dac.c...
compiling stm32g4xx_ll_dma.c...
compiling stm32g4xx_ll_rcc.c...
compiling stm32g4xx_ll_utils.c...
compiling stm32g4xx_ll_adc.c...
compiling mcMath.c...
compiling mcParIdentify.c...
compiling mcTask.c...
compiling mcVar.c...
compiling mcHVSensorless.c...
compiling mcLVSensorless.c...
compiling mcSensor.c...
compiling mcDigitalFilter.c...
compiling system_stm32g4xx.c...
compiling stm32g4xx_ll_i2c.c...
compiling stm32g4xx_ll_pwr.c...
compiling SEGGER_RTT_printf.c...
compiling SEGGER_RTT.c...
compiling stm32g4xx_ll_spi.c...
compiling stm32g4xx_ll_tim.c...
compiling stm32g4xx_ll_usart.c...
compiling stm32g4xx_it.c...
compiling main.c...
compiling mcConfig.c...
linking...
Program Size: Code=22126 RO-data=1690 RW-data=220 ZI-data=4604  
FromELF: creating hex file...
"stm32g431rbt6_mc_ABZ\stm32g431rbt6_mc_ABZ.axf" - 0 Error(s), 0 Warning(s).

<h2>Software Packages used:</h2>

Package Vendor: ARM
                http://www.keil.com/pack/ARM.CMSIS.5.8.0.pack
                ARM.CMSIS.5.8.0
                CMSIS (Common Microcontroller Software Interface Standard)
   * Component: CORE Version: 5.5.0

Package Vendor: Keil
                https://www.keil.com/pack/Keil.STM32G4xx_DFP.1.5.0.pack
                Keil.STM32G4xx_DFP.1.5.0
                STMicroelectronics STM32G4 Series Device Support, Drivers and Examples

<h2>Collection of Component include folders:</h2>
  .\RTE\_stm32g431rbt6_mc_ABZ
  C:\Keil_v5\ARM\PACK\ARM\CMSIS\5.8.0\CMSIS\Core\Include
  C:\Keil_v5\ARM\PACK\Keil\STM32G4xx_DFP\1.5.0\Drivers\CMSIS\Device\ST\STM32G4xx\Include

<h2>Collection of Component Files used:</h2>

   * Component: ARM::CMSIS:CORE:5.5.0
      Include file:  CMSIS\Core\Include\tz_context.h
Build Time Elapsed:  00:00:05
</pre>
</body>
</html>
